21:45:39 **** Build of configuration Debug for project main ****
make -j8 all 
arm-none-eabi-gcc "../Drivers/STM32C0xx_HAL_Driver/Src/stm32c0xx_hal.c" -mcpu=cortex-m0plus -std=gnu11 -g3 -DDEBUG -DUSE_HAL_DRIVER -DSTM32C011xx -c -I../Core/Inc -I../Drivers/STM32C0xx_HAL_Driver/Inc -I../Drivers/STM32C0xx_HAL_Driver/Inc/Legacy -I../Drivers/CMSIS/Device/ST/STM32C0xx/Include -I../Drivers/CMSIS/Include -O0 -ffunction-sections -fdata-sections -Wall -fstack-usage -fcyclomatic-complexity -MMD -MP -MF"Drivers/STM32C0xx_HAL_Driver/Src/stm32c0xx_hal.d" -MT"Drivers/STM32C0xx_HAL_Driver/Src/stm32c0xx_hal.o" --specs=nano.specs -mfloat-abi=soft -mthumb -o "Drivers/STM32C0xx_HAL_Driver/Src/stm32c0xx_hal.o"
arm-none-eabi-gcc "../Drivers/STM32C0xx_HAL_Driver/Src/stm32c0xx_hal_cortex.c" -mcpu=cortex-m0plus -std=gnu11 -g3 -DDEBUG -DUSE_HAL_DRIVER -DSTM32C011xx -c -I../Core/Inc -I../Drivers/STM32C0xx_HAL_Driver/Inc -I../Drivers/STM32C0xx_HAL_Driver/Inc/Legacy -I../Drivers/CMSIS/Device/ST/STM32C0xx/Include -I../Drivers/CMSIS/Include -O0 -ffunction-sections -fdata-sections -Wall -fstack-usage -fcyclomatic-complexity -MMD -MP -MF"Drivers/STM32C0xx_HAL_Driver/Src/stm32c0xx_hal_cortex.d" -MT"Drivers/STM32C0xx_HAL_Driver/Src/stm32c0xx_hal_cortex.o" --specs=nano.specs -mfloat-abi=soft -mthumb -o "Drivers/STM32C0xx_HAL_Driver/Src/stm32c0xx_hal_cortex.o"
arm-none-eabi-gcc "../Drivers/STM32C0xx_HAL_Driver/Src/stm32c0xx_hal_dma.c" -mcpu=cortex-m0plus -std=gnu11 -g3 -DDEBUG -DUSE_HAL_DRIVER -DSTM32C011xx -c -I../Core/Inc -I../Drivers/STM32C0xx_HAL_Driver/Inc -I../Drivers/STM32C0xx_HAL_Driver/Inc/Legacy -I../Drivers/CMSIS/Device/ST/STM32C0xx/Include -I../Drivers/CMSIS/Include -O0 -ffunction-sections -fdata-sections -Wall -fstack-usage -fcyclomatic-complexity -MMD -MP -MF"Drivers/STM32C0xx_HAL_Driver/Src/stm32c0xx_hal_dma.d" -MT"Drivers/STM32C0xx_HAL_Driver/Src/stm32c0xx_hal_dma.o" --specs=nano.specs -mfloat-abi=soft -mthumb -o "Drivers/STM32C0xx_HAL_Driver/Src/stm32c0xx_hal_dma.o"
arm-none-eabi-gcc "../Drivers/STM32C0xx_HAL_Driver/Src/stm32c0xx_hal_dma_ex.c" -mcpu=cortex-m0plus -std=gnu11 -g3 -DDEBUG -DUSE_HAL_DRIVER -DSTM32C011xx -c -I../Core/Inc -I../Drivers/STM32C0xx_HAL_Driver/Inc -I../Drivers/STM32C0xx_HAL_Driver/Inc/Legacy -I../Drivers/CMSIS/Device/ST/STM32C0xx/Include -I../Drivers/CMSIS/Include -O0 -ffunction-sections -fdata-sections -Wall -fstack-usage -fcyclomatic-complexity -MMD -MP -MF"Drivers/STM32C0xx_HAL_Driver/Src/stm32c0xx_hal_dma_ex.d" -MT"Drivers/STM32C0xx_HAL_Driver/Src/stm32c0xx_hal_dma_ex.o" --specs=nano.specs -mfloat-abi=soft -mthumb -o "Drivers/STM32C0xx_HAL_Driver/Src/stm32c0xx_hal_dma_ex.o"
arm-none-eabi-gcc "../Drivers/STM32C0xx_HAL_Driver/Src/stm32c0xx_hal_exti.c" -mcpu=cortex-m0plus -std=gnu11 -g3 -DDEBUG -DUSE_HAL_DRIVER -DSTM32C011xx -c -I../Core/Inc -I../Drivers/STM32C0xx_HAL_Driver/Inc -I../Drivers/STM32C0xx_HAL_Driver/Inc/Legacy -I../Drivers/CMSIS/Device/ST/STM32C0xx/Include -I../Drivers/CMSIS/Include -O0 -ffunction-sections -fdata-sections -Wall -fstack-usage -fcyclomatic-complexity -MMD -MP -MF"Drivers/STM32C0xx_HAL_Driver/Src/stm32c0xx_hal_exti.d" -MT"Drivers/STM32C0xx_HAL_Driver/Src/stm32c0xx_hal_exti.o" --specs=nano.specs -mfloat-abi=soft -mthumb -o "Drivers/STM32C0xx_HAL_Driver/Src/stm32c0xx_hal_exti.o"
arm-none-eabi-gcc "../Drivers/STM32C0xx_HAL_Driver/Src/stm32c0xx_hal_flash.c" -mcpu=cortex-m0plus -std=gnu11 -g3 -DDEBUG -DUSE_HAL_DRIVER -DSTM32C011xx -c -I../Core/Inc -I../Drivers/STM32C0xx_HAL_Driver/Inc -I../Drivers/STM32C0xx_HAL_Driver/Inc/Legacy -I../Drivers/CMSIS/Device/ST/STM32C0xx/Include -I../Drivers/CMSIS/Include -O0 -ffunction-sections -fdata-sections -Wall -fstack-usage -fcyclomatic-complexity -MMD -MP -MF"Drivers/STM32C0xx_HAL_Driver/Src/stm32c0xx_hal_flash.d" -MT"Drivers/STM32C0xx_HAL_Driver/Src/stm32c0xx_hal_flash.o" --specs=nano.specs -mfloat-abi=soft -mthumb -o "Drivers/STM32C0xx_HAL_Driver/Src/stm32c0xx_hal_flash.o"
arm-none-eabi-gcc "../Drivers/STM32C0xx_HAL_Driver/Src/stm32c0xx_hal_flash_ex.c" -mcpu=cortex-m0plus -std=gnu11 -g3 -DDEBUG -DUSE_HAL_DRIVER -DSTM32C011xx -c -I../Core/Inc -I../Drivers/STM32C0xx_HAL_Driver/Inc -I../Drivers/STM32C0xx_HAL_Driver/Inc/Legacy -I../Drivers/CMSIS/Device/ST/STM32C0xx/Include -I../Drivers/CMSIS/Include -O0 -ffunction-sections -fdata-sections -Wall -fstack-usage -fcyclomatic-complexity -MMD -MP -MF"Drivers/STM32C0xx_HAL_Driver/Src/stm32c0xx_hal_flash_ex.d" -MT"Drivers/STM32C0xx_HAL_Driver/Src/stm32c0xx_hal_flash_ex.o" --specs=nano.specs -mfloat-abi=soft -mthumb -o "Drivers/STM32C0xx_HAL_Driver/Src/stm32c0xx_hal_flash_ex.o"
arm-none-eabi-gcc "../Drivers/STM32C0xx_HAL_Driver/Src/stm32c0xx_hal_gpio.c" -mcpu=cortex-m0plus -std=gnu11 -g3 -DDEBUG -DUSE_HAL_DRIVER -DSTM32C011xx -c -I../Core/Inc -I../Drivers/STM32C0xx_HAL_Driver/Inc -I../Drivers/STM32C0xx_HAL_Driver/Inc/Legacy -I../Drivers/CMSIS/Device/ST/STM32C0xx/Include -I../Drivers/CMSIS/Include -O0 -ffunction-sections -fdata-sections -Wall -fstack-usage -fcyclomatic-complexity -MMD -MP -MF"Drivers/STM32C0xx_HAL_Driver/Src/stm32c0xx_hal_gpio.d" -MT"Drivers/STM32C0xx_HAL_Driver/Src/stm32c0xx_hal_gpio.o" --specs=nano.specs -mfloat-abi=soft -mthumb -o "Drivers/STM32C0xx_HAL_Driver/Src/stm32c0xx_hal_gpio.o"
arm-none-eabi-gcc "../Drivers/STM32C0xx_HAL_Driver/Src/stm32c0xx_hal_i2c.c" -mcpu=cortex-m0plus -std=gnu11 -g3 -DDEBUG -DUSE_HAL_DRIVER -DSTM32C011xx -c -I../Core/Inc -I../Drivers/STM32C0xx_HAL_Driver/Inc -I../Drivers/STM32C0xx_HAL_Driver/Inc/Legacy -I../Drivers/CMSIS/Device/ST/STM32C0xx/Include -I../Drivers/CMSIS/Include -O0 -ffunction-sections -fdata-sections -Wall -fstack-usage -fcyclomatic-complexity -MMD -MP -MF"Drivers/STM32C0xx_HAL_Driver/Src/stm32c0xx_hal_i2c.d" -MT"Drivers/STM32C0xx_HAL_Driver/Src/stm32c0xx_hal_i2c.o" --specs=nano.specs -mfloat-abi=soft -mthumb -o "Drivers/STM32C0xx_HAL_Driver/Src/stm32c0xx_hal_i2c.o"
arm-none-eabi-gcc "../Drivers/STM32C0xx_HAL_Driver/Src/stm32c0xx_hal_i2c_ex.c" -mcpu=cortex-m0plus -std=gnu11 -g3 -DDEBUG -DUSE_HAL_DRIVER -DSTM32C011xx -c -I../Core/Inc -I../Drivers/STM32C0xx_HAL_Driver/Inc -I../Drivers/STM32C0xx_HAL_Driver/Inc/Legacy -I../Drivers/CMSIS/Device/ST/STM32C0xx/Include -I../Drivers/CMSIS/Include -O0 -ffunction-sections -fdata-sections -Wall -fstack-usage -fcyclomatic-complexity -MMD -MP -MF"Drivers/STM32C0xx_HAL_Driver/Src/stm32c0xx_hal_i2c_ex.d" -MT"Drivers/STM32C0xx_HAL_Driver/Src/stm32c0xx_hal_i2c_ex.o" --specs=nano.specs -mfloat-abi=soft -mthumb -o "Drivers/STM32C0xx_HAL_Driver/Src/stm32c0xx_hal_i2c_ex.o"
arm-none-eabi-gcc "../Drivers/STM32C0xx_HAL_Driver/Src/stm32c0xx_hal_pwr.c" -mcpu=cortex-m0plus -std=gnu11 -g3 -DDEBUG -DUSE_HAL_DRIVER -DSTM32C011xx -c -I../Core/Inc -I../Drivers/STM32C0xx_HAL_Driver/Inc -I../Drivers/STM32C0xx_HAL_Driver/Inc/Legacy -I../Drivers/CMSIS/Device/ST/STM32C0xx/Include -I../Drivers/CMSIS/Include -O0 -ffunction-sections -fdata-sections -Wall -fstack-usage -fcyclomatic-complexity -MMD -MP -MF"Drivers/STM32C0xx_HAL_Driver/Src/stm32c0xx_hal_pwr.d" -MT"Drivers/STM32C0xx_HAL_Driver/Src/stm32c0xx_hal_pwr.o" --specs=nano.specs -mfloat-abi=soft -mthumb -o "Drivers/STM32C0xx_HAL_Driver/Src/stm32c0xx_hal_pwr.o"
arm-none-eabi-gcc "../Drivers/STM32C0xx_HAL_Driver/Src/stm32c0xx_hal_pwr_ex.c" -mcpu=cortex-m0plus -std=gnu11 -g3 -DDEBUG -DUSE_HAL_DRIVER -DSTM32C011xx -c -I../Core/Inc -I../Drivers/STM32C0xx_HAL_Driver/Inc -I../Drivers/STM32C0xx_HAL_Driver/Inc/Legacy -I../Drivers/CMSIS/Device/ST/STM32C0xx/Include -I../Drivers/CMSIS/Include -O0 -ffunction-sections -fdata-sections -Wall -fstack-usage -fcyclomatic-complexity -MMD -MP -MF"Drivers/STM32C0xx_HAL_Driver/Src/stm32c0xx_hal_pwr_ex.d" -MT"Drivers/STM32C0xx_HAL_Driver/Src/stm32c0xx_hal_pwr_ex.o" --specs=nano.specs -mfloat-abi=soft -mthumb -o "Drivers/STM32C0xx_HAL_Driver/Src/stm32c0xx_hal_pwr_ex.o"
arm-none-eabi-gcc "../Drivers/STM32C0xx_HAL_Driver/Src/stm32c0xx_hal_rcc.c" -mcpu=cortex-m0plus -std=gnu11 -g3 -DDEBUG -DUSE_HAL_DRIVER -DSTM32C011xx -c -I../Core/Inc -I../Drivers/STM32C0xx_HAL_Driver/Inc -I../Drivers/STM32C0xx_HAL_Driver/Inc/Legacy -I../Drivers/CMSIS/Device/ST/STM32C0xx/Include -I../Drivers/CMSIS/Include -O0 -ffunction-sections -fdata-sections -Wall -fstack-usage -fcyclomatic-complexity -MMD -MP -MF"Drivers/STM32C0xx_HAL_Driver/Src/stm32c0xx_hal_rcc.d" -MT"Drivers/STM32C0xx_HAL_Driver/Src/stm32c0xx_hal_rcc.o" --specs=nano.specs -mfloat-abi=soft -mthumb -o "Drivers/STM32C0xx_HAL_Driver/Src/stm32c0xx_hal_rcc.o"
arm-none-eabi-gcc "../Drivers/STM32C0xx_HAL_Driver/Src/stm32c0xx_hal_rcc_ex.c" -mcpu=cortex-m0plus -std=gnu11 -g3 -DDEBUG -DUSE_HAL_DRIVER -DSTM32C011xx -c -I../Core/Inc -I../Drivers/STM32C0xx_HAL_Driver/Inc -I../Drivers/STM32C0xx_HAL_Driver/Inc/Legacy -I../Drivers/CMSIS/Device/ST/STM32C0xx/Include -I../Drivers/CMSIS/Include -O0 -ffunction-sections -fdata-sections -Wall -fstack-usage -fcyclomatic-complexity -MMD -MP -MF"Drivers/STM32C0xx_HAL_Driver/Src/stm32c0xx_hal_rcc_ex.d" -MT"Drivers/STM32C0xx_HAL_Driver/Src/stm32c0xx_hal_rcc_ex.o" --specs=nano.specs -mfloat-abi=soft -mthumb -o "Drivers/STM32C0xx_HAL_Driver/Src/stm32c0xx_hal_rcc_ex.o"
arm-none-eabi-gcc "../Drivers/STM32C0xx_HAL_Driver/Src/stm32c0xx_hal_tim.c" -mcpu=cortex-m0plus -std=gnu11 -g3 -DDEBUG -DUSE_HAL_DRIVER -DSTM32C011xx -c -I../Core/Inc -I../Drivers/STM32C0xx_HAL_Driver/Inc -I../Drivers/STM32C0xx_HAL_Driver/Inc/Legacy -I../Drivers/CMSIS/Device/ST/STM32C0xx/Include -I../Drivers/CMSIS/Include -O0 -ffunction-sections -fdata-sections -Wall -fstack-usage -fcyclomatic-complexity -MMD -MP -MF"Drivers/STM32C0xx_HAL_Driver/Src/stm32c0xx_hal_tim.d" -MT"Drivers/STM32C0xx_HAL_Driver/Src/stm32c0xx_hal_tim.o" --specs=nano.specs -mfloat-abi=soft -mthumb -o "Drivers/STM32C0xx_HAL_Driver/Src/stm32c0xx_hal_tim.o"
arm-none-eabi-gcc "../Drivers/STM32C0xx_HAL_Driver/Src/stm32c0xx_hal_tim_ex.c" -mcpu=cortex-m0plus -std=gnu11 -g3 -DDEBUG -DUSE_HAL_DRIVER -DSTM32C011xx -c -I../Core/Inc -I../Drivers/STM32C0xx_HAL_Driver/Inc -I../Drivers/STM32C0xx_HAL_Driver/Inc/Legacy -I../Drivers/CMSIS/Device/ST/STM32C0xx/Include -I../Drivers/CMSIS/Include -O0 -ffunction-sections -fdata-sections -Wall -fstack-usage -fcyclomatic-complexity -MMD -MP -MF"Drivers/STM32C0xx_HAL_Driver/Src/stm32c0xx_hal_tim_ex.d" -MT"Drivers/STM32C0xx_HAL_Driver/Src/stm32c0xx_hal_tim_ex.o" --specs=nano.specs -mfloat-abi=soft -mthumb -o "Drivers/STM32C0xx_HAL_Driver/Src/stm32c0xx_hal_tim_ex.o"
arm-none-eabi-gcc -mcpu=cortex-m0plus -g3 -DDEBUG -c -x assembler-with-cpp -MMD -MP -MF"Core/Startup/startup_stm32c011f4px.d" -MT"Core/Startup/startup_stm32c011f4px.o" --specs=nano.specs -mfloat-abi=soft -mthumb -o "Core/Startup/startup_stm32c011f4px.o" "../Core/Startup/startup_stm32c011f4px.s"
arm-none-eabi-gcc "../Core/Src/initial_operation.c" -mcpu=cortex-m0plus -std=gnu11 -g3 -DDEBUG -DUSE_HAL_DRIVER -DSTM32C011xx -c -I../Core/Inc -I../Drivers/STM32C0xx_HAL_Driver/Inc -I../Drivers/STM32C0xx_HAL_Driver/Inc/Legacy -I../Drivers/CMSIS/Device/ST/STM32C0xx/Include -I../Drivers/CMSIS/Include -O0 -ffunction-sections -fdata-sections -Wall -fstack-usage -fcyclomatic-complexity -MMD -MP -MF"Core/Src/initial_operation.d" -MT"Core/Src/initial_operation.o" --specs=nano.specs -mfloat-abi=soft -mthumb -o "Core/Src/initial_operation.o"
arm-none-eabi-gcc "../Core/Src/main.c" -mcpu=cortex-m0plus -std=gnu11 -g3 -DDEBUG -DUSE_HAL_DRIVER -DSTM32C011xx -c -I../Core/Inc -I../Drivers/STM32C0xx_HAL_Driver/Inc -I../Drivers/STM32C0xx_HAL_Driver/Inc/Legacy -I../Drivers/CMSIS/Device/ST/STM32C0xx/Include -I../Drivers/CMSIS/Include -O0 -ffunction-sections -fdata-sections -Wall -fstack-usage -fcyclomatic-complexity -MMD -MP -MF"Core/Src/main.d" -MT"Core/Src/main.o" --specs=nano.specs -mfloat-abi=soft -mthumb -o "Core/Src/main.o"
arm-none-eabi-gcc "../Core/Src/motion.c" -mcpu=cortex-m0plus -std=gnu11 -g3 -DDEBUG -DUSE_HAL_DRIVER -DSTM32C011xx -c -I../Core/Inc -I../Drivers/STM32C0xx_HAL_Driver/Inc -I../Drivers/STM32C0xx_HAL_Driver/Inc/Legacy -I../Drivers/CMSIS/Device/ST/STM32C0xx/Include -I../Drivers/CMSIS/Include -O0 -ffunction-sections -fdata-sections -Wall -fstack-usage -fcyclomatic-complexity -MMD -MP -MF"Core/Src/motion.d" -MT"Core/Src/motion.o" --specs=nano.specs -mfloat-abi=soft -mthumb -o "Core/Src/motion.o"
arm-none-eabi-gcc "../Core/Src/stm32c0xx_hal_msp.c" -mcpu=cortex-m0plus -std=gnu11 -g3 -DDEBUG -DUSE_HAL_DRIVER -DSTM32C011xx -c -I../Core/Inc -I../Drivers/STM32C0xx_HAL_Driver/Inc -I../Drivers/STM32C0xx_HAL_Driver/Inc/Legacy -I../Drivers/CMSIS/Device/ST/STM32C0xx/Include -I../Drivers/CMSIS/Include -O0 -ffunction-sections -fdata-sections -Wall -fstack-usage -fcyclomatic-complexity -MMD -MP -MF"Core/Src/stm32c0xx_hal_msp.d" -MT"Core/Src/stm32c0xx_hal_msp.o" --specs=nano.specs -mfloat-abi=soft -mthumb -o "Core/Src/stm32c0xx_hal_msp.o"
arm-none-eabi-gcc "../Core/Src/stm32c0xx_it.c" -mcpu=cortex-m0plus -std=gnu11 -g3 -DDEBUG -DUSE_HAL_DRIVER -DSTM32C011xx -c -I../Core/Inc -I../Drivers/STM32C0xx_HAL_Driver/Inc -I../Drivers/STM32C0xx_HAL_Driver/Inc/Legacy -I../Drivers/CMSIS/Device/ST/STM32C0xx/Include -I../Drivers/CMSIS/Include -O0 -ffunction-sections -fdata-sections -Wall -fstack-usage -fcyclomatic-complexity -MMD -MP -MF"Core/Src/stm32c0xx_it.d" -MT"Core/Src/stm32c0xx_it.o" --specs=nano.specs -mfloat-abi=soft -mthumb -o "Core/Src/stm32c0xx_it.o"
arm-none-eabi-gcc "../Core/Src/syscalls.c" -mcpu=cortex-m0plus -std=gnu11 -g3 -DDEBUG -DUSE_HAL_DRIVER -DSTM32C011xx -c -I../Core/Inc -I../Drivers/STM32C0xx_HAL_Driver/Inc -I../Drivers/STM32C0xx_HAL_Driver/Inc/Legacy -I../Drivers/CMSIS/Device/ST/STM32C0xx/Include -I../Drivers/CMSIS/Include -O0 -ffunction-sections -fdata-sections -Wall -fstack-usage -fcyclomatic-complexity -MMD -MP -MF"Core/Src/syscalls.d" -MT"Core/Src/syscalls.o" --specs=nano.specs -mfloat-abi=soft -mthumb -o "Core/Src/syscalls.o"
arm-none-eabi-gcc "../Core/Src/sysmem.c" -mcpu=cortex-m0plus -std=gnu11 -g3 -DDEBUG -DUSE_HAL_DRIVER -DSTM32C011xx -c -I../Core/Inc -I../Drivers/STM32C0xx_HAL_Driver/Inc -I../Drivers/STM32C0xx_HAL_Driver/Inc/Legacy -I../Drivers/CMSIS/Device/ST/STM32C0xx/Include -I../Drivers/CMSIS/Include -O0 -ffunction-sections -fdata-sections -Wall -fstack-usage -fcyclomatic-complexity -MMD -MP -MF"Core/Src/sysmem.d" -MT"Core/Src/sysmem.o" --specs=nano.specs -mfloat-abi=soft -mthumb -o "Core/Src/sysmem.o"
../Core/Src/initial_operation.c: In function 'Check_I2C_to_ESP32':
../Core/Src/initial_operation.c:15:9: error: unknown type name 'HAL_StatisTypeDef'; did you mean 'HAL_StatusTypeDef'?
   15 |         HAL_StatisTypeDef status;
      |         ^~~~~~~~~~~~~~~~~
      |         HAL_StatusTypeDef
../Core/Src/initial_operation.c:15:27: error: 'status' redeclared as different kind of symbol
   15 |         HAL_StatisTypeDef status;
      |                           ^~~~~~
../Core/Src/initial_operation.c:13:46: note: previous definition of 'status' with type 'uint8_t' {aka 'unsigned char'}
   13 | HAL_StatusTypeDef Check_I2C_to_ESP32(uint8_t status){
      |                                      ~~~~~~~~^~~~~~
../Core/Src/initial_operation.c:16:44: error: 'hi2c1' undeclared (first use in this function)
   16 |         if(status = HAL_I2C_Slave_Receive(&hi2c1, buf, sizeof(buf), CHECK_MAX_DELAY) == HAL_OK){
      |                                            ^~~~~
../Core/Src/initial_operation.c:16:44: note: each undeclared identifier is reported only once for each function it appears in
../Core/Src/initial_operation.c:16:51: error: 'buf' undeclared (first use in this function)
   16 |         if(status = HAL_I2C_Slave_Receive(&hi2c1, buf, sizeof(buf), CHECK_MAX_DELAY) == HAL_OK){
      |                                                   ^~~
../Core/Src/initial_operation.c:17:20: warning: implicit declaration of function 'strcmp' [-Wimplicit-function-declaration]
   17 |                 if(strcmp(message,"Check_STM")){
      |                    ^~~~~~
../Core/Src/initial_operation.c:10:1: note: include '<string.h>' or provide a declaration of 'strcmp'
    9 | #include "main.h"
  +++ |+#include <string.h>
   10 | 
../Core/Src/initial_operation.c:17:27: warning: pointer targets in passing argument 1 of 'strcmp' differ in signedness [-Wpointer-sign]
   17 |                 if(strcmp(message,"Check_STM")){
      |                           ^~~~~~~
      |                           |
      |                           uint8_t * {aka unsigned char *}
../Core/Src/initial_operation.c:17:27: note: expected 'const char *' but argument is of type 'uint8_t *' {aka 'unsigned char *'}
../Core/Src/initial_operation.c:27:27: error: 'DBGMCU' undeclared (first use in this function)
   27 |         uint16_t dev_id = DBGMCU->IDCODE & 0x0FFF;
      |                           ^~~~~~
../Core/Src/initial_operation.c:39:59: error: empty character constant
   39 |                 for(int i=1;i < sizeof(buf);i++) buf[i] = '';
      |                                                           ^~
../Core/Src/initial_operation.c:43:1: warning: control reaches end of non-void function [-Wreturn-type]
   43 | }
      | ^
arm-none-eabi-gcc "../Core/Src/system_stm32c0xx.c" -mcpu=cortex-m0plus -std=gnu11 -g3 -DDEBUG -DUSE_HAL_DRIVER -DSTM32C011xx -c -I../Core/Inc -I../Drivers/STM32C0xx_HAL_Driver/Inc -I../Drivers/STM32C0xx_HAL_Driver/Inc/Legacy -I../Drivers/CMSIS/Device/ST/STM32C0xx/Include -I../Drivers/CMSIS/Include -O0 -ffunction-sections -fdata-sections -Wall -fstack-usage -fcyclomatic-complexity -MMD -MP -MF"Core/Src/system_stm32c0xx.d" -MT"Core/Src/system_stm32c0xx.o" --specs=nano.specs -mfloat-abi=soft -mthumb -o "Core/Src/system_stm32c0xx.o"
make: *** [Core/Src/subdir.mk:40: Core/Src/initial_operation.o] Error 1
make: *** Waiting for unfinished jobs....
"make -j8 all" terminated with exit code 2. Build might be incomplete.
21:51:00 **** Incremental Build of configuration Debug for project main ****
make -j8 all 
arm-none-eabi-gcc "../Core/Src/initial_operation.c" -mcpu=cortex-m0plus -std=gnu11 -g3 -DDEBUG -DUSE_HAL_DRIVER -DSTM32C011xx -c -I../Core/Inc -I../Drivers/STM32C0xx_HAL_Driver/Inc -I../Drivers/STM32C0xx_HAL_Driver/Inc/Legacy -I../Drivers/CMSIS/Device/ST/STM32C0xx/Include -I../Drivers/CMSIS/Include -O0 -ffunction-sections -fdata-sections -Wall -fstack-usage -fcyclomatic-complexity -MMD -MP -MF"Core/Src/initial_operation.d" -MT"Core/Src/initial_operation.o" --specs=nano.specs -mfloat-abi=soft -mthumb -o "Core/Src/initial_operation.o"
arm-none-eabi-gcc "../Core/Src/main.c" -mcpu=cortex-m0plus -std=gnu11 -g3 -DDEBUG -DUSE_HAL_DRIVER -DSTM32C011xx -c -I../Core/Inc -I../Drivers/STM32C0xx_HAL_Driver/Inc -I../Drivers/STM32C0xx_HAL_Driver/Inc/Legacy -I../Drivers/CMSIS/Device/ST/STM32C0xx/Include -I../Drivers/CMSIS/Include -O0 -ffunction-sections -fdata-sections -Wall -fstack-usage -fcyclomatic-complexity -MMD -MP -MF"Core/Src/main.d" -MT"Core/Src/main.o" --specs=nano.specs -mfloat-abi=soft -mthumb -o "Core/Src/main.o"
../Core/Src/initial_operation.c: In function 'Check_I2C_to_ESP32':
../Core/Src/initial_operation.c:16:45: error: 'hi2c1' undeclared (first use in this function)
   16 |         if(i2cstat = HAL_I2C_Slave_Receive(&hi2c1, buf, sizeof(buf), CHECK_MAX_DELAY) == HAL_OK){
      |                                             ^~~~~
../Core/Src/initial_operation.c:16:45: note: each undeclared identifier is reported only once for each function it appears in
../Core/Src/initial_operation.c:16:52: error: 'buf' undeclared (first use in this function)
   16 |         if(i2cstat = HAL_I2C_Slave_Receive(&hi2c1, buf, sizeof(buf), CHECK_MAX_DELAY) == HAL_OK){
      |                                                    ^~~
../Core/Src/initial_operation.c:17:20: warning: implicit declaration of function 'strcmp' [-Wimplicit-function-declaration]
   17 |                 if(strcmp(message,"Check_STM")){
      |                    ^~~~~~
../Core/Src/initial_operation.c:10:1: note: include '<string.h>' or provide a declaration of 'strcmp'
    9 | #include "main.h"
  +++ |+#include <string.h>
   10 | 
../Core/Src/initial_operation.c:17:27: warning: pointer targets in passing argument 1 of 'strcmp' differ in signedness [-Wpointer-sign]
   17 |                 if(strcmp(message,"Check_STM")){
      |                           ^~~~~~~
      |                           |
      |                           uint8_t * {aka unsigned char *}
../Core/Src/initial_operation.c:17:27: note: expected 'const char *' but argument is of type 'uint8_t *' {aka 'unsigned char *'}
../Core/Src/initial_operation.c:27:27: error: 'DBGMCU' undeclared (first use in this function)
   27 |         uint16_t dev_id = DBGMCU->IDCODE & 0x0FFF;
      |                           ^~~~~~
../Core/Src/initial_operation.c:32:18: error: 'devstatus' undeclared (first use in this function); did you mean 'devstat'?
   32 |         buf[0] = devstatus;
      |                  ^~~~~~~~~
      |                  devstat
../Core/Src/initial_operation.c:33:13: error: 'status' undeclared (first use in this function); did you mean 'ITStatus'?
   33 |         if (status == 0) {
      |             ^~~~~~
      |             ITStatus
../Core/Src/initial_operation.c:39:59: error: empty character constant
   39 |                 for(int i=1;i < sizeof(buf);i++) buf[i] = '';
      |                                                           ^~
../Core/Src/initial_operation.c:43:1: warning: control reaches end of non-void function [-Wreturn-type]
   43 | }
      | ^
make: *** [Core/Src/subdir.mk:40: Core/Src/initial_operation.o] Error 1
make: *** Waiting for unfinished jobs....
"make -j8 all" terminated with exit code 2. Build might be incomplete.
21:51:29 **** Incremental Build of configuration Debug for project main ****
make -j8 all 
arm-none-eabi-gcc "../Core/Src/initial_operation.c" -mcpu=cortex-m0plus -std=gnu11 -g3 -DDEBUG -DUSE_HAL_DRIVER -DSTM32C011xx -c -I../Core/Inc -I../Drivers/STM32C0xx_HAL_Driver/Inc -I../Drivers/STM32C0xx_HAL_Driver/Inc/Legacy -I../Drivers/CMSIS/Device/ST/STM32C0xx/Include -I../Drivers/CMSIS/Include -O0 -ffunction-sections -fdata-sections -Wall -fstack-usage -fcyclomatic-complexity -MMD -MP -MF"Core/Src/initial_operation.d" -MT"Core/Src/initial_operation.o" --specs=nano.specs -mfloat-abi=soft -mthumb -o "Core/Src/initial_operation.o"
../Core/Src/initial_operation.c: In function 'Check_I2C_to_ESP32':
../Core/Src/initial_operation.c:16:45: error: 'hi2c' undeclared (first use in this function)
   16 |         if(i2cstat = HAL_I2C_Slave_Receive(&hi2c, buf, sizeof(buf), CHECK_MAX_DELAY) == HAL_OK){
      |                                             ^~~~
../Core/Src/initial_operation.c:16:45: note: each undeclared identifier is reported only once for each function it appears in
../Core/Src/initial_operation.c:16:51: error: 'buf' undeclared (first use in this function)
   16 |         if(i2cstat = HAL_I2C_Slave_Receive(&hi2c, buf, sizeof(buf), CHECK_MAX_DELAY) == HAL_OK){
      |                                                   ^~~
../Core/Src/initial_operation.c:17:20: warning: implicit declaration of function 'strcmp' [-Wimplicit-function-declaration]
   17 |                 if(strcmp(message,"Check_STM")){
      |                    ^~~~~~
../Core/Src/initial_operation.c:10:1: note: include '<string.h>' or provide a declaration of 'strcmp'
    9 | #include "main.h"
  +++ |+#include <string.h>
   10 | 
../Core/Src/initial_operation.c:17:27: warning: pointer targets in passing argument 1 of 'strcmp' differ in signedness [-Wpointer-sign]
   17 |                 if(strcmp(message,"Check_STM")){
      |                           ^~~~~~~
      |                           |
      |                           uint8_t * {aka unsigned char *}
../Core/Src/initial_operation.c:17:27: note: expected 'const char *' but argument is of type 'uint8_t *' {aka 'unsigned char *'}
../Core/Src/initial_operation.c:27:27: error: 'DBGMCU' undeclared (first use in this function)
   27 |         uint16_t dev_id = DBGMCU->IDCODE & 0x0FFF;
      |                           ^~~~~~
../Core/Src/initial_operation.c:32:18: error: 'devstatus' undeclared (first use in this function); did you mean 'devstat'?
   32 |         buf[0] = devstatus;
      |                  ^~~~~~~~~
      |                  devstat
../Core/Src/initial_operation.c:33:13: error: 'status' undeclared (first use in this function); did you mean 'ITStatus'?
   33 |         if (status == 0) {
      |             ^~~~~~
      |             ITStatus
../Core/Src/initial_operation.c:39:59: error: empty character constant
   39 |                 for(int i=1;i < sizeof(buf);i++) buf[i] = '';
      |                                                           ^~
../Core/Src/initial_operation.c:43:1: warning: control reaches end of non-void function [-Wreturn-type]
   43 | }
      | ^
make: *** [Core/Src/subdir.mk:40: Core/Src/initial_operation.o] Error 1
"make -j8 all" terminated with exit code 2. Build might be incomplete.
21:52:06 **** Incremental Build of configuration Debug for project main ****
make -j8 all 
arm-none-eabi-gcc "../Core/Src/initial_operation.c" -mcpu=cortex-m0plus -std=gnu11 -g3 -DDEBUG -DUSE_HAL_DRIVER -DSTM32C011xx -c -I../Core/Inc -I../Drivers/STM32C0xx_HAL_Driver/Inc -I../Drivers/STM32C0xx_HAL_Driver/Inc/Legacy -I../Drivers/CMSIS/Device/ST/STM32C0xx/Include -I../Drivers/CMSIS/Include -O0 -ffunction-sections -fdata-sections -Wall -fstack-usage -fcyclomatic-complexity -MMD -MP -MF"Core/Src/initial_operation.d" -MT"Core/Src/initial_operation.o" --specs=nano.specs -mfloat-abi=soft -mthumb -o "Core/Src/initial_operation.o"
../Core/Src/initial_operation.c: In function 'Check_I2C_to_ESP32':
../Core/Src/initial_operation.c:16:46: error: 'hi2c' undeclared (first use in this function)
   16 |         if((i2cstat = HAL_I2C_Slave_Receive(&hi2c, buf, sizeof(buf), CHECK_MAX_DELAY)) == HAL_OK){
      |                                              ^~~~
../Core/Src/initial_operation.c:16:46: note: each undeclared identifier is reported only once for each function it appears in
../Core/Src/initial_operation.c:16:52: error: 'buf' undeclared (first use in this function)
   16 |         if((i2cstat = HAL_I2C_Slave_Receive(&hi2c, buf, sizeof(buf), CHECK_MAX_DELAY)) == HAL_OK){
      |                                                    ^~~
../Core/Src/initial_operation.c:17:20: warning: implicit declaration of function 'strcmp' [-Wimplicit-function-declaration]
   17 |                 if(strcmp(message,"Check_STM")){
      |                    ^~~~~~
../Core/Src/initial_operation.c:10:1: note: include '<string.h>' or provide a declaration of 'strcmp'
    9 | #include "main.h"
  +++ |+#include <string.h>
   10 | 
../Core/Src/initial_operation.c:17:27: warning: pointer targets in passing argument 1 of 'strcmp' differ in signedness [-Wpointer-sign]
   17 |                 if(strcmp(message,"Check_STM")){
      |                           ^~~~~~~
      |                           |
      |                           uint8_t * {aka unsigned char *}
../Core/Src/initial_operation.c:17:27: note: expected 'const char *' but argument is of type 'uint8_t *' {aka 'unsigned char *'}
../Core/Src/initial_operation.c:27:27: error: 'DBGMCU' undeclared (first use in this function)
   27 |         uint16_t dev_id = DBGMCU->IDCODE & 0x0FFF;
      |                           ^~~~~~
../Core/Src/initial_operation.c:32:18: error: 'devstatus' undeclared (first use in this function); did you mean 'devstat'?
   32 |         buf[0] = devstatus;
      |                  ^~~~~~~~~
      |                  devstat
../Core/Src/initial_operation.c:33:13: error: 'status' undeclared (first use in this function); did you mean 'ITStatus'?
   33 |         if (status == 0) {
      |             ^~~~~~
      |             ITStatus
../Core/Src/initial_operation.c:39:59: error: empty character constant
   39 |                 for(int i=1;i < sizeof(buf);i++) buf[i] = '';
      |                                                           ^~
../Core/Src/initial_operation.c:43:1: warning: control reaches end of non-void function [-Wreturn-type]
   43 | }
      | ^
make: *** [Core/Src/subdir.mk:40: Core/Src/initial_operation.o] Error 1
"make -j8 all" terminated with exit code 2. Build might be incomplete.
21:53:41 **** Incremental Build of configuration Debug for project main ****
make -j8 all 
arm-none-eabi-gcc "../Core/Src/initial_operation.c" -mcpu=cortex-m0plus -std=gnu11 -g3 -DDEBUG -DUSE_HAL_DRIVER -DSTM32C011xx -c -I../Core/Inc -I../Drivers/STM32C0xx_HAL_Driver/Inc -I../Drivers/STM32C0xx_HAL_Driver/Inc/Legacy -I../Drivers/CMSIS/Device/ST/STM32C0xx/Include -I../Drivers/CMSIS/Include -O0 -ffunction-sections -fdata-sections -Wall -fstack-usage -fcyclomatic-complexity -MMD -MP -MF"Core/Src/initial_operation.d" -MT"Core/Src/initial_operation.o" --specs=nano.specs -mfloat-abi=soft -mthumb -o "Core/Src/initial_operation.o"
../Core/Src/initial_operation.c: In function 'Check_I2C_to_ESP32':
../Core/Src/initial_operation.c:16:46: error: 'hi2c1' undeclared (first use in this function)
   16 |         if((i2cstat = HAL_I2C_Slave_Receive(&hi2c1, buf, sizeof(buf), CHECK_MAX_DELAY)) == HAL_OK){
      |                                              ^~~~~
../Core/Src/initial_operation.c:16:46: note: each undeclared identifier is reported only once for each function it appears in
../Core/Src/initial_operation.c:16:53: error: 'buf' undeclared (first use in this function)
   16 |         if((i2cstat = HAL_I2C_Slave_Receive(&hi2c1, buf, sizeof(buf), CHECK_MAX_DELAY)) == HAL_OK){
      |                                                     ^~~
../Core/Src/initial_operation.c:17:20: warning: implicit declaration of function 'strcmp' [-Wimplicit-function-declaration]
   17 |                 if(strcmp(message,"Check_STM")){
      |                    ^~~~~~
../Core/Src/initial_operation.c:10:1: note: include '<string.h>' or provide a declaration of 'strcmp'
    9 | #include "main.h"
  +++ |+#include <string.h>
   10 | 
../Core/Src/initial_operation.c:17:27: warning: pointer targets in passing argument 1 of 'strcmp' differ in signedness [-Wpointer-sign]
   17 |                 if(strcmp(message,"Check_STM")){
      |                           ^~~~~~~
      |                           |
      |                           uint8_t * {aka unsigned char *}
../Core/Src/initial_operation.c:17:27: note: expected 'const char *' but argument is of type 'uint8_t *' {aka 'unsigned char *'}
../Core/Src/initial_operation.c:27:27: error: 'DBGMCU' undeclared (first use in this function)
   27 |         uint16_t dev_id = DBGMCU->IDCODE & 0x0FFF;
      |                           ^~~~~~
../Core/Src/initial_operation.c:32:18: error: 'devstatus' undeclared (first use in this function); did you mean 'devstat'?
   32 |         buf[0] = devstatus;
      |                  ^~~~~~~~~
      |                  devstat
../Core/Src/initial_operation.c:33:13: error: 'status' undeclared (first use in this function); did you mean 'ITStatus'?
   33 |         if (status == 0) {
      |             ^~~~~~
      |             ITStatus
../Core/Src/initial_operation.c:39:59: error: empty character constant
   39 |                 for(int i=1;i < sizeof(buf);i++) buf[i] = '';
      |                                                           ^~
../Core/Src/initial_operation.c:43:1: warning: control reaches end of non-void function [-Wreturn-type]
   43 | }
      | ^
make: *** [Core/Src/subdir.mk:40: Core/Src/initial_operation.o] Error 1
"make -j8 all" terminated with exit code 2. Build might be incomplete.
21:57:27 **** Incremental Build of configuration Debug for project main ****
make -j8 all 
arm-none-eabi-gcc "../Core/Src/initial_operation.c" -mcpu=cortex-m0plus -std=gnu11 -g3 -DDEBUG -DUSE_HAL_DRIVER -DSTM32C011xx -c -I../Core/Inc -I../Drivers/STM32C0xx_HAL_Driver/Inc -I../Drivers/STM32C0xx_HAL_Driver/Inc/Legacy -I../Drivers/CMSIS/Device/ST/STM32C0xx/Include -I../Drivers/CMSIS/Include -O0 -ffunction-sections -fdata-sections -Wall -fstack-usage -fcyclomatic-complexity -MMD -MP -MF"Core/Src/initial_operation.d" -MT"Core/Src/initial_operation.o" --specs=nano.specs -mfloat-abi=soft -mthumb -o "Core/Src/initial_operation.o"
arm-none-eabi-gcc "../Core/Src/main.c" -mcpu=cortex-m0plus -std=gnu11 -g3 -DDEBUG -DUSE_HAL_DRIVER -DSTM32C011xx -c -I../Core/Inc -I../Drivers/STM32C0xx_HAL_Driver/Inc -I../Drivers/STM32C0xx_HAL_Driver/Inc/Legacy -I../Drivers/CMSIS/Device/ST/STM32C0xx/Include -I../Drivers/CMSIS/Include -O0 -ffunction-sections -fdata-sections -Wall -fstack-usage -fcyclomatic-complexity -MMD -MP -MF"Core/Src/main.d" -MT"Core/Src/main.o" --specs=nano.specs -mfloat-abi=soft -mthumb -o "Core/Src/main.o"
../Core/Src/initial_operation.c: In function 'Check_I2C_to_ESP32':
../Core/Src/initial_operation.c:17:53: error: 'buf' undeclared (first use in this function)
   17 |         if((i2cstat = HAL_I2C_Slave_Receive(&hi2c1, buf, sizeof(buf), CHECK_MAX_DELAY)) == HAL_OK){
      |                                                     ^~~
../Core/Src/initial_operation.c:17:53: note: each undeclared identifier is reported only once for each function it appears in
../Core/Src/initial_operation.c:18:20: warning: implicit declaration of function 'strcmp' [-Wimplicit-function-declaration]
   18 |                 if(strcmp(message,"Check_STM")){
      |                    ^~~~~~
../Core/Src/initial_operation.c:10:1: note: include '<string.h>' or provide a declaration of 'strcmp'
    9 | #include "main.h"
  +++ |+#include <string.h>
   10 | extern I2C_HandleTypeDef hi2c1;
../Core/Src/initial_operation.c:18:27: warning: pointer targets in passing argument 1 of 'strcmp' differ in signedness [-Wpointer-sign]
   18 |                 if(strcmp(message,"Check_STM")){
      |                           ^~~~~~~
      |                           |
      |                           uint8_t * {aka unsigned char *}
../Core/Src/initial_operation.c:18:27: note: expected 'const char *' but argument is of type 'uint8_t *' {aka 'unsigned char *'}
../Core/Src/initial_operation.c:28:27: error: 'DBGMCU' undeclared (first use in this function)
   28 |         uint16_t dev_id = DBGMCU->IDCODE & 0x0FFF;
      |                           ^~~~~~
../Core/Src/initial_operation.c:33:18: error: 'devstatus' undeclared (first use in this function); did you mean 'devstat'?
   33 |         buf[0] = devstatus;
      |                  ^~~~~~~~~
      |                  devstat
../Core/Src/initial_operation.c:34:13: error: 'status' undeclared (first use in this function); did you mean 'ITStatus'?
   34 |         if (status == 0) {
      |             ^~~~~~
      |             ITStatus
../Core/Src/initial_operation.c:40:59: error: empty character constant
   40 |                 for(int i=1;i < sizeof(buf);i++) buf[i] = '';
      |                                                           ^~
make: *** [Core/Src/subdir.mk:40: Core/Src/initial_operation.o] Error 1
make: *** Waiting for unfinished jobs....
"make -j8 all" terminated with exit code 2. Build might be incomplete.
21:57:51 **** Incremental Build of configuration Debug for project main ****
make -j8 all 
arm-none-eabi-gcc "../Core/Src/initial_operation.c" -mcpu=cortex-m0plus -std=gnu11 -g3 -DDEBUG -DUSE_HAL_DRIVER -DSTM32C011xx -c -I../Core/Inc -I../Drivers/STM32C0xx_HAL_Driver/Inc -I../Drivers/STM32C0xx_HAL_Driver/Inc/Legacy -I../Drivers/CMSIS/Device/ST/STM32C0xx/Include -I../Drivers/CMSIS/Include -O0 -ffunction-sections -fdata-sections -Wall -fstack-usage -fcyclomatic-complexity -MMD -MP -MF"Core/Src/initial_operation.d" -MT"Core/Src/initial_operation.o" --specs=nano.specs -mfloat-abi=soft -mthumb -o "Core/Src/initial_operation.o"
../Core/Src/initial_operation.c: In function 'Check_I2C_to_ESP32':
../Core/Src/initial_operation.c:18:53: error: 'buf' undeclared (first use in this function)
   18 |         if((i2cstat = HAL_I2C_Slave_Receive(&hi2c1, buf, sizeof(buf), CHECK_MAX_DELAY)) == HAL_OK){
      |                                                     ^~~
../Core/Src/initial_operation.c:18:53: note: each undeclared identifier is reported only once for each function it appears in
../Core/Src/initial_operation.c:19:27: warning: pointer targets in passing argument 1 of 'strcmp' differ in signedness [-Wpointer-sign]
   19 |                 if(strcmp(message,"Check_STM")){
      |                           ^~~~~~~
      |                           |
      |                           uint8_t * {aka unsigned char *}
In file included from ../Core/Src/initial_operation.c:10:
C:\ST\STM32CubeIDE_1.18.1\STM32CubeIDE\plugins\com.st.stm32cube.ide.mcu.externaltools.gnu-tools-for-stm32.13.3.rel1.win32_1.0.0.202411081344\tools\bin/../lib/gcc/arm-none-eabi/13.3.1/../../../../arm-none-eabi/include/string.h:36:18: note: expected 'const char *' but argument is of type 'uint8_t *' {aka 'unsigned char *'}
   36 | int      strcmp (const char *, const char *);
      |                  ^~~~~~~~~~~~
../Core/Src/initial_operation.c:29:27: error: 'DBGMCU' undeclared (first use in this function)
   29 |         uint16_t dev_id = DBGMCU->IDCODE & 0x0FFF;
      |                           ^~~~~~
../Core/Src/initial_operation.c:34:18: error: 'devstatus' undeclared (first use in this function); did you mean 'devstat'?
   34 |         buf[0] = devstatus;
      |                  ^~~~~~~~~
      |                  devstat
../Core/Src/initial_operation.c:35:13: error: 'status' undeclared (first use in this function); did you mean 'ITStatus'?
   35 |         if (status == 0) {
      |             ^~~~~~
      |             ITStatus
../Core/Src/initial_operation.c:41:59: error: empty character constant
   41 |                 for(int i=1;i < sizeof(buf);i++) buf[i] = '';
      |                                                           ^~
make: *** [Core/Src/subdir.mk:40: Core/Src/initial_operation.o] Error 1
"make -j8 all" terminated with exit code 2. Build might be incomplete.
21:59:15 **** Incremental Build of configuration Debug for project main ****
make -j8 all 
arm-none-eabi-gcc "../Core/Src/initial_operation.c" -mcpu=cortex-m0plus -std=gnu11 -g3 -DDEBUG -DUSE_HAL_DRIVER -DSTM32C011xx -c -I../Core/Inc -I../Drivers/STM32C0xx_HAL_Driver/Inc -I../Drivers/STM32C0xx_HAL_Driver/Inc/Legacy -I../Drivers/CMSIS/Device/ST/STM32C0xx/Include -I../Drivers/CMSIS/Include -O0 -ffunction-sections -fdata-sections -Wall -fstack-usage -fcyclomatic-complexity -MMD -MP -MF"Core/Src/initial_operation.d" -MT"Core/Src/initial_operation.o" --specs=nano.specs -mfloat-abi=soft -mthumb -o "Core/Src/initial_operation.o"
../Core/Src/initial_operation.c: In function 'Check_I2C_to_ESP32':
../Core/Src/initial_operation.c:19:27: warning: pointer targets in passing argument 1 of 'strcmp' differ in signedness [-Wpointer-sign]
   19 |                 if(strcmp(message,"Check_STM")){
      |                           ^~~~~~~
      |                           |
      |                           uint8_t * {aka unsigned char *}
In file included from ../Core/Src/initial_operation.c:10:
C:\ST\STM32CubeIDE_1.18.1\STM32CubeIDE\plugins\com.st.stm32cube.ide.mcu.externaltools.gnu-tools-for-stm32.13.3.rel1.win32_1.0.0.202411081344\tools\bin/../lib/gcc/arm-none-eabi/13.3.1/../../../../arm-none-eabi/include/string.h:36:18: note: expected 'const char *' but argument is of type 'uint8_t *' {aka 'unsigned char *'}
   36 | int      strcmp (const char *, const char *);
      |                  ^~~~~~~~~~~~
../Core/Src/initial_operation.c:29:27: error: 'DBGMCU' undeclared (first use in this function)
   29 |         uint16_t dev_id = DBGMCU->IDCODE & 0x0FFF;
      |                           ^~~~~~
../Core/Src/initial_operation.c:29:27: note: each undeclared identifier is reported only once for each function it appears in
../Core/Src/initial_operation.c:34:18: error: 'devstatus' undeclared (first use in this function); did you mean 'devstat'?
   34 |         buf[0] = devstatus;
      |                  ^~~~~~~~~
      |                  devstat
../Core/Src/initial_operation.c:35:13: error: 'status' undeclared (first use in this function); did you mean 'ITStatus'?
   35 |         if (status == 0) {
      |             ^~~~~~
      |             ITStatus
../Core/Src/initial_operation.c:41:59: error: empty character constant
   41 |                 for(int i=1;i < sizeof(buf);i++) buf[i] = '';
      |                                                           ^~
make: *** [Core/Src/subdir.mk:40: Core/Src/initial_operation.o] Error 1
"make -j8 all" terminated with exit code 2. Build might be incomplete.
22:00:09 **** Incremental Build of configuration Debug for project main ****
make -j8 all 
arm-none-eabi-gcc "../Core/Src/initial_operation.c" -mcpu=cortex-m0plus -std=gnu11 -g3 -DDEBUG -DUSE_HAL_DRIVER -DSTM32C011xx -c -I../Core/Inc -I../Drivers/STM32C0xx_HAL_Driver/Inc -I../Drivers/STM32C0xx_HAL_Driver/Inc/Legacy -I../Drivers/CMSIS/Device/ST/STM32C0xx/Include -I../Drivers/CMSIS/Include -O0 -ffunction-sections -fdata-sections -Wall -fstack-usage -fcyclomatic-complexity -MMD -MP -MF"Core/Src/initial_operation.d" -MT"Core/Src/initial_operation.o" --specs=nano.specs -mfloat-abi=soft -mthumb -o "Core/Src/initial_operation.o"
../Core/Src/initial_operation.c: In function 'Check_I2C_to_ESP32':
../Core/Src/initial_operation.c:19:27: warning: pointer targets in passing argument 1 of 'strcmp' differ in signedness [-Wpointer-sign]
   19 |                 if(strcmp(message,"Check_STM") == 0){
      |                           ^~~~~~~
      |                           |
      |                           uint8_t * {aka unsigned char *}
In file included from ../Core/Src/initial_operation.c:10:
C:\ST\STM32CubeIDE_1.18.1\STM32CubeIDE\plugins\com.st.stm32cube.ide.mcu.externaltools.gnu-tools-for-stm32.13.3.rel1.win32_1.0.0.202411081344\tools\bin/../lib/gcc/arm-none-eabi/13.3.1/../../../../arm-none-eabi/include/string.h:36:18: note: expected 'const char *' but argument is of type 'uint8_t *' {aka 'unsigned char *'}
   36 | int      strcmp (const char *, const char *);
      |                  ^~~~~~~~~~~~
../Core/Src/initial_operation.c:29:27: error: 'DBGMCU' undeclared (first use in this function)
   29 |         uint16_t dev_id = DBGMCU->IDCODE & 0x0FFF;
      |                           ^~~~~~
../Core/Src/initial_operation.c:29:27: note: each undeclared identifier is reported only once for each function it appears in
../Core/Src/initial_operation.c:34:18: error: 'devstatus' undeclared (first use in this function); did you mean 'devstat'?
   34 |         buf[0] = devstatus;
      |                  ^~~~~~~~~
      |                  devstat
../Core/Src/initial_operation.c:35:13: error: 'status' undeclared (first use in this function); did you mean 'ITStatus'?
   35 |         if (status == 0) {
      |             ^~~~~~
      |             ITStatus
../Core/Src/initial_operation.c:41:59: error: empty character constant
   41 |                 for(int i=1;i < sizeof(buf);i++) buf[i] = '';
      |                                                           ^~
make: *** [Core/Src/subdir.mk:40: Core/Src/initial_operation.o] Error 1
"make -j8 all" terminated with exit code 2. Build might be incomplete.
22:01:20 **** Incremental Build of configuration Debug for project main ****
make -j8 all 
arm-none-eabi-gcc "../Core/Src/initial_operation.c" -mcpu=cortex-m0plus -std=gnu11 -g3 -DDEBUG -DUSE_HAL_DRIVER -DSTM32C011xx -c -I../Core/Inc -I../Drivers/STM32C0xx_HAL_Driver/Inc -I../Drivers/STM32C0xx_HAL_Driver/Inc/Legacy -I../Drivers/CMSIS/Device/ST/STM32C0xx/Include -I../Drivers/CMSIS/Include -O0 -ffunction-sections -fdata-sections -Wall -fstack-usage -fcyclomatic-complexity -MMD -MP -MF"Core/Src/initial_operation.d" -MT"Core/Src/initial_operation.o" --specs=nano.specs -mfloat-abi=soft -mthumb -o "Core/Src/initial_operation.o"
../Core/Src/initial_operation.c: In function 'Check_I2C_to_ESP32':
../Core/Src/initial_operation.c:18:53: warning: pointer targets in passing argument 2 of 'HAL_I2C_Slave_Receive' differ in signedness [-Wpointer-sign]
   18 |         if((i2cstat = HAL_I2C_Slave_Receive(&hi2c1, message, sizeof(message), CHECK_MAX_DELAY)) == HAL_OK){
      |                                                     ^~~~~~~
      |                                                     |
      |                                                     char *
In file included from ../Core/Inc/stm32c0xx_hal_conf.h:200,
                 from ../Drivers/STM32C0xx_HAL_Driver/Inc/stm32c0xx_hal.h:30,
                 from ../Core/Inc/main.h:30,
                 from ../Core/Src/initial_operation.c:9:
../Drivers/STM32C0xx_HAL_Driver/Inc/stm32c0xx_hal_i2c.h:632:75: note: expected 'uint8_t *' {aka 'unsigned char *'} but argument is of type 'char *'
  632 | HAL_StatusTypeDef HAL_I2C_Slave_Receive(I2C_HandleTypeDef *hi2c, uint8_t *pData, uint16_t Size,
      |                                                                  ~~~~~~~~~^~~~~
../Core/Src/initial_operation.c:29:27: error: 'DBGMCU' undeclared (first use in this function)
   29 |         uint16_t dev_id = DBGMCU->IDCODE & 0x0FFF;
      |                           ^~~~~~
../Core/Src/initial_operation.c:29:27: note: each undeclared identifier is reported only once for each function it appears in
../Core/Src/initial_operation.c:34:18: error: 'devstatus' undeclared (first use in this function); did you mean 'devstat'?
   34 |         buf[0] = devstatus;
      |                  ^~~~~~~~~
      |                  devstat
../Core/Src/initial_operation.c:35:13: error: 'status' undeclared (first use in this function); did you mean 'ITStatus'?
   35 |         if (status == 0) {
      |             ^~~~~~
      |             ITStatus
../Core/Src/initial_operation.c:41:59: error: empty character constant
   41 |                 for(int i=1;i < sizeof(buf);i++) buf[i] = '';
      |                                                           ^~
make: *** [Core/Src/subdir.mk:40: Core/Src/initial_operation.o] Error 1
"make -j8 all" terminated with exit code 2. Build might be incomplete.
22:01:47 **** Incremental Build of configuration Debug for project main ****
make -j8 all 
arm-none-eabi-gcc "../Core/Src/initial_operation.c" -mcpu=cortex-m0plus -std=gnu11 -g3 -DDEBUG -DUSE_HAL_DRIVER -DSTM32C011xx -c -I../Core/Inc -I../Drivers/STM32C0xx_HAL_Driver/Inc -I../Drivers/STM32C0xx_HAL_Driver/Inc/Legacy -I../Drivers/CMSIS/Device/ST/STM32C0xx/Include -I../Drivers/CMSIS/Include -O0 -ffunction-sections -fdata-sections -Wall -fstack-usage -fcyclomatic-complexity -MMD -MP -MF"Core/Src/initial_operation.d" -MT"Core/Src/initial_operation.o" --specs=nano.specs -mfloat-abi=soft -mthumb -o "Core/Src/initial_operation.o"
../Core/Src/initial_operation.c: In function 'Check_I2C_to_ESP32':
../Core/Src/initial_operation.c:29:27: error: 'DBGMCU' undeclared (first use in this function)
   29 |         uint16_t dev_id = DBGMCU->IDCODE & 0x0FFF;
      |                           ^~~~~~
../Core/Src/initial_operation.c:29:27: note: each undeclared identifier is reported only once for each function it appears in
../Core/Src/initial_operation.c:34:18: error: 'devstatus' undeclared (first use in this function); did you mean 'devstat'?
   34 |         buf[0] = devstatus;
      |                  ^~~~~~~~~
      |                  devstat
../Core/Src/initial_operation.c:35:13: error: 'status' undeclared (first use in this function); did you mean 'ITStatus'?
   35 |         if (status == 0) {
      |             ^~~~~~
      |             ITStatus
../Core/Src/initial_operation.c:41:59: error: empty character constant
   41 |                 for(int i=1;i < sizeof(buf);i++) buf[i] = '';
      |                                                           ^~
make: *** [Core/Src/subdir.mk:40: Core/Src/initial_operation.o] Error 1
"make -j8 all" terminated with exit code 2. Build might be incomplete.
22:02:51 **** Incremental Build of configuration Debug for project main ****
make -j8 all 
arm-none-eabi-gcc "../Core/Src/initial_operation.c" -mcpu=cortex-m0plus -std=gnu11 -g3 -DDEBUG -DUSE_HAL_DRIVER -DSTM32C011xx -c -I../Core/Inc -I../Drivers/STM32C0xx_HAL_Driver/Inc -I../Drivers/STM32C0xx_HAL_Driver/Inc/Legacy -I../Drivers/CMSIS/Device/ST/STM32C0xx/Include -I../Drivers/CMSIS/Include -O0 -ffunction-sections -fdata-sections -Wall -fstack-usage -fcyclomatic-complexity -MMD -MP -MF"Core/Src/initial_operation.d" -MT"Core/Src/initial_operation.o" --specs=nano.specs -mfloat-abi=soft -mthumb -o "Core/Src/initial_operation.o"
../Core/Src/initial_operation.c: In function 'Check_I2C_to_ESP32':
../Core/Src/initial_operation.c:30:27: error: 'DBGMCU' undeclared (first use in this function)
   30 |         uint16_t dev_id = DBGMCU->IDCODE & 0x0FFF;
      |                           ^~~~~~
../Core/Src/initial_operation.c:30:27: note: each undeclared identifier is reported only once for each function it appears in
../Core/Src/initial_operation.c:35:18: error: 'devstatus' undeclared (first use in this function); did you mean 'devstat'?
   35 |         buf[0] = devstatus;
      |                  ^~~~~~~~~
      |                  devstat
../Core/Src/initial_operation.c:36:13: error: 'status' undeclared (first use in this function); did you mean 'ITStatus'?
   36 |         if (status == 0) {
      |             ^~~~~~
      |             ITStatus
../Core/Src/initial_operation.c:42:59: error: empty character constant
   42 |                 for(int i=1;i < sizeof(buf);i++) buf[i] = '';
      |                                                           ^~
make: *** [Core/Src/subdir.mk:40: Core/Src/initial_operation.o] Error 1
"make -j8 all" terminated with exit code 2. Build might be incomplete.
22:03:40 **** Incremental Build of configuration Debug for project main ****
make -j8 all 
arm-none-eabi-gcc "../Core/Src/initial_operation.c" -mcpu=cortex-m0plus -std=gnu11 -g3 -DDEBUG -DUSE_HAL_DRIVER -DSTM32C011xx -c -I../Core/Inc -I../Drivers/STM32C0xx_HAL_Driver/Inc -I../Drivers/STM32C0xx_HAL_Driver/Inc/Legacy -I../Drivers/CMSIS/Device/ST/STM32C0xx/Include -I../Drivers/CMSIS/Include -O0 -ffunction-sections -fdata-sections -Wall -fstack-usage -fcyclomatic-complexity -MMD -MP -MF"Core/Src/initial_operation.d" -MT"Core/Src/initial_operation.o" --specs=nano.specs -mfloat-abi=soft -mthumb -o "Core/Src/initial_operation.o"
../Core/Src/initial_operation.c: In function 'Check_I2C_to_ESP32':
../Core/Src/initial_operation.c:30:27: error: 'DBGMCU' undeclared (first use in this function)
   30 |         uint16_t dev_id = DBGMCU->IDCODE & 0x0FFF;
      |                           ^~~~~~
../Core/Src/initial_operation.c:30:27: note: each undeclared identifier is reported only once for each function it appears in
../Core/Src/initial_operation.c:35:18: error: 'devstatus' undeclared (first use in this function); did you mean 'devstat'?
   35 |         buf[0] = devstatus;
      |                  ^~~~~~~~~
      |                  devstat
../Core/Src/initial_operation.c:36:13: error: 'status' undeclared (first use in this function); did you mean 'ITStatus'?
   36 |         if (status == 0) {
      |             ^~~~~~
      |             ITStatus
../Core/Src/initial_operation.c:42:59: error: empty character constant
   42 |                 for(int i=1;i < sizeof(buf);i++) buf[i] = '';
      |                                                           ^~
make: *** [Core/Src/subdir.mk:40: Core/Src/initial_operation.o] Error 1
"make -j8 all" terminated with exit code 2. Build might be incomplete.
22:06:22 **** Incremental Build of configuration Debug for project main ****
make -j8 all 
arm-none-eabi-gcc "../Core/Src/initial_operation.c" -mcpu=cortex-m0plus -std=gnu11 -g3 -DDEBUG -DUSE_HAL_DRIVER -DSTM32C011xx -c -I../Core/Inc -I../Drivers/STM32C0xx_HAL_Driver/Inc -I../Drivers/STM32C0xx_HAL_Driver/Inc/Legacy -I../Drivers/CMSIS/Device/ST/STM32C0xx/Include -I../Drivers/CMSIS/Include -O0 -ffunction-sections -fdata-sections -Wall -fstack-usage -fcyclomatic-complexity -MMD -MP -MF"Core/Src/initial_operation.d" -MT"Core/Src/initial_operation.o" --specs=nano.specs -mfloat-abi=soft -mthumb -o "Core/Src/initial_operation.o"
../Core/Src/initial_operation.c: In function 'Check_I2C_to_ESP32':
../Core/Src/initial_operation.c:29:27: error: 'DBGMCU' undeclared (first use in this function)
   29 |         uint16_t dev_id = DBGMCU->IDCODE & 0x0FFF;
      |                           ^~~~~~
../Core/Src/initial_operation.c:29:27: note: each undeclared identifier is reported only once for each function it appears in
../Core/Src/initial_operation.c:34:18: error: 'devstatus' undeclared (first use in this function); did you mean 'devstat'?
   34 |         buf[0] = devstatus;
      |                  ^~~~~~~~~
      |                  devstat
../Core/Src/initial_operation.c:35:13: error: 'status' undeclared (first use in this function); did you mean 'ITStatus'?
   35 |         if (status == 0) {
      |             ^~~~~~
      |             ITStatus
../Core/Src/initial_operation.c:41:59: error: empty character constant
   41 |                 for(int i=1;i < sizeof(buf);i++) buf[i] = '';
      |                                                           ^~
make: *** [Core/Src/subdir.mk:40: Core/Src/initial_operation.o] Error 1
"make -j8 all" terminated with exit code 2. Build might be incomplete.
22:06:30 **** Incremental Build of configuration Debug for project main ****
make -j8 all 
arm-none-eabi-gcc "../Core/Src/initial_operation.c" -mcpu=cortex-m0plus -std=gnu11 -g3 -DDEBUG -DUSE_HAL_DRIVER -DSTM32C011xx -c -I../Core/Inc -I../Drivers/STM32C0xx_HAL_Driver/Inc -I../Drivers/STM32C0xx_HAL_Driver/Inc/Legacy -I../Drivers/CMSIS/Device/ST/STM32C0xx/Include -I../Drivers/CMSIS/Include -O0 -ffunction-sections -fdata-sections -Wall -fstack-usage -fcyclomatic-complexity -MMD -MP -MF"Core/Src/initial_operation.d" -MT"Core/Src/initial_operation.o" --specs=nano.specs -mfloat-abi=soft -mthumb -o "Core/Src/initial_operation.o"
../Core/Src/initial_operation.c: In function 'Check_I2C_to_ESP32':
../Core/Src/initial_operation.c:30:27: error: 'DBGMCU' undeclared (first use in this function)
   30 |         uint16_t dev_id = DBGMCU->IDCODE & 0x0FFF;
      |                           ^~~~~~
../Core/Src/initial_operation.c:30:27: note: each undeclared identifier is reported only once for each function it appears in
../Core/Src/initial_operation.c:35:18: error: 'devstatus' undeclared (first use in this function); did you mean 'devstat'?
   35 |         buf[0] = devstatus;
      |                  ^~~~~~~~~
      |                  devstat
../Core/Src/initial_operation.c:36:13: error: 'status' undeclared (first use in this function); did you mean 'ITStatus'?
   36 |         if (status == 0) {
      |             ^~~~~~
      |             ITStatus
../Core/Src/initial_operation.c:42:59: error: empty character constant
   42 |                 for(int i=1;i < sizeof(buf);i++) buf[i] = '';
      |                                                           ^~
make: *** [Core/Src/subdir.mk:40: Core/Src/initial_operation.o] Error 1
"make -j8 all" terminated with exit code 2. Build might be incomplete.
22:09:20 **** Incremental Build of configuration Debug for project main ****
make -j8 all 
arm-none-eabi-gcc "../Drivers/STM32C0xx_HAL_Driver/Src/stm32c0xx_hal.c" -mcpu=cortex-m0plus -std=gnu11 -g3 -DDEBUG -DSTM32C011x4 -DUSE_HAL_DRIVER -DSTM32C011xx -c -I../Core/Inc -I../Drivers/STM32C0xx_HAL_Driver/Inc -I../Drivers/STM32C0xx_HAL_Driver/Inc/Legacy -I../Drivers/CMSIS/Device/ST/STM32C0xx/Include -I../Drivers/CMSIS/Include -O0 -ffunction-sections -fdata-sections -Wall -fstack-usage -fcyclomatic-complexity -MMD -MP -MF"Drivers/STM32C0xx_HAL_Driver/Src/stm32c0xx_hal.d" -MT"Drivers/STM32C0xx_HAL_Driver/Src/stm32c0xx_hal.o" --specs=nano.specs -mfloat-abi=soft -mthumb -o "Drivers/STM32C0xx_HAL_Driver/Src/stm32c0xx_hal.o"
arm-none-eabi-gcc "../Drivers/STM32C0xx_HAL_Driver/Src/stm32c0xx_hal_cortex.c" -mcpu=cortex-m0plus -std=gnu11 -g3 -DDEBUG -DSTM32C011x4 -DUSE_HAL_DRIVER -DSTM32C011xx -c -I../Core/Inc -I../Drivers/STM32C0xx_HAL_Driver/Inc -I../Drivers/STM32C0xx_HAL_Driver/Inc/Legacy -I../Drivers/CMSIS/Device/ST/STM32C0xx/Include -I../Drivers/CMSIS/Include -O0 -ffunction-sections -fdata-sections -Wall -fstack-usage -fcyclomatic-complexity -MMD -MP -MF"Drivers/STM32C0xx_HAL_Driver/Src/stm32c0xx_hal_cortex.d" -MT"Drivers/STM32C0xx_HAL_Driver/Src/stm32c0xx_hal_cortex.o" --specs=nano.specs -mfloat-abi=soft -mthumb -o "Drivers/STM32C0xx_HAL_Driver/Src/stm32c0xx_hal_cortex.o"
arm-none-eabi-gcc "../Drivers/STM32C0xx_HAL_Driver/Src/stm32c0xx_hal_dma.c" -mcpu=cortex-m0plus -std=gnu11 -g3 -DDEBUG -DSTM32C011x4 -DUSE_HAL_DRIVER -DSTM32C011xx -c -I../Core/Inc -I../Drivers/STM32C0xx_HAL_Driver/Inc -I../Drivers/STM32C0xx_HAL_Driver/Inc/Legacy -I../Drivers/CMSIS/Device/ST/STM32C0xx/Include -I../Drivers/CMSIS/Include -O0 -ffunction-sections -fdata-sections -Wall -fstack-usage -fcyclomatic-complexity -MMD -MP -MF"Drivers/STM32C0xx_HAL_Driver/Src/stm32c0xx_hal_dma.d" -MT"Drivers/STM32C0xx_HAL_Driver/Src/stm32c0xx_hal_dma.o" --specs=nano.specs -mfloat-abi=soft -mthumb -o "Drivers/STM32C0xx_HAL_Driver/Src/stm32c0xx_hal_dma.o"
arm-none-eabi-gcc "../Drivers/STM32C0xx_HAL_Driver/Src/stm32c0xx_hal_dma_ex.c" -mcpu=cortex-m0plus -std=gnu11 -g3 -DDEBUG -DSTM32C011x4 -DUSE_HAL_DRIVER -DSTM32C011xx -c -I../Core/Inc -I../Drivers/STM32C0xx_HAL_Driver/Inc -I../Drivers/STM32C0xx_HAL_Driver/Inc/Legacy -I../Drivers/CMSIS/Device/ST/STM32C0xx/Include -I../Drivers/CMSIS/Include -O0 -ffunction-sections -fdata-sections -Wall -fstack-usage -fcyclomatic-complexity -MMD -MP -MF"Drivers/STM32C0xx_HAL_Driver/Src/stm32c0xx_hal_dma_ex.d" -MT"Drivers/STM32C0xx_HAL_Driver/Src/stm32c0xx_hal_dma_ex.o" --specs=nano.specs -mfloat-abi=soft -mthumb -o "Drivers/STM32C0xx_HAL_Driver/Src/stm32c0xx_hal_dma_ex.o"
arm-none-eabi-gcc "../Drivers/STM32C0xx_HAL_Driver/Src/stm32c0xx_hal_exti.c" -mcpu=cortex-m0plus -std=gnu11 -g3 -DDEBUG -DSTM32C011x4 -DUSE_HAL_DRIVER -DSTM32C011xx -c -I../Core/Inc -I../Drivers/STM32C0xx_HAL_Driver/Inc -I../Drivers/STM32C0xx_HAL_Driver/Inc/Legacy -I../Drivers/CMSIS/Device/ST/STM32C0xx/Include -I../Drivers/CMSIS/Include -O0 -ffunction-sections -fdata-sections -Wall -fstack-usage -fcyclomatic-complexity -MMD -MP -MF"Drivers/STM32C0xx_HAL_Driver/Src/stm32c0xx_hal_exti.d" -MT"Drivers/STM32C0xx_HAL_Driver/Src/stm32c0xx_hal_exti.o" --specs=nano.specs -mfloat-abi=soft -mthumb -o "Drivers/STM32C0xx_HAL_Driver/Src/stm32c0xx_hal_exti.o"
arm-none-eabi-gcc "../Drivers/STM32C0xx_HAL_Driver/Src/stm32c0xx_hal_flash.c" -mcpu=cortex-m0plus -std=gnu11 -g3 -DDEBUG -DSTM32C011x4 -DUSE_HAL_DRIVER -DSTM32C011xx -c -I../Core/Inc -I../Drivers/STM32C0xx_HAL_Driver/Inc -I../Drivers/STM32C0xx_HAL_Driver/Inc/Legacy -I../Drivers/CMSIS/Device/ST/STM32C0xx/Include -I../Drivers/CMSIS/Include -O0 -ffunction-sections -fdata-sections -Wall -fstack-usage -fcyclomatic-complexity -MMD -MP -MF"Drivers/STM32C0xx_HAL_Driver/Src/stm32c0xx_hal_flash.d" -MT"Drivers/STM32C0xx_HAL_Driver/Src/stm32c0xx_hal_flash.o" --specs=nano.specs -mfloat-abi=soft -mthumb -o "Drivers/STM32C0xx_HAL_Driver/Src/stm32c0xx_hal_flash.o"
arm-none-eabi-gcc "../Drivers/STM32C0xx_HAL_Driver/Src/stm32c0xx_hal_flash_ex.c" -mcpu=cortex-m0plus -std=gnu11 -g3 -DDEBUG -DSTM32C011x4 -DUSE_HAL_DRIVER -DSTM32C011xx -c -I../Core/Inc -I../Drivers/STM32C0xx_HAL_Driver/Inc -I../Drivers/STM32C0xx_HAL_Driver/Inc/Legacy -I../Drivers/CMSIS/Device/ST/STM32C0xx/Include -I../Drivers/CMSIS/Include -O0 -ffunction-sections -fdata-sections -Wall -fstack-usage -fcyclomatic-complexity -MMD -MP -MF"Drivers/STM32C0xx_HAL_Driver/Src/stm32c0xx_hal_flash_ex.d" -MT"Drivers/STM32C0xx_HAL_Driver/Src/stm32c0xx_hal_flash_ex.o" --specs=nano.specs -mfloat-abi=soft -mthumb -o "Drivers/STM32C0xx_HAL_Driver/Src/stm32c0xx_hal_flash_ex.o"
arm-none-eabi-gcc "../Drivers/STM32C0xx_HAL_Driver/Src/stm32c0xx_hal_gpio.c" -mcpu=cortex-m0plus -std=gnu11 -g3 -DDEBUG -DSTM32C011x4 -DUSE_HAL_DRIVER -DSTM32C011xx -c -I../Core/Inc -I../Drivers/STM32C0xx_HAL_Driver/Inc -I../Drivers/STM32C0xx_HAL_Driver/Inc/Legacy -I../Drivers/CMSIS/Device/ST/STM32C0xx/Include -I../Drivers/CMSIS/Include -O0 -ffunction-sections -fdata-sections -Wall -fstack-usage -fcyclomatic-complexity -MMD -MP -MF"Drivers/STM32C0xx_HAL_Driver/Src/stm32c0xx_hal_gpio.d" -MT"Drivers/STM32C0xx_HAL_Driver/Src/stm32c0xx_hal_gpio.o" --specs=nano.specs -mfloat-abi=soft -mthumb -o "Drivers/STM32C0xx_HAL_Driver/Src/stm32c0xx_hal_gpio.o"
arm-none-eabi-gcc "../Drivers/STM32C0xx_HAL_Driver/Src/stm32c0xx_hal_i2c.c" -mcpu=cortex-m0plus -std=gnu11 -g3 -DDEBUG -DSTM32C011x4 -DUSE_HAL_DRIVER -DSTM32C011xx -c -I../Core/Inc -I../Drivers/STM32C0xx_HAL_Driver/Inc -I../Drivers/STM32C0xx_HAL_Driver/Inc/Legacy -I../Drivers/CMSIS/Device/ST/STM32C0xx/Include -I../Drivers/CMSIS/Include -O0 -ffunction-sections -fdata-sections -Wall -fstack-usage -fcyclomatic-complexity -MMD -MP -MF"Drivers/STM32C0xx_HAL_Driver/Src/stm32c0xx_hal_i2c.d" -MT"Drivers/STM32C0xx_HAL_Driver/Src/stm32c0xx_hal_i2c.o" --specs=nano.specs -mfloat-abi=soft -mthumb -o "Drivers/STM32C0xx_HAL_Driver/Src/stm32c0xx_hal_i2c.o"
arm-none-eabi-gcc "../Drivers/STM32C0xx_HAL_Driver/Src/stm32c0xx_hal_i2c_ex.c" -mcpu=cortex-m0plus -std=gnu11 -g3 -DDEBUG -DSTM32C011x4 -DUSE_HAL_DRIVER -DSTM32C011xx -c -I../Core/Inc -I../Drivers/STM32C0xx_HAL_Driver/Inc -I../Drivers/STM32C0xx_HAL_Driver/Inc/Legacy -I../Drivers/CMSIS/Device/ST/STM32C0xx/Include -I../Drivers/CMSIS/Include -O0 -ffunction-sections -fdata-sections -Wall -fstack-usage -fcyclomatic-complexity -MMD -MP -MF"Drivers/STM32C0xx_HAL_Driver/Src/stm32c0xx_hal_i2c_ex.d" -MT"Drivers/STM32C0xx_HAL_Driver/Src/stm32c0xx_hal_i2c_ex.o" --specs=nano.specs -mfloat-abi=soft -mthumb -o "Drivers/STM32C0xx_HAL_Driver/Src/stm32c0xx_hal_i2c_ex.o"
arm-none-eabi-gcc "../Drivers/STM32C0xx_HAL_Driver/Src/stm32c0xx_hal_pwr.c" -mcpu=cortex-m0plus -std=gnu11 -g3 -DDEBUG -DSTM32C011x4 -DUSE_HAL_DRIVER -DSTM32C011xx -c -I../Core/Inc -I../Drivers/STM32C0xx_HAL_Driver/Inc -I../Drivers/STM32C0xx_HAL_Driver/Inc/Legacy -I../Drivers/CMSIS/Device/ST/STM32C0xx/Include -I../Drivers/CMSIS/Include -O0 -ffunction-sections -fdata-sections -Wall -fstack-usage -fcyclomatic-complexity -MMD -MP -MF"Drivers/STM32C0xx_HAL_Driver/Src/stm32c0xx_hal_pwr.d" -MT"Drivers/STM32C0xx_HAL_Driver/Src/stm32c0xx_hal_pwr.o" --specs=nano.specs -mfloat-abi=soft -mthumb -o "Drivers/STM32C0xx_HAL_Driver/Src/stm32c0xx_hal_pwr.o"
arm-none-eabi-gcc "../Drivers/STM32C0xx_HAL_Driver/Src/stm32c0xx_hal_pwr_ex.c" -mcpu=cortex-m0plus -std=gnu11 -g3 -DDEBUG -DSTM32C011x4 -DUSE_HAL_DRIVER -DSTM32C011xx -c -I../Core/Inc -I../Drivers/STM32C0xx_HAL_Driver/Inc -I../Drivers/STM32C0xx_HAL_Driver/Inc/Legacy -I../Drivers/CMSIS/Device/ST/STM32C0xx/Include -I../Drivers/CMSIS/Include -O0 -ffunction-sections -fdata-sections -Wall -fstack-usage -fcyclomatic-complexity -MMD -MP -MF"Drivers/STM32C0xx_HAL_Driver/Src/stm32c0xx_hal_pwr_ex.d" -MT"Drivers/STM32C0xx_HAL_Driver/Src/stm32c0xx_hal_pwr_ex.o" --specs=nano.specs -mfloat-abi=soft -mthumb -o "Drivers/STM32C0xx_HAL_Driver/Src/stm32c0xx_hal_pwr_ex.o"
arm-none-eabi-gcc "../Drivers/STM32C0xx_HAL_Driver/Src/stm32c0xx_hal_rcc.c" -mcpu=cortex-m0plus -std=gnu11 -g3 -DDEBUG -DSTM32C011x4 -DUSE_HAL_DRIVER -DSTM32C011xx -c -I../Core/Inc -I../Drivers/STM32C0xx_HAL_Driver/Inc -I../Drivers/STM32C0xx_HAL_Driver/Inc/Legacy -I../Drivers/CMSIS/Device/ST/STM32C0xx/Include -I../Drivers/CMSIS/Include -O0 -ffunction-sections -fdata-sections -Wall -fstack-usage -fcyclomatic-complexity -MMD -MP -MF"Drivers/STM32C0xx_HAL_Driver/Src/stm32c0xx_hal_rcc.d" -MT"Drivers/STM32C0xx_HAL_Driver/Src/stm32c0xx_hal_rcc.o" --specs=nano.specs -mfloat-abi=soft -mthumb -o "Drivers/STM32C0xx_HAL_Driver/Src/stm32c0xx_hal_rcc.o"
arm-none-eabi-gcc "../Drivers/STM32C0xx_HAL_Driver/Src/stm32c0xx_hal_rcc_ex.c" -mcpu=cortex-m0plus -std=gnu11 -g3 -DDEBUG -DSTM32C011x4 -DUSE_HAL_DRIVER -DSTM32C011xx -c -I../Core/Inc -I../Drivers/STM32C0xx_HAL_Driver/Inc -I../Drivers/STM32C0xx_HAL_Driver/Inc/Legacy -I../Drivers/CMSIS/Device/ST/STM32C0xx/Include -I../Drivers/CMSIS/Include -O0 -ffunction-sections -fdata-sections -Wall -fstack-usage -fcyclomatic-complexity -MMD -MP -MF"Drivers/STM32C0xx_HAL_Driver/Src/stm32c0xx_hal_rcc_ex.d" -MT"Drivers/STM32C0xx_HAL_Driver/Src/stm32c0xx_hal_rcc_ex.o" --specs=nano.specs -mfloat-abi=soft -mthumb -o "Drivers/STM32C0xx_HAL_Driver/Src/stm32c0xx_hal_rcc_ex.o"
arm-none-eabi-gcc "../Drivers/STM32C0xx_HAL_Driver/Src/stm32c0xx_hal_tim.c" -mcpu=cortex-m0plus -std=gnu11 -g3 -DDEBUG -DSTM32C011x4 -DUSE_HAL_DRIVER -DSTM32C011xx -c -I../Core/Inc -I../Drivers/STM32C0xx_HAL_Driver/Inc -I../Drivers/STM32C0xx_HAL_Driver/Inc/Legacy -I../Drivers/CMSIS/Device/ST/STM32C0xx/Include -I../Drivers/CMSIS/Include -O0 -ffunction-sections -fdata-sections -Wall -fstack-usage -fcyclomatic-complexity -MMD -MP -MF"Drivers/STM32C0xx_HAL_Driver/Src/stm32c0xx_hal_tim.d" -MT"Drivers/STM32C0xx_HAL_Driver/Src/stm32c0xx_hal_tim.o" --specs=nano.specs -mfloat-abi=soft -mthumb -o "Drivers/STM32C0xx_HAL_Driver/Src/stm32c0xx_hal_tim.o"
arm-none-eabi-gcc "../Drivers/STM32C0xx_HAL_Driver/Src/stm32c0xx_hal_tim_ex.c" -mcpu=cortex-m0plus -std=gnu11 -g3 -DDEBUG -DSTM32C011x4 -DUSE_HAL_DRIVER -DSTM32C011xx -c -I../Core/Inc -I../Drivers/STM32C0xx_HAL_Driver/Inc -I../Drivers/STM32C0xx_HAL_Driver/Inc/Legacy -I../Drivers/CMSIS/Device/ST/STM32C0xx/Include -I../Drivers/CMSIS/Include -O0 -ffunction-sections -fdata-sections -Wall -fstack-usage -fcyclomatic-complexity -MMD -MP -MF"Drivers/STM32C0xx_HAL_Driver/Src/stm32c0xx_hal_tim_ex.d" -MT"Drivers/STM32C0xx_HAL_Driver/Src/stm32c0xx_hal_tim_ex.o" --specs=nano.specs -mfloat-abi=soft -mthumb -o "Drivers/STM32C0xx_HAL_Driver/Src/stm32c0xx_hal_tim_ex.o"
arm-none-eabi-gcc "../Core/Src/initial_operation.c" -mcpu=cortex-m0plus -std=gnu11 -g3 -DDEBUG -DSTM32C011x4 -DUSE_HAL_DRIVER -DSTM32C011xx -c -I../Core/Inc -I../Drivers/STM32C0xx_HAL_Driver/Inc -I../Drivers/STM32C0xx_HAL_Driver/Inc/Legacy -I../Drivers/CMSIS/Device/ST/STM32C0xx/Include -I../Drivers/CMSIS/Include -O0 -ffunction-sections -fdata-sections -Wall -fstack-usage -fcyclomatic-complexity -MMD -MP -MF"Core/Src/initial_operation.d" -MT"Core/Src/initial_operation.o" --specs=nano.specs -mfloat-abi=soft -mthumb -o "Core/Src/initial_operation.o"
arm-none-eabi-gcc "../Core/Src/main.c" -mcpu=cortex-m0plus -std=gnu11 -g3 -DDEBUG -DSTM32C011x4 -DUSE_HAL_DRIVER -DSTM32C011xx -c -I../Core/Inc -I../Drivers/STM32C0xx_HAL_Driver/Inc -I../Drivers/STM32C0xx_HAL_Driver/Inc/Legacy -I../Drivers/CMSIS/Device/ST/STM32C0xx/Include -I../Drivers/CMSIS/Include -O0 -ffunction-sections -fdata-sections -Wall -fstack-usage -fcyclomatic-complexity -MMD -MP -MF"Core/Src/main.d" -MT"Core/Src/main.o" --specs=nano.specs -mfloat-abi=soft -mthumb -o "Core/Src/main.o"
arm-none-eabi-gcc "../Core/Src/motion.c" -mcpu=cortex-m0plus -std=gnu11 -g3 -DDEBUG -DSTM32C011x4 -DUSE_HAL_DRIVER -DSTM32C011xx -c -I../Core/Inc -I../Drivers/STM32C0xx_HAL_Driver/Inc -I../Drivers/STM32C0xx_HAL_Driver/Inc/Legacy -I../Drivers/CMSIS/Device/ST/STM32C0xx/Include -I../Drivers/CMSIS/Include -O0 -ffunction-sections -fdata-sections -Wall -fstack-usage -fcyclomatic-complexity -MMD -MP -MF"Core/Src/motion.d" -MT"Core/Src/motion.o" --specs=nano.specs -mfloat-abi=soft -mthumb -o "Core/Src/motion.o"
arm-none-eabi-gcc "../Core/Src/stm32c0xx_hal_msp.c" -mcpu=cortex-m0plus -std=gnu11 -g3 -DDEBUG -DSTM32C011x4 -DUSE_HAL_DRIVER -DSTM32C011xx -c -I../Core/Inc -I../Drivers/STM32C0xx_HAL_Driver/Inc -I../Drivers/STM32C0xx_HAL_Driver/Inc/Legacy -I../Drivers/CMSIS/Device/ST/STM32C0xx/Include -I../Drivers/CMSIS/Include -O0 -ffunction-sections -fdata-sections -Wall -fstack-usage -fcyclomatic-complexity -MMD -MP -MF"Core/Src/stm32c0xx_hal_msp.d" -MT"Core/Src/stm32c0xx_hal_msp.o" --specs=nano.specs -mfloat-abi=soft -mthumb -o "Core/Src/stm32c0xx_hal_msp.o"
arm-none-eabi-gcc "../Core/Src/stm32c0xx_it.c" -mcpu=cortex-m0plus -std=gnu11 -g3 -DDEBUG -DSTM32C011x4 -DUSE_HAL_DRIVER -DSTM32C011xx -c -I../Core/Inc -I../Drivers/STM32C0xx_HAL_Driver/Inc -I../Drivers/STM32C0xx_HAL_Driver/Inc/Legacy -I../Drivers/CMSIS/Device/ST/STM32C0xx/Include -I../Drivers/CMSIS/Include -O0 -ffunction-sections -fdata-sections -Wall -fstack-usage -fcyclomatic-complexity -MMD -MP -MF"Core/Src/stm32c0xx_it.d" -MT"Core/Src/stm32c0xx_it.o" --specs=nano.specs -mfloat-abi=soft -mthumb -o "Core/Src/stm32c0xx_it.o"
arm-none-eabi-gcc "../Core/Src/syscalls.c" -mcpu=cortex-m0plus -std=gnu11 -g3 -DDEBUG -DSTM32C011x4 -DUSE_HAL_DRIVER -DSTM32C011xx -c -I../Core/Inc -I../Drivers/STM32C0xx_HAL_Driver/Inc -I../Drivers/STM32C0xx_HAL_Driver/Inc/Legacy -I../Drivers/CMSIS/Device/ST/STM32C0xx/Include -I../Drivers/CMSIS/Include -O0 -ffunction-sections -fdata-sections -Wall -fstack-usage -fcyclomatic-complexity -MMD -MP -MF"Core/Src/syscalls.d" -MT"Core/Src/syscalls.o" --specs=nano.specs -mfloat-abi=soft -mthumb -o "Core/Src/syscalls.o"
arm-none-eabi-gcc "../Core/Src/sysmem.c" -mcpu=cortex-m0plus -std=gnu11 -g3 -DDEBUG -DSTM32C011x4 -DUSE_HAL_DRIVER -DSTM32C011xx -c -I../Core/Inc -I../Drivers/STM32C0xx_HAL_Driver/Inc -I../Drivers/STM32C0xx_HAL_Driver/Inc/Legacy -I../Drivers/CMSIS/Device/ST/STM32C0xx/Include -I../Drivers/CMSIS/Include -O0 -ffunction-sections -fdata-sections -Wall -fstack-usage -fcyclomatic-complexity -MMD -MP -MF"Core/Src/sysmem.d" -MT"Core/Src/sysmem.o" --specs=nano.specs -mfloat-abi=soft -mthumb -o "Core/Src/sysmem.o"
../Core/Src/initial_operation.c: In function 'Check_I2C_to_ESP32':
../Core/Src/initial_operation.c:30:27: error: 'DBGMCU' undeclared (first use in this function)
   30 |         uint16_t dev_id = DBGMCU->IDCODE & 0x0FFF;
      |                           ^~~~~~
../Core/Src/initial_operation.c:30:27: note: each undeclared identifier is reported only once for each function it appears in
../Core/Src/initial_operation.c:35:18: error: 'devstatus' undeclared (first use in this function); did you mean 'devstat'?
   35 |         buf[0] = devstatus;
      |                  ^~~~~~~~~
      |                  devstat
../Core/Src/initial_operation.c:36:13: error: 'status' undeclared (first use in this function); did you mean 'ITStatus'?
   36 |         if (status == 0) {
      |             ^~~~~~
      |             ITStatus
../Core/Src/initial_operation.c:42:59: error: empty character constant
   42 |                 for(int i=1;i < sizeof(buf);i++) buf[i] = '';
      |                                                           ^~
arm-none-eabi-gcc "../Core/Src/system_stm32c0xx.c" -mcpu=cortex-m0plus -std=gnu11 -g3 -DDEBUG -DSTM32C011x4 -DUSE_HAL_DRIVER -DSTM32C011xx -c -I../Core/Inc -I../Drivers/STM32C0xx_HAL_Driver/Inc -I../Drivers/STM32C0xx_HAL_Driver/Inc/Legacy -I../Drivers/CMSIS/Device/ST/STM32C0xx/Include -I../Drivers/CMSIS/Include -O0 -ffunction-sections -fdata-sections -Wall -fstack-usage -fcyclomatic-complexity -MMD -MP -MF"Core/Src/system_stm32c0xx.d" -MT"Core/Src/system_stm32c0xx.o" --specs=nano.specs -mfloat-abi=soft -mthumb -o "Core/Src/system_stm32c0xx.o"
make: *** [Core/Src/subdir.mk:40: Core/Src/initial_operation.o] Error 1
make: *** Waiting for unfinished jobs....
"make -j8 all" terminated with exit code 2. Build might be incomplete.
22:20:09 **** Incremental Build of configuration Debug for project main ****
make -j8 all 
arm-none-eabi-gcc "../Core/Src/initial_operation.c" -mcpu=cortex-m0plus -std=gnu11 -g3 -DDEBUG -DSTM32C011x4 -DUSE_HAL_DRIVER -DSTM32C011xx -c -I../Core/Inc -I../Drivers/STM32C0xx_HAL_Driver/Inc -I../Drivers/STM32C0xx_HAL_Driver/Inc/Legacy -I../Drivers/CMSIS/Device/ST/STM32C0xx/Include -I../Drivers/CMSIS/Include -O0 -ffunction-sections -fdata-sections -Wall -fstack-usage -fcyclomatic-complexity -MMD -MP -MF"Core/Src/initial_operation.d" -MT"Core/Src/initial_operation.o" --specs=nano.specs -mfloat-abi=soft -mthumb -o "Core/Src/initial_operation.o"
../Core/Src/initial_operation.c: In function 'Check_I2C_to_ESP32':
../Core/Src/initial_operation.c:35:18: error: 'devstatus' undeclared (first use in this function); did you mean 'devstat'?
   35 |         buf[0] = devstatus;
      |                  ^~~~~~~~~
      |                  devstat
../Core/Src/initial_operation.c:35:18: note: each undeclared identifier is reported only once for each function it appears in
../Core/Src/initial_operation.c:36:13: error: 'status' undeclared (first use in this function); did you mean 'ITStatus'?
   36 |         if (status == 0) {
      |             ^~~~~~
      |             ITStatus
../Core/Src/initial_operation.c:42:59: error: empty character constant
   42 |                 for(int i=1;i < sizeof(buf);i++) buf[i] = '';
      |                                                           ^~
make: *** [Core/Src/subdir.mk:40: Core/Src/initial_operation.o] Error 1
"make -j8 all" terminated with exit code 2. Build might be incomplete.
22:30:49 **** Incremental Build of configuration Debug for project main ****
make -j8 all 
arm-none-eabi-gcc "../Core/Src/initial_operation.c" -mcpu=cortex-m0plus -std=gnu11 -g3 -DDEBUG -DSTM32C011x4 -DUSE_HAL_DRIVER -DSTM32C011xx -c -I../Core/Inc -I../Drivers/STM32C0xx_HAL_Driver/Inc -I../Drivers/STM32C0xx_HAL_Driver/Inc/Legacy -I../Drivers/CMSIS/Device/ST/STM32C0xx/Include -I../Drivers/CMSIS/Include -O0 -ffunction-sections -fdata-sections -Wall -fstack-usage -fcyclomatic-complexity -MMD -MP -MF"Core/Src/initial_operation.d" -MT"Core/Src/initial_operation.o" --specs=nano.specs -mfloat-abi=soft -mthumb -o "Core/Src/initial_operation.o"
../Core/Src/initial_operation.c: In function 'Check_I2C_to_ESP32':
../Core/Src/initial_operation.c:33:18: error: conflicting types for 'id_data'; have 'uint32_t[0]' {aka 'long unsigned int[]'}
   33 |         uint32_t id_data[0] = HAL_GetDEVID();
      |                  ^~~~~~~
../Core/Src/initial_operation.c:31:18: note: previous declaration of 'id_data' with type 'uint32_t[4]' {aka 'long unsigned int[4]'}
   31 |         uint32_t id_data[4];
      |                  ^~~~~~~
../Core/Src/initial_operation.c:33:31: error: invalid initializer
   33 |         uint32_t id_data[0] = HAL_GetDEVID();
      |                               ^~~~~~~~~~~~
../Core/Src/initial_operation.c:34:18: error: conflicting types for 'id_data'; have 'uint32_t[1]' {aka 'long unsigned int[1]'}
   34 |         uint32_t id_data[1] = HAL_GetUIDw0();
      |                  ^~~~~~~
../Core/Src/initial_operation.c:33:18: note: previous definition of 'id_data' with type 'uint32_t[0]' {aka 'long unsigned int[]'}
   33 |         uint32_t id_data[0] = HAL_GetDEVID();
      |                  ^~~~~~~
../Core/Src/initial_operation.c:34:31: error: invalid initializer
   34 |         uint32_t id_data[1] = HAL_GetUIDw0();
      |                               ^~~~~~~~~~~~
../Core/Src/initial_operation.c:35:18: error: conflicting types for 'id_data'; have 'uint32_t[2]' {aka 'long unsigned int[2]'}
   35 |         uint32_t id_data[2] = HAL_GetUIDw1();
      |                  ^~~~~~~
../Core/Src/initial_operation.c:34:18: note: previous definition of 'id_data' with type 'uint32_t[1]' {aka 'long unsigned int[1]'}
   34 |         uint32_t id_data[1] = HAL_GetUIDw0();
      |                  ^~~~~~~
../Core/Src/initial_operation.c:35:31: error: invalid initializer
   35 |         uint32_t id_data[2] = HAL_GetUIDw1();
      |                               ^~~~~~~~~~~~
../Core/Src/initial_operation.c:36:18: error: conflicting types for 'id_data'; have 'uint32_t[3]' {aka 'long unsigned int[3]'}
   36 |         uint32_t id_data[3] = HAL_GetUIDw1();
      |                  ^~~~~~~
../Core/Src/initial_operation.c:35:18: note: previous definition of 'id_data' with type 'uint32_t[2]' {aka 'long unsigned int[2]'}
   35 |         uint32_t id_data[2] = HAL_GetUIDw1();
      |                  ^~~~~~~
../Core/Src/initial_operation.c:36:31: error: invalid initializer
   36 |         uint32_t id_data[3] = HAL_GetUIDw1();
      |                               ^~~~~~~~~~~~
../Core/Src/initial_operation.c:41:13: error: 'status' undeclared (first use in this function); did you mean 'ITStatus'?
   41 |         if (status == 0) {
      |             ^~~~~~
      |             ITStatus
../Core/Src/initial_operation.c:41:13: note: each undeclared identifier is reported only once for each function it appears in
../Core/Src/initial_operation.c:50:59: error: empty character constant
   50 |                 for(int i=1;i < sizeof(buf);i++) buf[i] = '';
      |                                                           ^~
make: *** [Core/Src/subdir.mk:40: Core/Src/initial_operation.o] Error 1
"make -j8 all" terminated with exit code 2. Build might be incomplete.
22:31:46 **** Incremental Build of configuration Debug for project main ****
make -j8 all 
arm-none-eabi-gcc "../Core/Src/initial_operation.c" -mcpu=cortex-m0plus -std=gnu11 -g3 -DDEBUG -DSTM32C011x4 -DUSE_HAL_DRIVER -DSTM32C011xx -c -I../Core/Inc -I../Drivers/STM32C0xx_HAL_Driver/Inc -I../Drivers/STM32C0xx_HAL_Driver/Inc/Legacy -I../Drivers/CMSIS/Device/ST/STM32C0xx/Include -I../Drivers/CMSIS/Include -O0 -ffunction-sections -fdata-sections -Wall -fstack-usage -fcyclomatic-complexity -MMD -MP -MF"Core/Src/initial_operation.d" -MT"Core/Src/initial_operation.o" --specs=nano.specs -mfloat-abi=soft -mthumb -o "Core/Src/initial_operation.o"
../Core/Src/initial_operation.c: In function 'Check_I2C_to_ESP32':
../Core/Src/initial_operation.c:50:59: error: empty character constant
   50 |                 for(int i=1;i < sizeof(buf);i++) buf[i] = '';
      |                                                           ^~
make: *** [Core/Src/subdir.mk:40: Core/Src/initial_operation.o] Error 1
"make -j8 all" terminated with exit code 2. Build might be incomplete.
22:32:15 **** Incremental Build of configuration Debug for project main ****
make -j8 all 
arm-none-eabi-gcc "../Core/Src/initial_operation.c" -mcpu=cortex-m0plus -std=gnu11 -g3 -DDEBUG -DSTM32C011x4 -DUSE_HAL_DRIVER -DSTM32C011xx -c -I../Core/Inc -I../Drivers/STM32C0xx_HAL_Driver/Inc -I../Drivers/STM32C0xx_HAL_Driver/Inc/Legacy -I../Drivers/CMSIS/Device/ST/STM32C0xx/Include -I../Drivers/CMSIS/Include -O0 -ffunction-sections -fdata-sections -Wall -fstack-usage -fcyclomatic-complexity -MMD -MP -MF"Core/Src/initial_operation.d" -MT"Core/Src/initial_operation.o" --specs=nano.specs -mfloat-abi=soft -mthumb -o "Core/Src/initial_operation.o"
arm-none-eabi-gcc -o "main.elf" @"objects.list"   -mcpu=cortex-m0plus -T"D:\Firmware\src\STM32\main\STM32C011F4PX_FLASH.ld" --specs=nosys.specs -Wl,-Map="main.map" -Wl,--gc-sections -static --specs=nano.specs -mfloat-abi=soft -mthumb -Wl,--start-group -lc -lm -Wl,--end-group
Finished building target: main.elf
 
arm-none-eabi-size  main.elf 
arm-none-eabi-objdump -h -S main.elf  > "main.list"
   text	   data	    bss	    dec	    hex	filename
   9044	     12	   1652	  10708	   29d4	main.elf
Finished building: default.size.stdout
 
Finished building: main.list
 
22:32:34 **** Incremental Build of configuration Debug for project main ****
make -j8 all 
arm-none-eabi-size  main.elf 
   text	   data	    bss	    dec	    hex	filename
   9044	     12	   1652	  10708	   29d4	main.elf
Finished building: default.size.stdout
 
22:37:26 **** Incremental Build of configuration Debug for project main ****
make -j8 all 
arm-none-eabi-gcc "../Core/Src/initial_operation.c" -mcpu=cortex-m0plus -std=gnu11 -g3 -DDEBUG -DSTM32C011x4 -DUSE_HAL_DRIVER -DSTM32C011xx -c -I../Core/Inc -I../Drivers/STM32C0xx_HAL_Driver/Inc -I../Drivers/STM32C0xx_HAL_Driver/Inc/Legacy -I../Drivers/CMSIS/Device/ST/STM32C0xx/Include -I../Drivers/CMSIS/Include -O0 -ffunction-sections -fdata-sections -Wall -fstack-usage -fcyclomatic-complexity -MMD -MP -MF"Core/Src/initial_operation.d" -MT"Core/Src/initial_operation.o" --specs=nano.specs -mfloat-abi=soft -mthumb -o "Core/Src/initial_operation.o"
arm-none-eabi-gcc -o "main.elf" @"objects.list"   -mcpu=cortex-m0plus -T"D:\Firmware\src\STM32\main\STM32C011F4PX_FLASH.ld" --specs=nosys.specs -Wl,-Map="main.map" -Wl,--gc-sections -static --specs=nano.specs -mfloat-abi=soft -mthumb -Wl,--start-group -lc -lm -Wl,--end-group
Finished building target: main.elf
 
arm-none-eabi-size  main.elf 
arm-none-eabi-objdump -h -S main.elf  > "main.list"
   text	   data	    bss	    dec	    hex	filename
[...]
  106 |           HAL_I2C_Slave_Transmit(&hi2c1, data, 1, 1000);
      |                                          ^~~~
      |                                          |
      |                                          uint8_t {aka unsigned char}
In file included from ../Core/Inc/stm32c0xx_hal_conf.h:200,
                 from ../Drivers/STM32C0xx_HAL_Driver/Inc/stm32c0xx_hal.h:30,
                 from ../Core/Inc/main.h:30,
                 from ../Core/Src/main.c:20:
../Drivers/STM32C0xx_HAL_Driver/Inc/stm32c0xx_hal_i2c.h:630:76: note: expected 'uint8_t *' {aka 'unsigned char *'} but argument is of type 'uint8_t' {aka 'unsigned char'}
  630 | HAL_StatusTypeDef HAL_I2C_Slave_Transmit(I2C_HandleTypeDef *hi2c, uint8_t *pData, uint16_t Size,
      |                                                                   ~~~~~~~~~^~~~~
arm-none-eabi-gcc -o "main.elf" @"objects.list"   -mcpu=cortex-m0plus -T"D:\Firmware\src\STM32\main\STM32C011F4PX_FLASH.ld" --specs=nosys.specs -Wl,-Map="main.map" -Wl,--gc-sections -static --specs=nano.specs -mfloat-abi=soft -mthumb -Wl,--start-group -lc -lm -Wl,--end-group
Finished building target: main.elf
 
arm-none-eabi-size  main.elf 
arm-none-eabi-objdump -h -S main.elf  > "main.list"
   text	   data	    bss	    dec	    hex	filename
  11388	     12	   1652	  13052	   32fc	main.elf
Finished building: default.size.stdout
 
Finished building: main.list
 
22:18:05 **** Incremental Build of configuration Debug for project main ****
make -j8 all 
arm-none-eabi-gcc "../Core/Src/main.c" -mcpu=cortex-m0plus -std=gnu11 -g3 -DDEBUG -DSTM32C011x4 -DUSE_HAL_DRIVER -DSTM32C011xx -c -I../Core/Inc -I../Drivers/STM32C0xx_HAL_Driver/Inc -I../Drivers/STM32C0xx_HAL_Driver/Inc/Legacy -I../Drivers/CMSIS/Device/ST/STM32C0xx/Include -I../Drivers/CMSIS/Include -O0 -ffunction-sections -fdata-sections -Wall -fstack-usage -fcyclomatic-complexity -MMD -MP -MF"Core/Src/main.d" -MT"Core/Src/main.o" --specs=nano.specs -mfloat-abi=soft -mthumb -o "Core/Src/main.o"
arm-none-eabi-gcc -o "main.elf" @"objects.list"   -mcpu=cortex-m0plus -T"D:\Firmware\src\STM32\main\STM32C011F4PX_FLASH.ld" --specs=nosys.specs -Wl,-Map="main.map" -Wl,--gc-sections -static --specs=nano.specs -mfloat-abi=soft -mthumb -Wl,--start-group -lc -lm -Wl,--end-group
Finished building target: main.elf
 
arm-none-eabi-size  main.elf 
arm-none-eabi-objdump -h -S main.elf  > "main.list"
   text	   data	    bss	    dec	    hex	filename
  11384	     12	   1652	  13048	   32f8	main.elf
Finished building: default.size.stdout
 
Finished building: main.list
 
22:18:42 **** Incremental Build of configuration Debug for project main ****
make -j8 all 
arm-none-eabi-gcc "../Core/Src/main.c" -mcpu=cortex-m0plus -std=gnu11 -g3 -DDEBUG -DSTM32C011x4 -DUSE_HAL_DRIVER -DSTM32C011xx -c -I../Core/Inc -I../Drivers/STM32C0xx_HAL_Driver/Inc -I../Drivers/STM32C0xx_HAL_Driver/Inc/Legacy -I../Drivers/CMSIS/Device/ST/STM32C0xx/Include -I../Drivers/CMSIS/Include -O0 -ffunction-sections -fdata-sections -Wall -fstack-usage -fcyclomatic-complexity -MMD -MP -MF"Core/Src/main.d" -MT"Core/Src/main.o" --specs=nano.specs -mfloat-abi=soft -mthumb -o "Core/Src/main.o"
../Core/Src/main.c: In function 'main':
../Core/Src/main.c:107:38: error: 'GPIO_A' undeclared (first use in this function); did you mean 'GPIOA'?
  107 |                   HAL_GPIO_TogglePin(GPIO_A, GPIO_PIN_8);
      |                                      ^~~~~~
      |                                      GPIOA
../Core/Src/main.c:107:38: note: each undeclared identifier is reported only once for each function it appears in
make: *** [Core/Src/subdir.mk:40: Core/Src/main.o] Error 1
"make -j8 all" terminated with exit code 2. Build might be incomplete.
22:18:56 **** Incremental Build of configuration Debug for project main ****
make -j8 all 
arm-none-eabi-gcc "../Core/Src/main.c" -mcpu=cortex-m0plus -std=gnu11 -g3 -DDEBUG -DSTM32C011x4 -DUSE_HAL_DRIVER -DSTM32C011xx -c -I../Core/Inc -I../Drivers/STM32C0xx_HAL_Driver/Inc -I../Drivers/STM32C0xx_HAL_Driver/Inc/Legacy -I../Drivers/CMSIS/Device/ST/STM32C0xx/Include -I../Drivers/CMSIS/Include -O0 -ffunction-sections -fdata-sections -Wall -fstack-usage -fcyclomatic-complexity -MMD -MP -MF"Core/Src/main.d" -MT"Core/Src/main.o" --specs=nano.specs -mfloat-abi=soft -mthumb -o "Core/Src/main.o"
arm-none-eabi-gcc -o "main.elf" @"objects.list"   -mcpu=cortex-m0plus -T"D:\Firmware\src\STM32\main\STM32C011F4PX_FLASH.ld" --specs=nosys.specs -Wl,-Map="main.map" -Wl,--gc-sections -static --specs=nano.specs -mfloat-abi=soft -mthumb -Wl,--start-group -lc -lm -Wl,--end-group
Finished building target: main.elf
 
arm-none-eabi-size  main.elf 
arm-none-eabi-objdump -h -S main.elf  > "main.list"
   text	   data	    bss	    dec	    hex	filename
  11452	     12	   1652	  13116	   333c	main.elf
Finished building: default.size.stdout
 
Finished building: main.list
 
22:26:24 **** Incremental Build of configuration Debug for project main ****
make -j8 all 
arm-none-eabi-gcc "../Core/Src/main.c" -mcpu=cortex-m0plus -std=gnu11 -g3 -DDEBUG -DSTM32C011x4 -DUSE_HAL_DRIVER -DSTM32C011xx -c -I../Core/Inc -I../Drivers/STM32C0xx_HAL_Driver/Inc -I../Drivers/STM32C0xx_HAL_Driver/Inc/Legacy -I../Drivers/CMSIS/Device/ST/STM32C0xx/Include -I../Drivers/CMSIS/Include -O0 -ffunction-sections -fdata-sections -Wall -fstack-usage -fcyclomatic-complexity -MMD -MP -MF"Core/Src/main.d" -MT"Core/Src/main.o" --specs=nano.specs -mfloat-abi=soft -mthumb -o "Core/Src/main.o"
../Core/Src/main.c: In function 'main':
../Core/Src/main.c:105:26: warning: multi-character character constant [-Wmultichar]
  105 |           uint8_t data = 'thx';
      |                          ^~~~~
../Core/Src/main.c:105:26: warning: unsigned conversion from 'int' to 'uint8_t' {aka 'unsigned char'} changes value from '7628920' to '120' [-Woverflow]
../Core/Src/main.c:106:45: warning: passing argument 2 of 'HAL_I2C_Slave_Transmit' makes pointer from integer without a cast [-Wint-conversion]
  106 |           if(HAL_I2C_Slave_Transmit(&hi2c1, data, 3, 1000) == HAL_OK){
      |                                             ^~~~
      |                                             |
      |                                             uint8_t {aka unsigned char}
In file included from ../Core/Inc/stm32c0xx_hal_conf.h:200,
                 from ../Drivers/STM32C0xx_HAL_Driver/Inc/stm32c0xx_hal.h:30,
                 from ../Core/Inc/main.h:30,
                 from ../Core/Src/main.c:20:
../Drivers/STM32C0xx_HAL_Driver/Inc/stm32c0xx_hal_i2c.h:630:76: note: expected 'uint8_t *' {aka 'unsigned char *'} but argument is of type 'uint8_t' {aka 'unsigned char'}
  630 | HAL_StatusTypeDef HAL_I2C_Slave_Transmit(I2C_HandleTypeDef *hi2c, uint8_t *pData, uint16_t Size,
      |                                                                   ~~~~~~~~~^~~~~
arm-none-eabi-gcc -o "main.elf" @"objects.list"   -mcpu=cortex-m0plus -T"D:\Firmware\src\STM32\main\STM32C011F4PX_FLASH.ld" --specs=nosys.specs -Wl,-Map="main.map" -Wl,--gc-sections -static --specs=nano.specs -mfloat-abi=soft -mthumb -Wl,--start-group -lc -lm -Wl,--end-group
Finished building target: main.elf
 
arm-none-eabi-size  main.elf 
arm-none-eabi-objdump -h -S main.elf  > "main.list"
   text	   data	    bss	    dec	    hex	filename
  11456	     12	   1652	  13120	   3340	main.elf
Finished building: default.size.stdout
 
Finished building: main.list
 
22:43:13 **** Incremental Build of configuration Debug for project main ****
make -j8 all 
arm-none-eabi-gcc "../Core/Src/main.c" -mcpu=cortex-m0plus -std=gnu11 -g3 -DDEBUG -DSTM32C011x4 -DUSE_HAL_DRIVER -DSTM32C011xx -c -I../Core/Inc -I../Drivers/STM32C0xx_HAL_Driver/Inc -I../Drivers/STM32C0xx_HAL_Driver/Inc/Legacy -I../Drivers/CMSIS/Device/ST/STM32C0xx/Include -I../Drivers/CMSIS/Include -O0 -ffunction-sections -fdata-sections -Wall -fstack-usage -fcyclomatic-complexity -MMD -MP -MF"Core/Src/main.d" -MT"Core/Src/main.o" --specs=nano.specs -mfloat-abi=soft -mthumb -o "Core/Src/main.o"
arm-none-eabi-gcc -o "main.elf" @"objects.list"   -mcpu=cortex-m0plus -T"D:\Firmware\src\STM32\main\STM32C011F4PX_FLASH.ld" --specs=nosys.specs -Wl,-Map="main.map" -Wl,--gc-sections -static --specs=nano.specs -mfloat-abi=soft -mthumb -Wl,--start-group -lc -lm -Wl,--end-group
Finished building target: main.elf
 
arm-none-eabi-size  main.elf 
arm-none-eabi-objdump -h -S main.elf  > "main.list"
   text	   data	    bss	    dec	    hex	filename
  11468	     12	   1652	  13132	   334c	main.elf
Finished building: default.size.stdout
 
Finished building: main.list
 
23:14:01 **** Incremental Build of configuration Debug for project main ****
make -j8 all 
arm-none-eabi-gcc "../Core/Src/main.c" -mcpu=cortex-m0plus -std=gnu11 -g3 -DDEBUG -DSTM32C011x4 -DUSE_HAL_DRIVER -DSTM32C011xx -c -I../Core/Inc -I../Drivers/STM32C0xx_HAL_Driver/Inc -I../Drivers/STM32C0xx_HAL_Driver/Inc/Legacy -I../Drivers/CMSIS/Device/ST/STM32C0xx/Include -I../Drivers/CMSIS/Include -O0 -ffunction-sections -fdata-sections -Wall -fstack-usage -fcyclomatic-complexity -MMD -MP -MF"Core/Src/main.d" -MT"Core/Src/main.o" --specs=nano.specs -mfloat-abi=soft -mthumb -o "Core/Src/main.o"
../Core/Src/main.c: In function 'main':
../Core/Src/main.c:110:11: warning: implicit declaration of function 'HAL_DELAY'; did you mean 'HAL_Delay'? [-Wimplicit-function-declaration]
  110 |           HAL_DELAY(500);
      |           ^~~~~~~~~
      |           HAL_Delay
arm-none-eabi-gcc -o "main.elf" @"objects.list"   -mcpu=cortex-m0plus -T"D:\Firmware\src\STM32\main\STM32C011F4PX_FLASH.ld" --specs=nosys.specs -Wl,-Map="main.map" -Wl,--gc-sections -static --specs=nano.specs -mfloat-abi=soft -mthumb -Wl,--start-group -lc -lm -Wl,--end-group
C:/ST/STM32CubeIDE_1.18.1/STM32CubeIDE/plugins/com.st.stm32cube.ide.mcu.externaltools.gnu-tools-for-stm32.13.3.rel1.win32_1.0.0.202411081344/tools/bin/../lib/gcc/arm-none-eabi/13.3.1/../../../../arm-none-eabi/bin/ld.exe: ./Core/Src/main.o: in function `main':
D:/Firmware/src/STM32/main/Debug/../Core/Src/main.c:110:(.text.main+0x4a): undefined reference to `HAL_DELAY'
collect2.exe: error: ld returned 1 exit status
make: *** [makefile:64: main.elf] Error 1
"make -j8 all" terminated with exit code 2. Build might be incomplete.
23:14:31 **** Incremental Build of configuration Debug for project main ****
make -j8 all 
arm-none-eabi-gcc "../Core/Src/main.c" -mcpu=cortex-m0plus -std=gnu11 -g3 -DDEBUG -DSTM32C011x4 -DUSE_HAL_DRIVER -DSTM32C011xx -c -I../Core/Inc -I../Drivers/STM32C0xx_HAL_Driver/Inc -I../Drivers/STM32C0xx_HAL_Driver/Inc/Legacy -I../Drivers/CMSIS/Device/ST/STM32C0xx/Include -I../Drivers/CMSIS/Include -O0 -ffunction-sections -fdata-sections -Wall -fstack-usage -fcyclomatic-complexity -MMD -MP -MF"Core/Src/main.d" -MT"Core/Src/main.o" --specs=nano.specs -mfloat-abi=soft -mthumb -o "Core/Src/main.o"
arm-none-eabi-gcc -o "main.elf" @"objects.list"   -mcpu=cortex-m0plus -T"D:\Firmware\src\STM32\main\STM32C011F4PX_FLASH.ld" --specs=nosys.specs -Wl,-Map="main.map" -Wl,--gc-sections -static --specs=nano.specs -mfloat-abi=soft -mthumb -Wl,--start-group -lc -lm -Wl,--end-group
Finished building target: main.elf
 
arm-none-eabi-size  main.elf 
arm-none-eabi-objdump -h -S main.elf  > "main.list"
   text	   data	    bss	    dec	    hex	filename
  11548	     12	   1652	  13212	   339c	main.elf
Finished building: default.size.stdout
 
Finished building: main.list
 
23:16:32 **** Incremental Build of configuration Debug for project main ****
make -j8 all 
arm-none-eabi-gcc "../Core/Src/main.c" -mcpu=cortex-m0plus -std=gnu11 -g3 -DDEBUG -DSTM32C011x4 -DUSE_HAL_DRIVER -DSTM32C011xx -c -I../Core/Inc -I../Drivers/STM32C0xx_HAL_Driver/Inc -I../Drivers/STM32C0xx_HAL_Driver/Inc/Legacy -I../Drivers/CMSIS/Device/ST/STM32C0xx/Include -I../Drivers/CMSIS/Include -O0 -ffunction-sections -fdata-sections -Wall -fstack-usage -fcyclomatic-complexity -MMD -MP -MF"Core/Src/main.d" -MT"Core/Src/main.o" --specs=nano.specs -mfloat-abi=soft -mthumb -o "Core/Src/main.o"
arm-none-eabi-gcc -o "main.elf" @"objects.list"   -mcpu=cortex-m0plus -T"D:\Firmware\src\STM32\main\STM32C011F4PX_FLASH.ld" --specs=nosys.specs -Wl,-Map="main.map" -Wl,--gc-sections -static --specs=nano.specs -mfloat-abi=soft -mthumb -Wl,--start-group -lc -lm -Wl,--end-group
Finished building target: main.elf
 
arm-none-eabi-size  main.elf 
arm-none-eabi-objdump -h -S main.elf  > "main.list"
   text	   data	    bss	    dec	    hex	filename
  11544	     12	   1652	  13208	   3398	main.elf
Finished building: default.size.stdout
 
Finished building: main.list
 
23:18:35 **** Incremental Build of configuration Debug for project main ****
make -j8 all 
arm-none-eabi-gcc "../Core/Src/main.c" -mcpu=cortex-m0plus -std=gnu11 -g3 -DDEBUG -DSTM32C011x4 -DUSE_HAL_DRIVER -DSTM32C011xx -c -I../Core/Inc -I../Drivers/STM32C0xx_HAL_Driver/Inc -I../Drivers/STM32C0xx_HAL_Driver/Inc/Legacy -I../Drivers/CMSIS/Device/ST/STM32C0xx/Include -I../Drivers/CMSIS/Include -O0 -ffunction-sections -fdata-sections -Wall -fstack-usage -fcyclomatic-complexity -MMD -MP -MF"Core/Src/main.d" -MT"Core/Src/main.o" --specs=nano.specs -mfloat-abi=soft -mthumb -o "Core/Src/main.o"
arm-none-eabi-gcc -o "main.elf" @"objects.list"   -mcpu=cortex-m0plus -T"D:\Firmware\src\STM32\main\STM32C011F4PX_FLASH.ld" --specs=nosys.specs -Wl,-Map="main.map" -Wl,--gc-sections -static --specs=nano.specs -mfloat-abi=soft -mthumb -Wl,--start-group -lc -lm -Wl,--end-group
Finished building target: main.elf
 
arm-none-eabi-size  main.elf 
arm-none-eabi-objdump -h -S main.elf  > "main.list"
   text	   data	    bss	    dec	    hex	filename
  11544	     12	   1652	  13208	   3398	main.elf
Finished building: default.size.stdout
 
Finished building: main.list
 
08:39:29 **** Incremental Build of configuration Debug for project main ****
make -j8 all 
arm-none-eabi-gcc "../Core/Src/initial_operation.c" -mcpu=cortex-m0plus -std=gnu11 -g3 -DDEBUG -DSTM32C011x4 -DUSE_HAL_DRIVER -DSTM32C011xx -c -I../Core/Inc -I../Drivers/STM32C0xx_HAL_Driver/Inc -I../Drivers/STM32C0xx_HAL_Driver/Inc/Legacy -I../Drivers/CMSIS/Device/ST/STM32C0xx/Include -I../Drivers/CMSIS/Include -O0 -ffunction-sections -fdata-sections -Wall -fstack-usage -fcyclomatic-complexity -MMD -MP -MF"Core/Src/initial_operation.d" -MT"Core/Src/initial_operation.o" --specs=nano.specs -mfloat-abi=soft -mthumb -o "Core/Src/initial_operation.o"
arm-none-eabi-gcc "../Core/Src/main.c" -mcpu=cortex-m0plus -std=gnu11 -g3 -DDEBUG -DSTM32C011x4 -DUSE_HAL_DRIVER -DSTM32C011xx -c -I../Core/Inc -I../Drivers/STM32C0xx_HAL_Driver/Inc -I../Drivers/STM32C0xx_HAL_Driver/Inc/Legacy -I../Drivers/CMSIS/Device/ST/STM32C0xx/Include -I../Drivers/CMSIS/Include -O0 -ffunction-sections -fdata-sections -Wall -fstack-usage -fcyclomatic-complexity -MMD -MP -MF"Core/Src/main.d" -MT"Core/Src/main.o" --specs=nano.specs -mfloat-abi=soft -mthumb -o "Core/Src/main.o"
../Core/Src/main.c: In function 'main':
../Core/Src/main.c:104:11: warning: implicit declaration of function 'do_instruction' [-Wimplicit-function-declaration]
  104 |           do_instruction(0);
      |           ^~~~~~~~~~~~~~
arm-none-eabi-gcc -o "main.elf" @"objects.list"   -mcpu=cortex-m0plus -T"D:\Firmware\src\STM32\main\STM32C011F4PX_FLASH.ld" --specs=nosys.specs -Wl,-Map="main.map" -Wl,--gc-sections -static --specs=nano.specs -mfloat-abi=soft -mthumb -Wl,--start-group -lc -lm -Wl,--end-group
Finished building target: main.elf
 
arm-none-eabi-size  main.elf 
arm-none-eabi-objdump -h -S main.elf  > "main.list"
   text	   data	    bss	    dec	    hex	filename
  12856	     12	   1652	  14520	   38b8	main.elf
Finished building: default.size.stdout
 
Finished building: main.list
 
08:41:22 **** Incremental Build of configuration Debug for project main ****
make -j8 all 
arm-none-eabi-gcc "../Core/Src/main.c" -mcpu=cortex-m0plus -std=gnu11 -g3 -DDEBUG -DSTM32C011x4 -DUSE_HAL_DRIVER -DSTM32C011xx -c -I../Core/Inc -I../Drivers/STM32C0xx_HAL_Driver/Inc -I../Drivers/STM32C0xx_HAL_Driver/Inc/Legacy -I../Drivers/CMSIS/Device/ST/STM32C0xx/Include -I../Drivers/CMSIS/Include -O0 -ffunction-sections -fdata-sections -Wall -fstack-usage -fcyclomatic-complexity -MMD -MP -MF"Core/Src/main.d" -MT"Core/Src/main.o" --specs=nano.specs -mfloat-abi=soft -mthumb -o "Core/Src/main.o"
arm-none-eabi-gcc -o "main.elf" @"objects.list"   -mcpu=cortex-m0plus -T"D:\Firmware\src\STM32\main\STM32C011F4PX_FLASH.ld" --specs=nosys.specs -Wl,-Map="main.map" -Wl,--gc-sections -static --specs=nano.specs -mfloat-abi=soft -mthumb -Wl,--start-group -lc -lm -Wl,--end-group
Finished building target: main.elf
 
arm-none-eabi-size  main.elf 
arm-none-eabi-objdump -h -S main.elf  > "main.list"
   text	   data	    bss	    dec	    hex	filename
  12852	     12	   1652	  14516	   38b4	main.elf
Finished building: default.size.stdout
 
Finished building: main.list
 
08:42:22 **** Incremental Build of configuration Debug for project main ****
make -j8 all 
arm-none-eabi-size  main.elf 
   text	   data	    bss	    dec	    hex	filename
  12852	     12	   1652	  14516	   38b4	main.elf
Finished building: default.size.stdout
 
08:50:48 **** Incremental Build of configuration Debug for project main ****
make -j8 all 
arm-none-eabi-gcc "../Core/Src/initial_operation.c" -mcpu=cortex-m0plus -std=gnu11 -g3 -DDEBUG -DSTM32C011x4 -DUSE_HAL_DRIVER -DSTM32C011xx -c -I../Core/Inc -I../Drivers/STM32C0xx_HAL_Driver/Inc -I../Drivers/STM32C0xx_HAL_Driver/Inc/Legacy -I../Drivers/CMSIS/Device/ST/STM32C0xx/Include -I../Drivers/CMSIS/Include -O0 -ffunction-sections -fdata-sections -Wall -fstack-usage -fcyclomatic-complexity -MMD -MP -MF"Core/Src/initial_operation.d" -MT"Core/Src/initial_operation.o" --specs=nano.specs -mfloat-abi=soft -mthumb -o "Core/Src/initial_operation.o"
arm-none-eabi-gcc -o "main.elf" @"objects.list"   -mcpu=cortex-m0plus -T"D:\Firmware\src\STM32\main\STM32C011F4PX_FLASH.ld" --specs=nosys.specs -Wl,-Map="main.map" -Wl,--gc-sections -static --specs=nano.specs -mfloat-abi=soft -mthumb -Wl,--start-group -lc -lm -Wl,--end-group
Finished building target: main.elf
 
arm-none-eabi-size  main.elf 
arm-none-eabi-objdump -h -S main.elf  > "main.list"
   text	   data	    bss	    dec	    hex	filename
  12852	     12	   1652	  14516	   38b4	main.elf
Finished building: default.size.stdout
 
Finished building: main.list
 
08:57:42 **** Incremental Build of configuration Debug for project main ****
make -j8 all 
arm-none-eabi-gcc "../Core/Src/connection.c" -mcpu=cortex-m0plus -std=gnu11 -g3 -DDEBUG -DSTM32C011x4 -DUSE_HAL_DRIVER -DSTM32C011xx -c -I../Core/Inc -I../Drivers/STM32C0xx_HAL_Driver/Inc -I../Drivers/STM32C0xx_HAL_Driver/Inc/Legacy -I../Drivers/CMSIS/Device/ST/STM32C0xx/Include -I../Drivers/CMSIS/Include -O0 -ffunction-sections -fdata-sections -Wall -fstack-usage -fcyclomatic-complexity -MMD -MP -MF"Core/Src/connection.d" -MT"Core/Src/connection.o" --specs=nano.specs -mfloat-abi=soft -mthumb -o "Core/Src/connection.o"
arm-none-eabi-gcc "../Core/Src/initial_operation.c" -mcpu=cortex-m0plus -std=gnu11 -g3 -DDEBUG -DSTM32C011x4 -DUSE_HAL_DRIVER -DSTM32C011xx -c -I../Core/Inc -I../Drivers/STM32C0xx_HAL_Driver/Inc -I../Drivers/STM32C0xx_HAL_Driver/Inc/Legacy -I../Drivers/CMSIS/Device/ST/STM32C0xx/Include -I../Drivers/CMSIS/Include -O0 -ffunction-sections -fdata-sections -Wall -fstack-usage -fcyclomatic-complexity -MMD -MP -MF"Core/Src/initial_operation.d" -MT"Core/Src/initial_operation.o" --specs=nano.specs -mfloat-abi=soft -mthumb -o "Core/Src/initial_operation.o"
arm-none-eabi-gcc -o "main.elf" @"objects.list"   -mcpu=cortex-m0plus -T"D:\Firmware\src\STM32\main\STM32C011F4PX_FLASH.ld" --specs=nosys.specs -Wl,-Map="main.map" -Wl,--gc-sections -static --specs=nano.specs -mfloat-abi=soft -mthumb -Wl,--start-group -lc -lm -Wl,--end-group
Finished building target: main.elf
 
arm-none-eabi-size  main.elf 
arm-none-eabi-objdump -h -S main.elf  > "main.list"
   text	   data	    bss	    dec	    hex	filename
  12860	     12	   1652	  14524	   38bc	main.elf
Finished building: default.size.stdout
 
Finished building: main.list
 
