16:58:09 **** Incremental Build of configuration Debug for project main ****
make -j8 all 
arm-none-eabi-g++ "../Core/Src/connection.c" -mcpu=cortex-m0plus -DDEBUG -DSTM32C011x4 -DUSE_HAL_DRIVER -DSTM32C011xx -c -I../Core/Inc -I../Drivers/STM32C0xx_HAL_Driver/Inc -I../Drivers/STM32C0xx_HAL_Driver/Inc/Legacy -I../Drivers/CMSIS/Device/ST/STM32C0xx/Include -I../Drivers/CMSIS/Include -I../Core/Src -I"D:/Firmware/src/STM32/main/Core/Src" -I"D:/Firmware/src/STM32/main/Core/Inc" -include../Core/Inc/connection.h -O2 -ffunction-sections -fdata-sections -Wall -fstack-usage -fcyclomatic-complexity -MMD -MP -MF"Core/Src/connection.d" -MT"Core/Src/connection.o" --specs=nano.specs -mfloat-abi=soft -mthumb -o "Core/Src/connection.o"
arm-none-eabi-gcc "../Core/Src/main.c" -mcpu=cortex-m0plus -DDEBUG -DSTM32C011x4 -DUSE_HAL_DRIVER -DSTM32C011xx -c -I../Core/Inc -I../Drivers/STM32C0xx_HAL_Driver/Inc -I../Drivers/STM32C0xx_HAL_Driver/Inc/Legacy -I../Drivers/CMSIS/Device/ST/STM32C0xx/Include -I../Drivers/CMSIS/Include -I../Core/Src -I"D:/Firmware/src/STM32/main/Core/Src" -I"D:/Firmware/src/STM32/main/Core/Inc" -include../Core/Inc/connection.h -O2 -ffunction-sections -fdata-sections -Wall -fstack-usage -fcyclomatic-complexity -MMD -MP -MF"Core/Src/main.d" -MT"Core/Src/main.o" --specs=nano.specs -mfloat-abi=soft -mthumb -o "Core/Src/main.o"
arm-none-eabi-gcc "../Core/Src/stepper.c" -mcpu=cortex-m0plus -DDEBUG -DSTM32C011x4 -DUSE_HAL_DRIVER -DSTM32C011xx -c -I../Core/Inc -I../Drivers/STM32C0xx_HAL_Driver/Inc -I../Drivers/STM32C0xx_HAL_Driver/Inc/Legacy -I../Drivers/CMSIS/Device/ST/STM32C0xx/Include -I../Drivers/CMSIS/Include -I../Core/Src -I"D:/Firmware/src/STM32/main/Core/Src" -I"D:/Firmware/src/STM32/main/Core/Inc" -include../Core/Inc/connection.h -O2 -ffunction-sections -fdata-sections -Wall -fstack-usage -fcyclomatic-complexity -MMD -MP -MF"Core/Src/stepper.d" -MT"Core/Src/stepper.o" --specs=nano.specs -mfloat-abi=soft -mthumb -o "Core/Src/stepper.o"
arm-none-eabi-gcc -o "main.elf" @"objects.list"   -mcpu=cortex-m0plus -T"D:\Firmware\src\STM32\main\STM32C011F4PX_FLASH.ld" --specs=nosys.specs -Wl,-Map="main.map" -Wl,--gc-sections -static --specs=nano.specs -mfloat-abi=soft -mthumb -Wl,--start-group -lc -lm -Wl,--end-group
Finished building target: main.elf
 
arm-none-eabi-size  main.elf 
arm-none-eabi-objdump -h -S main.elf  > "main.list"
   text	   data	    bss	    dec	    hex	filename
  14892	     92	   2124	  17108	   42d4	main.elf
Finished building: default.size.stdout
 
Finished building: main.list
 
18:28:20 **** Incremental Build of configuration Debug for project main ****
make -j8 all 
arm-none-eabi-g++ "../Core/Src/connection.c" -mcpu=cortex-m0plus -DDEBUG -DSTM32C011x4 -DUSE_HAL_DRIVER -DSTM32C011xx -c -I../Core/Inc -I../Drivers/STM32C0xx_HAL_Driver/Inc -I../Drivers/STM32C0xx_HAL_Driver/Inc/Legacy -I../Drivers/CMSIS/Device/ST/STM32C0xx/Include -I../Drivers/CMSIS/Include -I../Core/Src -I"D:/Firmware/src/STM32/main/Core/Src" -I"D:/Firmware/src/STM32/main/Core/Inc" -include../Core/Inc/connection.h -O2 -ffunction-sections -fdata-sections -Wall -fstack-usage -fcyclomatic-complexity -MMD -MP -MF"Core/Src/connection.d" -MT"Core/Src/connection.o" --specs=nano.specs -mfloat-abi=soft -mthumb -o "Core/Src/connection.o"
arm-none-eabi-gcc "../Core/Src/main.c" -mcpu=cortex-m0plus -DDEBUG -DSTM32C011x4 -DUSE_HAL_DRIVER -DSTM32C011xx -c -I../Core/Inc -I../Drivers/STM32C0xx_HAL_Driver/Inc -I../Drivers/STM32C0xx_HAL_Driver/Inc/Legacy -I../Drivers/CMSIS/Device/ST/STM32C0xx/Include -I../Drivers/CMSIS/Include -I../Core/Src -I"D:/Firmware/src/STM32/main/Core/Src" -I"D:/Firmware/src/STM32/main/Core/Inc" -include../Core/Inc/connection.h -O2 -ffunction-sections -fdata-sections -Wall -fstack-usage -fcyclomatic-complexity -MMD -MP -MF"Core/Src/main.d" -MT"Core/Src/main.o" --specs=nano.specs -mfloat-abi=soft -mthumb -o "Core/Src/main.o"
arm-none-eabi-gcc "../Core/Src/stm32c0xx_hal_msp.c" -mcpu=cortex-m0plus -DDEBUG -DSTM32C011x4 -DUSE_HAL_DRIVER -DSTM32C011xx -c -I../Core/Inc -I../Drivers/STM32C0xx_HAL_Driver/Inc -I../Drivers/STM32C0xx_HAL_Driver/Inc/Legacy -I../Drivers/CMSIS/Device/ST/STM32C0xx/Include -I../Drivers/CMSIS/Include -I../Core/Src -I"D:/Firmware/src/STM32/main/Core/Src" -I"D:/Firmware/src/STM32/main/Core/Inc" -include../Core/Inc/connection.h -O2 -ffunction-sections -fdata-sections -Wall -fstack-usage -fcyclomatic-complexity -MMD -MP -MF"Core/Src/stm32c0xx_hal_msp.d" -MT"Core/Src/stm32c0xx_hal_msp.o" --specs=nano.specs -mfloat-abi=soft -mthumb -o "Core/Src/stm32c0xx_hal_msp.o"
arm-none-eabi-gcc -o "main.elf" @"objects.list"   -mcpu=cortex-m0plus -T"D:\Firmware\src\STM32\main\STM32C011F4PX_FLASH.ld" --specs=nosys.specs -Wl,-Map="main.map" -Wl,--gc-sections -static --specs=nano.specs -mfloat-abi=soft -mthumb -Wl,--start-group -lc -lm -Wl,--end-group
Finished building target: main.elf
 
arm-none-eabi-size  main.elf 
arm-none-eabi-objdump -h -S main.elf  > "main.list"
   text	   data	    bss	    dec	    hex	filename
  14912	     92	   2124	  17128	   42e8	main.elf
Finished building: default.size.stdout
 
Finished building: main.list
 
18:28:39 **** Incremental Build of configuration Debug for project main ****
make -j8 all 
arm-none-eabi-size  main.elf 
   text	   data	    bss	    dec	    hex	filename
  14912	     92	   2124	  17128	   42e8	main.elf
Finished building: default.size.stdout
 
18:31:16 **** Incremental Build of configuration Debug for project main ****
make -j8 all 
arm-none-eabi-size  main.elf 
   text	   data	    bss	    dec	    hex	filename
  14912	     92	   2124	  17128	   42e8	main.elf
Finished building: default.size.stdout
 
18:36:03 **** Incremental Build of configuration Debug for project main ****
make -j8 all 
arm-none-eabi-g++ "../Core/Src/connection.c" -mcpu=cortex-m0plus -DDEBUG -DSTM32C011x4 -DUSE_HAL_DRIVER -DSTM32C011xx -c -I../Core/Inc -I../Drivers/STM32C0xx_HAL_Driver/Inc -I../Drivers/STM32C0xx_HAL_Driver/Inc/Legacy -I../Drivers/CMSIS/Device/ST/STM32C0xx/Include -I../Drivers/CMSIS/Include -I../Core/Src -I"D:/Firmware/src/STM32/main/Core/Src" -I"D:/Firmware/src/STM32/main/Core/Inc" -include../Core/Inc/connection.h -O2 -ffunction-sections -fdata-sections -Wall -fstack-usage -fcyclomatic-complexity -MMD -MP -MF"Core/Src/connection.d" -MT"Core/Src/connection.o" --specs=nano.specs -mfloat-abi=soft -mthumb -o "Core/Src/connection.o"
arm-none-eabi-gcc -o "main.elf" @"objects.list"   -mcpu=cortex-m0plus -T"D:\Firmware\src\STM32\main\STM32C011F4PX_FLASH.ld" --specs=nosys.specs -Wl,-Map="main.map" -Wl,--gc-sections -static --specs=nano.specs -mfloat-abi=soft -mthumb -Wl,--start-group -lc -lm -Wl,--end-group
Finished building target: main.elf
 
arm-none-eabi-size  main.elf 
arm-none-eabi-objdump -h -S main.elf  > "main.list"
   text	   data	    bss	    dec	    hex	filename
  14888	     92	   2124	  17104	   42d0	main.elf
Finished building: default.size.stdout
 
Finished building: main.list
 
18:37:08 **** Incremental Build of configuration Debug for project main ****
make -j8 all 
arm-none-eabi-g++ "../Core/Src/connection.c" -mcpu=cortex-m0plus -DDEBUG -DSTM32C011x4 -DUSE_HAL_DRIVER -DSTM32C011xx -c -I../Core/Inc -I../Drivers/STM32C0xx_HAL_Driver/Inc -I../Drivers/STM32C0xx_HAL_Driver/Inc/Legacy -I../Drivers/CMSIS/Device/ST/STM32C0xx/Include -I../Drivers/CMSIS/Include -I../Core/Src -I"D:/Firmware/src/STM32/main/Core/Src" -I"D:/Firmware/src/STM32/main/Core/Inc" -include../Core/Inc/connection.h -O2 -ffunction-sections -fdata-sections -Wall -fstack-usage -fcyclomatic-complexity -MMD -MP -MF"Core/Src/connection.d" -MT"Core/Src/connection.o" --specs=nano.specs -mfloat-abi=soft -mthumb -o "Core/Src/connection.o"
arm-none-eabi-gcc -o "main.elf" @"objects.list"   -mcpu=cortex-m0plus -T"D:\Firmware\src\STM32\main\STM32C011F4PX_FLASH.ld" --specs=nosys.specs -Wl,-Map="main.map" -Wl,--gc-sections -static --specs=nano.specs -mfloat-abi=soft -mthumb -Wl,--start-group -lc -lm -Wl,--end-group
Finished building target: main.elf
 
arm-none-eabi-size  main.elf 
arm-none-eabi-objdump -h -S main.elf  > "main.list"
   text	   data	    bss	    dec	    hex	filename
  14912	     92	   2124	  17128	   42e8	main.elf
Finished building: default.size.stdout
 
Finished building: main.list
 
18:37:53 **** Incremental Build of configuration Debug for project main ****
make -j8 all 
arm-none-eabi-g++ "../Core/Src/connection.c" -mcpu=cortex-m0plus -DDEBUG -DSTM32C011x4 -DUSE_HAL_DRIVER -DSTM32C011xx -c -I../Core/Inc -I../Drivers/STM32C0xx_HAL_Driver/Inc -I../Drivers/STM32C0xx_HAL_Driver/Inc/Legacy -I../Drivers/CMSIS/Device/ST/STM32C0xx/Include -I../Drivers/CMSIS/Include -I../Core/Src -I"D:/Firmware/src/STM32/main/Core/Src" -I"D:/Firmware/src/STM32/main/Core/Inc" -include../Core/Inc/connection.h -O2 -ffunction-sections -fdata-sections -Wall -fstack-usage -fcyclomatic-complexity -MMD -MP -MF"Core/Src/connection.d" -MT"Core/Src/connection.o" --specs=nano.specs -mfloat-abi=soft -mthumb -o "Core/Src/connection.o"
arm-none-eabi-gcc -o "main.elf" @"objects.list"   -mcpu=cortex-m0plus -T"D:\Firmware\src\STM32\main\STM32C011F4PX_FLASH.ld" --specs=nosys.specs -Wl,-Map="main.map" -Wl,--gc-sections -static --specs=nano.specs -mfloat-abi=soft -mthumb -Wl,--start-group -lc -lm -Wl,--end-group
Finished building target: main.elf
 
arm-none-eabi-size  main.elf 
arm-none-eabi-objdump -h -S main.elf  > "main.list"
   text	   data	    bss	    dec	    hex	filename
  14924	     92	   2124	  17140	   42f4	main.elf
Finished building: default.size.stdout
 
Finished building: main.list
 
18:38:49 **** Incremental Build of configuration Debug for project main ****
make -j8 all 
arm-none-eabi-g++ "../Core/Src/connection.c" -mcpu=cortex-m0plus -DDEBUG -DSTM32C011x4 -DUSE_HAL_DRIVER -DSTM32C011xx -c -I../Core/Inc -I../Drivers/STM32C0xx_HAL_Driver/Inc -I../Drivers/STM32C0xx_HAL_Driver/Inc/Legacy -I../Drivers/CMSIS/Device/ST/STM32C0xx/Include -I../Drivers/CMSIS/Include -I../Core/Src -I"D:/Firmware/src/STM32/main/Core/Src" -I"D:/Firmware/src/STM32/main/Core/Inc" -include../Core/Inc/connection.h -O2 -ffunction-sections -fdata-sections -Wall -fstack-usage -fcyclomatic-complexity -MMD -MP -MF"Core/Src/connection.d" -MT"Core/Src/connection.o" --specs=nano.specs -mfloat-abi=soft -mthumb -o "Core/Src/connection.o"
arm-none-eabi-gcc -o "main.elf" @"objects.list"   -mcpu=cortex-m0plus -T"D:\Firmware\src\STM32\main\STM32C011F4PX_FLASH.ld" --specs=nosys.specs -Wl,-Map="main.map" -Wl,--gc-sections -static --specs=nano.specs -mfloat-abi=soft -mthumb -Wl,--start-group -lc -lm -Wl,--end-group
Finished building target: main.elf
 
arm-none-eabi-size  main.elf 
arm-none-eabi-objdump -h -S main.elf  > "main.list"
   text	   data	    bss	    dec	    hex	filename
  14936	     92	   2124	  17152	   4300	main.elf
Finished building: default.size.stdout
 
Finished building: main.list
 
18:40:02 **** Incremental Build of configuration Debug for project main ****
make -j8 all 
arm-none-eabi-g++ "../Core/Src/connection.c" -mcpu=cortex-m0plus -DDEBUG -DSTM32C011x4 -DUSE_HAL_DRIVER -DSTM32C011xx -c -I../Core/Inc -I../Drivers/STM32C0xx_HAL_Driver/Inc -I../Drivers/STM32C0xx_HAL_Driver/Inc/Legacy -I../Drivers/CMSIS/Device/ST/STM32C0xx/Include -I../Drivers/CMSIS/Include -I../Core/Src -I"D:/Firmware/src/STM32/main/Core/Src" -I"D:/Firmware/src/STM32/main/Core/Inc" -include../Core/Inc/connection.h -O2 -ffunction-sections -fdata-sections -Wall -fstack-usage -fcyclomatic-complexity -MMD -MP -MF"Core/Src/connection.d" -MT"Core/Src/connection.o" --specs=nano.specs -mfloat-abi=soft -mthumb -o "Core/Src/connection.o"
arm-none-eabi-gcc -o "main.elf" @"objects.list"   -mcpu=cortex-m0plus -T"D:\Firmware\src\STM32\main\STM32C011F4PX_FLASH.ld" --specs=nosys.specs -Wl,-Map="main.map" -Wl,--gc-sections -static --specs=nano.specs -mfloat-abi=soft -mthumb -Wl,--start-group -lc -lm -Wl,--end-group
Finished building target: main.elf
 
arm-none-eabi-size  main.elf 
arm-none-eabi-objdump -h -S main.elf  > "main.list"
   text	   data	    bss	    dec	    hex	filename
  14912	     92	   2124	  17128	   42e8	main.elf
Finished building: default.size.stdout
 
Finished building: main.list
 
18:45:23 **** Incremental Build of configuration Debug for project main ****
make -j8 all 
arm-none-eabi-gcc "../Core/Src/main.c" -mcpu=cortex-m0plus -DDEBUG -DSTM32C011x4 -DUSE_HAL_DRIVER -DSTM32C011xx -c -I../Core/Inc -I../Drivers/STM32C0xx_HAL_Driver/Inc -I../Drivers/STM32C0xx_HAL_Driver/Inc/Legacy -I../Drivers/CMSIS/Device/ST/STM32C0xx/Include -I../Drivers/CMSIS/Include -I../Core/Src -I"D:/Firmware/src/STM32/main/Core/Src" -I"D:/Firmware/src/STM32/main/Core/Inc" -include../Core/Inc/connection.h -O2 -ffunction-sections -fdata-sections -Wall -fstack-usage -fcyclomatic-complexity -MMD -MP -MF"Core/Src/main.d" -MT"Core/Src/main.o" --specs=nano.specs -mfloat-abi=soft -mthumb -o "Core/Src/main.o"
arm-none-eabi-gcc "../Core/Src/stepper.c" -mcpu=cortex-m0plus -DDEBUG -DSTM32C011x4 -DUSE_HAL_DRIVER -DSTM32C011xx -c -I../Core/Inc -I../Drivers/STM32C0xx_HAL_Driver/Inc -I../Drivers/STM32C0xx_HAL_Driver/Inc/Legacy -I../Drivers/CMSIS/Device/ST/STM32C0xx/Include -I../Drivers/CMSIS/Include -I../Core/Src -I"D:/Firmware/src/STM32/main/Core/Src" -I"D:/Firmware/src/STM32/main/Core/Inc" -include../Core/Inc/connection.h -O2 -ffunction-sections -fdata-sections -Wall -fstack-usage -fcyclomatic-complexity -MMD -MP -MF"Core/Src/stepper.d" -MT"Core/Src/stepper.o" --specs=nano.specs -mfloat-abi=soft -mthumb -o "Core/Src/stepper.o"
arm-none-eabi-gcc -o "main.elf" @"objects.list"   -mcpu=cortex-m0plus -T"D:\Firmware\src\STM32\main\STM32C011F4PX_FLASH.ld" --specs=nosys.specs -Wl,-Map="main.map" -Wl,--gc-sections -static --specs=nano.specs -mfloat-abi=soft -mthumb -Wl,--start-group -lc -lm -Wl,--end-group
Finished building target: main.elf
 
arm-none-eabi-size  main.elf 
arm-none-eabi-objdump -h -S main.elf  > "main.list"
   text	   data	    bss	    dec	    hex	filename
  14912	     92	   2124	  17128	   42e8	main.elf
Finished building: default.size.stdout
 
Finished building: main.list
 
18:45:41 **** Incremental Build of configuration Debug for project main ****
make -j8 all 
arm-none-eabi-gcc "../Core/Src/main.c" -mcpu=cortex-m0plus -DDEBUG -DSTM32C011x4 -DUSE_HAL_DRIVER -DSTM32C011xx -c -I../Core/Inc -I../Drivers/STM32C0xx_HAL_Driver/Inc -I../Drivers/STM32C0xx_HAL_Driver/Inc/Legacy -I../Drivers/CMSIS/Device/ST/STM32C0xx/Include -I../Drivers/CMSIS/Include -I../Core/Src -I"D:/Firmware/src/STM32/main/Core/Src" -I"D:/Firmware/src/STM32/main/Core/Inc" -include../Core/Inc/connection.h -O2 -ffunction-sections -fdata-sections -Wall -fstack-usage -fcyclomatic-complexity -MMD -MP -MF"Core/Src/main.d" -MT"Core/Src/main.o" --specs=nano.specs -mfloat-abi=soft -mthumb -o "Core/Src/main.o"
arm-none-eabi-gcc -o "main.elf" @"objects.list"   -mcpu=cortex-m0plus -T"D:\Firmware\src\STM32\main\STM32C011F4PX_FLASH.ld" --specs=nosys.specs -Wl,-Map="main.map" -Wl,--gc-sections -static --specs=nano.specs -mfloat-abi=soft -mthumb -Wl,--start-group -lc -lm -Wl,--end-group
Finished building target: main.elf
 
arm-none-eabi-size  main.elf 
arm-none-eabi-objdump -h -S main.elf  > "main.list"
   text	   data	    bss	    dec	    hex	filename
  14912	     92	   2124	  17128	   42e8	main.elf
Finished building: default.size.stdout
 
Finished building: main.list
 
18:48:00 **** Incremental Build of configuration Debug for project main ****
make -j8 all 
arm-none-eabi-gcc "../Core/Src/main.c" -mcpu=cortex-m0plus -DDEBUG -DSTM32C011x4 -DUSE_HAL_DRIVER -DSTM32C011xx -c -I../Core/Inc -I../Drivers/STM32C0xx_HAL_Driver/Inc -I../Drivers/STM32C0xx_HAL_Driver/Inc/Legacy -I../Drivers/CMSIS/Device/ST/STM32C0xx/Include -I../Drivers/CMSIS/Include -I../Core/Src -I"D:/Firmware/src/STM32/main/Core/Src" -I"D:/Firmware/src/STM32/main/Core/Inc" -include../Core/Inc/connection.h -O2 -ffunction-sections -fdata-sections -Wall -fstack-usage -fcyclomatic-complexity -MMD -MP -MF"Core/Src/main.d" -MT"Core/Src/main.o" --specs=nano.specs -mfloat-abi=soft -mthumb -o "Core/Src/main.o"
arm-none-eabi-gcc -o "main.elf" @"objects.list"   -mcpu=cortex-m0plus -T"D:\Firmware\src\STM32\main\STM32C011F4PX_FLASH.ld" --specs=nosys.specs -Wl,-Map="main.map" -Wl,--gc-sections -static --specs=nano.specs -mfloat-abi=soft -mthumb -Wl,--start-group -lc -lm -Wl,--end-group
Finished building target: main.elf
 
arm-none-eabi-size  main.elf 
arm-none-eabi-objdump -h -S main.elf  > "main.list"
   text	   data	    bss	    dec	    hex	filename
  15004	     92	   2124	  17220	   4344	main.elf
Finished building: default.size.stdout
 
Finished building: main.list
 
18:50:56 **** Incremental Build of configuration Debug for project main ****
make -j8 all 
arm-none-eabi-gcc "../Core/Src/main.c" -mcpu=cortex-m0plus -DDEBUG -DSTM32C011x4 -DUSE_HAL_DRIVER -DSTM32C011xx -c -I../Core/Inc -I../Drivers/STM32C0xx_HAL_Driver/Inc -I../Drivers/STM32C0xx_HAL_Driver/Inc/Legacy -I../Drivers/CMSIS/Device/ST/STM32C0xx/Include -I../Drivers/CMSIS/Include -I../Core/Src -I"D:/Firmware/src/STM32/main/Core/Src" -I"D:/Firmware/src/STM32/main/Core/Inc" -include../Core/Inc/connection.h -O2 -ffunction-sections -fdata-sections -Wall -fstack-usage -fcyclomatic-complexity -MMD -MP -MF"Core/Src/main.d" -MT"Core/Src/main.o" --specs=nano.specs -mfloat-abi=soft -mthumb -o "Core/Src/main.o"
arm-none-eabi-gcc -o "main.elf" @"objects.list"   -mcpu=cortex-m0plus -T"D:\Firmware\src\STM32\main\STM32C011F4PX_FLASH.ld" --specs=nosys.specs -Wl,-Map="main.map" -Wl,--gc-sections -static --specs=nano.specs -mfloat-abi=soft -mthumb -Wl,--start-group -lc -lm -Wl,--end-group
Finished building target: main.elf
 
arm-none-eabi-size  main.elf 
arm-none-eabi-objdump -h -S main.elf  > "main.list"
   text	   data	    bss	    dec	    hex	filename
  15004	     92	   2124	  17220	   4344	main.elf
Finished building: default.size.stdout
 
Finished building: main.list
 
18:57:56 **** Incremental Build of configuration Debug for project main ****
make -j8 all 
arm-none-eabi-g++ "../Core/Src/connection.c" -mcpu=cortex-m0plus -DDEBUG -DSTM32C011x4 -DUSE_HAL_DRIVER -DSTM32C011xx -c -I../Core/Inc -I../Drivers/STM32C0xx_HAL_Driver/Inc -I../Drivers/STM32C0xx_HAL_Driver/Inc/Legacy -I../Drivers/CMSIS/Device/ST/STM32C0xx/Include -I../Drivers/CMSIS/Include -I../Core/Src -I"D:/Firmware/src/STM32/main/Core/Src" -I"D:/Firmware/src/STM32/main/Core/Inc" -include../Core/Inc/connection.h -O2 -ffunction-sections -fdata-sections -Wall -fstack-usage -fcyclomatic-complexity -MMD -MP -MF"Core/Src/connection.d" -MT"Core/Src/connection.o" --specs=nano.specs -mfloat-abi=soft -mthumb -o "Core/Src/connection.o"
arm-none-eabi-gcc "../Core/Src/main.c" -mcpu=cortex-m0plus -DDEBUG -DSTM32C011x4 -DUSE_HAL_DRIVER -DSTM32C011xx -c -I../Core/Inc -I../Drivers/STM32C0xx_HAL_Driver/Inc -I../Drivers/STM32C0xx_HAL_Driver/Inc/Legacy -I../Drivers/CMSIS/Device/ST/STM32C0xx/Include -I../Drivers/CMSIS/Include -I../Core/Src -I"D:/Firmware/src/STM32/main/Core/Src" -I"D:/Firmware/src/STM32/main/Core/Inc" -include../Core/Inc/connection.h -O2 -ffunction-sections -fdata-sections -Wall -fstack-usage -fcyclomatic-complexity -MMD -MP -MF"Core/Src/main.d" -MT"Core/Src/main.o" --specs=nano.specs -mfloat-abi=soft -mthumb -o "Core/Src/main.o"
arm-none-eabi-gcc -o "main.elf" @"objects.list"   -mcpu=cortex-m0plus -T"D:\Firmware\src\STM32\main\STM32C011F4PX_FLASH.ld" --specs=nosys.specs -Wl,-Map="main.map" -Wl,--gc-sections -static --specs=nano.specs -mfloat-abi=soft -mthumb -Wl,--start-group -lc -lm -Wl,--end-group
Finished building target: main.elf
 
arm-none-eabi-size  main.elf 
arm-none-eabi-objdump -h -S main.elf  > "main.list"
   text	   data	    bss	    dec	    hex	filename
  15004	     92	   2124	  17220	   4344	main.elf
Finished building: default.size.stdout
 
Finished building: main.list
 
18:58:49 **** Incremental Build of configuration Debug for project main ****
make -j8 all 
arm-none-eabi-gcc "../Core/Src/main.c" -mcpu=cortex-m0plus -DDEBUG -DSTM32C011x4 -DUSE_HAL_DRIVER -DSTM32C011xx -c -I../Core/Inc -I../Drivers/STM32C0xx_HAL_Driver/Inc -I../Drivers/STM32C0xx_HAL_Driver/Inc/Legacy -I../Drivers/CMSIS/Device/ST/STM32C0xx/Include -I../Drivers/CMSIS/Include -I../Core/Src -I"D:/Firmware/src/STM32/main/Core/Src" -I"D:/Firmware/src/STM32/main/Core/Inc" -include../Core/Inc/connection.h -O2 -ffunction-sections -fdata-sections -Wall -fstack-usage -fcyclomatic-complexity -MMD -MP -MF"Core/Src/main.d" -MT"Core/Src/main.o" --specs=nano.specs -mfloat-abi=soft -mthumb -o "Core/Src/main.o"
arm-none-eabi-gcc -o "main.elf" @"objects.list"   -mcpu=cortex-m0plus -T"D:\Firmware\src\STM32\main\STM32C011F4PX_FLASH.ld" --specs=nosys.specs -Wl,-Map="main.map" -Wl,--gc-sections -static --specs=nano.specs -mfloat-abi=soft -mthumb -Wl,--start-group -lc -lm -Wl,--end-group
Finished building target: main.elf
 
arm-none-eabi-size  main.elf 
arm-none-eabi-objdump -h -S main.elf  > "main.list"
   text	   data	    bss	    dec	    hex	filename
  14996	     92	   2124	  17212	   433c	main.elf
Finished building: default.size.stdout
 
Finished building: main.list
 
19:30:27 **** Incremental Build of configuration Debug for project main ****
make -j8 all 
arm-none-eabi-g++ "../Core/Src/connection.c" -mcpu=cortex-m0plus -DDEBUG -DSTM32C011x4 -DUSE_HAL_DRIVER -DSTM32C011xx -c -I../Core/Inc -I../Drivers/STM32C0xx_HAL_Driver/Inc -I../Drivers/STM32C0xx_HAL_Driver/Inc/Legacy -I../Drivers/CMSIS/Device/ST/STM32C0xx/Include -I../Drivers/CMSIS/Include -I../Core/Src -I"D:/Firmware/src/STM32/main/Core/Src" -I"D:/Firmware/src/STM32/main/Core/Inc" -include../Core/Inc/connection.h -O2 -ffunction-sections -fdata-sections -Wall -fstack-usage -fcyclomatic-complexity -MMD -MP -MF"Core/Src/connection.d" -MT"Core/Src/connection.o" --specs=nano.specs -mfloat-abi=soft -mthumb -o "Core/Src/connection.o"
arm-none-eabi-gcc -o "main.elf" @"objects.list"   -mcpu=cortex-m0plus -T"D:\Firmware\src\STM32\main\STM32C011F4PX_FLASH.ld" --specs=nosys.specs -Wl,-Map="main.map" -Wl,--gc-sections -static --specs=nano.specs -mfloat-abi=soft -mthumb -Wl,--start-group -lc -lm -Wl,--end-group
Finished building target: main.elf
 
arm-none-eabi-size  main.elf 
arm-none-eabi-objdump -h -S main.elf  > "main.list"
   text	   data	    bss	    dec	    hex	filename
  15000	     92	   2124	  17216	   4340	main.elf
Finished building: default.size.stdout
 
Finished building: main.list
 
19:36:57 **** Incremental Build of configuration Debug for project main ****
make -j8 all 
arm-none-eabi-g++ "../Core/Src/connection.c" -mcpu=cortex-m0plus -DDEBUG -DSTM32C011x4 -DUSE_HAL_DRIVER -DSTM32C011xx -c -I../Core/Inc -I../Drivers/STM32C0xx_HAL_Driver/Inc -I../Drivers/STM32C0xx_HAL_Driver/Inc/Legacy -I../Drivers/CMSIS/Device/ST/STM32C0xx/Include -I../Drivers/CMSIS/Include -I../Core/Src -I"D:/Firmware/src/STM32/main/Core/Src" -I"D:/Firmware/src/STM32/main/Core/Inc" -include../Core/Inc/connection.h -O2 -ffunction-sections -fdata-sections -Wall -fstack-usage -fcyclomatic-complexity -MMD -MP -MF"Core/Src/connection.d" -MT"Core/Src/connection.o" --specs=nano.specs -mfloat-abi=soft -mthumb -o "Core/Src/connection.o"
arm-none-eabi-gcc "../Core/Src/stepper.c" -mcpu=cortex-m0plus -DDEBUG -DSTM32C011x4 -DUSE_HAL_DRIVER -DSTM32C011xx -c -I../Core/Inc -I../Drivers/STM32C0xx_HAL_Driver/Inc -I../Drivers/STM32C0xx_HAL_Driver/Inc/Legacy -I../Drivers/CMSIS/Device/ST/STM32C0xx/Include -I../Drivers/CMSIS/Include -I../Core/Src -I"D:/Firmware/src/STM32/main/Core/Src" -I"D:/Firmware/src/STM32/main/Core/Inc" -include../Core/Inc/connection.h -O2 -ffunction-sections -fdata-sections -Wall -fstack-usage -fcyclomatic-complexity -MMD -MP -MF"Core/Src/stepper.d" -MT"Core/Src/stepper.o" --specs=nano.specs -mfloat-abi=soft -mthumb -o "Core/Src/stepper.o"
arm-none-eabi-gcc -o "main.elf" @"objects.list"   -mcpu=cortex-m0plus -T"D:\Firmware\src\STM32\main\STM32C011F4PX_FLASH.ld" --specs=nosys.specs -Wl,-Map="main.map" -Wl,--gc-sections -static --specs=nano.specs -mfloat-abi=soft -mthumb -Wl,--start-group -lc -lm -Wl,--end-group
Finished building target: main.elf
 
arm-none-eabi-size  main.elf 
arm-none-eabi-objdump -h -S main.elf  > "main.list"
   text	   data	    bss	    dec	    hex	filename
  14904	     92	   2124	  17120	   42e0	main.elf
Finished building: default.size.stdout
 
Finished building: main.list
 
19:37:24 **** Incremental Build of configuration Debug for project main ****
make -j8 all 
arm-none-eabi-size  main.elf 
   text	   data	    bss	    dec	    hex	filename
  14904	     92	   2124	  17120	   42e0	main.elf
Finished building: default.size.stdout
 
19:37:55 **** Incremental Build of configuration Debug for project main ****
make -j8 all 
arm-none-eabi-size  main.elf 
   text	   data	    bss	    dec	    hex	filename
  14904	     92	   2124	  17120	   42e0	main.elf
Finished building: default.size.stdout
 
19:38:16 **** Incremental Build of configuration Debug for project main ****
make -j8 all 
arm-none-eabi-size  main.elf 
   text	   data	    bss	    dec	    hex	filename
  14904	     92	   2124	  17120	   42e0	main.elf
Finished building: default.size.stdout
 
19:39:09 **** Incremental Build of configuration Debug for project main ****
make -j8 all 
arm-none-eabi-size  main.elf 
   text	   data	    bss	    dec	    hex	filename
  14904	     92	   2124	  17120	   42e0	main.elf
Finished building: default.size.stdout
 
19:42:01 **** Incremental Build of configuration Debug for project main ****
make -j8 all 
arm-none-eabi-size  main.elf 
   text	   data	    bss	    dec	    hex	filename
  14904	     92	   2124	  17120	   42e0	main.elf
Finished building: default.size.stdout
 
19:42:29 **** Incremental Build of configuration Debug for project main ****
make -j8 all 
arm-none-eabi-size  main.elf 
   text	   data	    bss	    dec	    hex	filename
  14904	     92	   2124	  17120	   42e0	main.elf
Finished building: default.size.stdout
 
19:43:26 **** Incremental Build of configuration Debug for project main ****
make -j8 all 
arm-none-eabi-size  main.elf 
   text	   data	    bss	    dec	    hex	filename
  14904	     92	   2124	  17120	   42e0	main.elf
Finished building: default.size.stdout
 
19:43:56 **** Incremental Build of configuration Debug for project main ****
make -j8 all 
arm-none-eabi-size  main.elf 
   text	   data	    bss	    dec	    hex	filename
  14904	     92	   2124	  17120	   42e0	main.elf
Finished building: default.size.stdout
 
19:44:17 **** Incremental Build of configuration Debug for project main ****
make -j8 all 
arm-none-eabi-size  main.elf 
   text	   data	    bss	    dec	    hex	filename
  14904	     92	   2124	  17120	   42e0	main.elf
Finished building: default.size.stdout
 
19:45:41 **** Incremental Build of configuration Debug for project main ****
make -j8 all 
arm-none-eabi-size  main.elf 
   text	   data	    bss	    dec	    hex	filename
  14904	     92	   2124	  17120	   42e0	main.elf
Finished building: default.size.stdout
 
19:46:30 **** Incremental Build of configuration Debug for project main ****
make -j8 all 
arm-none-eabi-size  main.elf 
   text	   data	    bss	    dec	    hex	filename
  14904	     92	   2124	  17120	   42e0	main.elf
Finished building: default.size.stdout
 
19:47:36 **** Incremental Build of configuration Debug for project main ****
make -j8 all 
arm-none-eabi-size  main.elf 
   text	   data	    bss	    dec	    hex	filename
  14904	     92	   2124	  17120	   42e0	main.elf
Finished building: default.size.stdout
 
19:48:44 **** Incremental Build of configuration Debug for project main ****
make -j8 all 
arm-none-eabi-size  main.elf 
   text	   data	    bss	    dec	    hex	filename
  14904	     92	   2124	  17120	   42e0	main.elf
Finished building: default.size.stdout
 
19:56:21 **** Incremental Build of configuration Debug for project main ****
make -j8 all 
arm-none-eabi-size  main.elf 
   text	   data	    bss	    dec	    hex	filename
  14904	     92	   2124	  17120	   42e0	main.elf
Finished building: default.size.stdout
 
19:56:39 **** Incremental Build of configuration Debug for project main ****
make -j8 all 
arm-none-eabi-size  main.elf 
   text	   data	    bss	    dec	    hex	filename
  14904	     92	   2124	  17120	   42e0	main.elf
Finished building: default.size.stdout
 
19:57:25 **** Incremental Build of configuration Debug for project main ****
make -j8 all 
arm-none-eabi-size  main.elf 
   text	   data	    bss	    dec	    hex	filename
  14904	     92	   2124	  17120	   42e0	main.elf
Finished building: default.size.stdout
 
19:57:53 **** Incremental Build of configuration Debug for project main ****
make -j8 all 
arm-none-eabi-size  main.elf 
   text	   data	    bss	    dec	    hex	filename
  14904	     92	   2124	  17120	   42e0	main.elf
Finished building: default.size.stdout
 
20:00:19 **** Incremental Build of configuration Debug for project main ****
make -j8 all 
arm-none-eabi-size  main.elf 
   text	   data	    bss	    dec	    hex	filename
  14904	     92	   2124	  17120	   42e0	main.elf
Finished building: default.size.stdout
 
20:01:50 **** Incremental Build of configuration Debug for project main ****
make -j8 all 
arm-none-eabi-size  main.elf 
   text	   data	    bss	    dec	    hex	filename
  14904	     92	   2124	  17120	   42e0	main.elf
Finished building: default.size.stdout
 
20:02:59 **** Incremental Build of configuration Debug for project main ****
make -j8 all 
arm-none-eabi-size  main.elf 
   text	   data	    bss	    dec	    hex	filename
  14904	     92	   2124	  17120	   42e0	main.elf
Finished building: default.size.stdout
 
20:11:19 **** Incremental Build of configuration Debug for project main ****
make -j8 all 
arm-none-eabi-g++ "../Core/Src/connection.c" -mcpu=cortex-m0plus -DDEBUG -DSTM32C011x4 -DUSE_HAL_DRIVER -DSTM32C011xx -c -I../Core/Inc -I../Drivers/STM32C0xx_HAL_Driver/Inc -I../Drivers/STM32C0xx_HAL_Driver/Inc/Legacy -I../Drivers/CMSIS/Device/ST/STM32C0xx/Include -I../Drivers/CMSIS/Include -I../Core/Src -I"D:/Firmware/src/STM32/main/Core/Src" -I"D:/Firmware/src/STM32/main/Core/Inc" -include../Core/Inc/connection.h -O2 -ffunction-sections -fdata-sections -Wall -fstack-usage -fcyclomatic-complexity -MMD -MP -MF"Core/Src/connection.d" -MT"Core/Src/connection.o" --specs=nano.specs -mfloat-abi=soft -mthumb -o "Core/Src/connection.o"
arm-none-eabi-gcc "../Core/Src/stepper.c" -mcpu=cortex-m0plus -DDEBUG -DSTM32C011x4 -DUSE_HAL_DRIVER -DSTM32C011xx -c -I../Core/Inc -I../Drivers/STM32C0xx_HAL_Driver/Inc -I../Drivers/STM32C0xx_HAL_Driver/Inc/Legacy -I../Drivers/CMSIS/Device/ST/STM32C0xx/Include -I../Drivers/CMSIS/Include -I../Core/Src -I"D:/Firmware/src/STM32/main/Core/Src" -I"D:/Firmware/src/STM32/main/Core/Inc" -include../Core/Inc/connection.h -O2 -ffunction-sections -fdata-sections -Wall -fstack-usage -fcyclomatic-complexity -MMD -MP -MF"Core/Src/stepper.d" -MT"Core/Src/stepper.o" --specs=nano.specs -mfloat-abi=soft -mthumb -o "Core/Src/stepper.o"
arm-none-eabi-gcc -o "main.elf" @"objects.list"   -mcpu=cortex-m0plus -T"D:\Firmware\src\STM32\main\STM32C011F4PX_FLASH.ld" --specs=nosys.specs -Wl,-Map="main.map" -Wl,--gc-sections -static --specs=nano.specs -mfloat-abi=soft -mthumb -Wl,--start-group -lc -lm -Wl,--end-group
Finished building target: main.elf
 
arm-none-eabi-size  main.elf 
arm-none-eabi-objdump -h -S main.elf  > "main.list"
   text	   data	    bss	    dec	    hex	filename
  14936	     92	   2124	  17152	   4300	main.elf
Finished building: default.size.stdout
 
Finished building: main.list
 
20:15:07 **** Incremental Build of configuration Debug for project main ****
make -j8 all 
arm-none-eabi-size  main.elf 
   text	   data	    bss	    dec	    hex	filename
  14936	     92	   2124	  17152	   4300	main.elf
Finished building: default.size.stdout
 
20:18:27 **** Incremental Build of configuration Debug for project main ****
make -j8 all 
arm-none-eabi-g++ "../Core/Src/connection.c" -mcpu=cortex-m0plus -DDEBUG -DSTM32C011x4 -DUSE_HAL_DRIVER -DSTM32C011xx -c -I../Core/Inc -I../Drivers/STM32C0xx_HAL_Driver/Inc -I../Drivers/STM32C0xx_HAL_Driver/Inc/Legacy -I../Drivers/CMSIS/Device/ST/STM32C0xx/Include -I../Drivers/CMSIS/Include -I../Core/Src -I"D:/Firmware/src/STM32/main/Core/Src" -I"D:/Firmware/src/STM32/main/Core/Inc" -include../Core/Inc/connection.h -O2 -ffunction-sections -fdata-sections -Wall -fstack-usage -fcyclomatic-complexity -MMD -MP -MF"Core/Src/connection.d" -MT"Core/Src/connection.o" --specs=nano.specs -mfloat-abi=soft -mthumb -o "Core/Src/connection.o"
arm-none-eabi-gcc "../Core/Src/main.c" -mcpu=cortex-m0plus -DDEBUG -DSTM32C011x4 -DUSE_HAL_DRIVER -DSTM32C011xx -c -I../Core/Inc -I../Drivers/STM32C0xx_HAL_Driver/Inc -I../Drivers/STM32C0xx_HAL_Driver/Inc/Legacy -I../Drivers/CMSIS/Device/ST/STM32C0xx/Include -I../Drivers/CMSIS/Include -I../Core/Src -I"D:/Firmware/src/STM32/main/Core/Src" -I"D:/Firmware/src/STM32/main/Core/Inc" -include../Core/Inc/connection.h -O2 -ffunction-sections -fdata-sections -Wall -fstack-usage -fcyclomatic-complexity -MMD -MP -MF"Core/Src/main.d" -MT"Core/Src/main.o" --specs=nano.specs -mfloat-abi=soft -mthumb -o "Core/Src/main.o"
arm-none-eabi-gcc "../Core/Src/stepper.c" -mcpu=cortex-m0plus -DDEBUG -DSTM32C011x4 -DUSE_HAL_DRIVER -DSTM32C011xx -c -I../Core/Inc -I../Drivers/STM32C0xx_HAL_Driver/Inc -I../Drivers/STM32C0xx_HAL_Driver/Inc/Legacy -I../Drivers/CMSIS/Device/ST/STM32C0xx/Include -I../Drivers/CMSIS/Include -I../Core/Src -I"D:/Firmware/src/STM32/main/Core/Src" -I"D:/Firmware/src/STM32/main/Core/Inc" -include../Core/Inc/connection.h -O2 -ffunction-sections -fdata-sections -Wall -fstack-usage -fcyclomatic-complexity -MMD -MP -MF"Core/Src/stepper.d" -MT"Core/Src/stepper.o" --specs=nano.specs -mfloat-abi=soft -mthumb -o "Core/Src/stepper.o"
arm-none-eabi-gcc "../Core/Src/stm32c0xx_hal_msp.c" -mcpu=cortex-m0plus -DDEBUG -DSTM32C011x4 -DUSE_HAL_DRIVER -DSTM32C011xx -c -I../Core/Inc -I../Drivers/STM32C0xx_HAL_Driver/Inc -I../Drivers/STM32C0xx_HAL_Driver/Inc/Legacy -I../Drivers/CMSIS/Device/ST/STM32C0xx/Include -I../Drivers/CMSIS/Include -I../Core/Src -I"D:/Firmware/src/STM32/main/Core/Src" -I"D:/Firmware/src/STM32/main/Core/Inc" -include../Core/Inc/connection.h -O2 -ffunction-sections -fdata-sections -Wall -fstack-usage -fcyclomatic-complexity -MMD -MP -MF"Core/Src/stm32c0xx_hal_msp.d" -MT"Core/Src/stm32c0xx_hal_msp.o" --specs=nano.specs -mfloat-abi=soft -mthumb -o "Core/Src/stm32c0xx_hal_msp.o"
arm-none-eabi-gcc -o "main.elf" @"objects.list"   -mcpu=cortex-m0plus -T"D:\Firmware\src\STM32\main\STM32C011F4PX_FLASH.ld" --specs=nosys.specs -Wl,-Map="main.map" -Wl,--gc-sections -static --specs=nano.specs -mfloat-abi=soft -mthumb -Wl,--start-group -lc -lm -Wl,--end-group
Finished building target: main.elf
 
arm-none-eabi-size  main.elf 
arm-none-eabi-objdump -h -S main.elf  > "main.list"
   text	   data	    bss	    dec	    hex	filename
  14832	     92	   2124	  17048	   4298	main.elf
Finished building: default.size.stdout
 
Finished building: main.list
 
20:19:45 **** Incremental Build of configuration Debug for project main ****
make -j8 all 
arm-none-eabi-g++ "../Core/Src/connection.c" -mcpu=cortex-m0plus -DDEBUG -DSTM32C011x4 -DUSE_HAL_DRIVER -DSTM32C011xx -c -I../Core/Inc -I../Drivers/STM32C0xx_HAL_Driver/Inc -I../Drivers/STM32C0xx_HAL_Driver/Inc/Legacy -I../Drivers/CMSIS/Device/ST/STM32C0xx/Include -I../Drivers/CMSIS/Include -I../Core/Src -I"D:/Firmware/src/STM32/main/Core/Src" -I"D:/Firmware/src/STM32/main/Core/Inc" -include../Core/Inc/connection.h -O2 -ffunction-sections -fdata-sections -Wall -fstack-usage -fcyclomatic-complexity -MMD -MP -MF"Core/Src/connection.d" -MT"Core/Src/connection.o" --specs=nano.specs -mfloat-abi=soft -mthumb -o "Core/Src/connection.o"
arm-none-eabi-gcc -o "main.elf" @"objects.list"   -mcpu=cortex-m0plus -T"D:\Firmware\src\STM32\main\STM32C011F4PX_FLASH.ld" --specs=nosys.specs -Wl,-Map="main.map" -Wl,--gc-sections -static --specs=nano.specs -mfloat-abi=soft -mthumb -Wl,--start-group -lc -lm -Wl,--end-group
Finished building target: main.elf
 
arm-none-eabi-size  main.elf 
arm-none-eabi-objdump -h -S main.elf  > "main.list"
   text	   data	    bss	    dec	    hex	filename
  14792	     92	   2124	  17008	   4270	main.elf
Finished building: default.size.stdout
 
Finished building: main.list
 
20:24:21 **** Incremental Build of configuration Debug for project main ****
make -j8 all 
arm-none-eabi-g++ "../Core/Src/connection.c" -mcpu=cortex-m0plus -DDEBUG -DSTM32C011x4 -DUSE_HAL_DRIVER -DSTM32C011xx -c -I../Core/Inc -I../Drivers/STM32C0xx_HAL_Driver/Inc -I../Drivers/STM32C0xx_HAL_Driver/Inc/Legacy -I../Drivers/CMSIS/Device/ST/STM32C0xx/Include -I../Drivers/CMSIS/Include -I../Core/Src -I"D:/Firmware/src/STM32/main/Core/Src" -I"D:/Firmware/src/STM32/main/Core/Inc" -include../Core/Inc/connection.h -O2 -ffunction-sections -fdata-sections -Wall -fstack-usage -fcyclomatic-complexity -MMD -MP -MF"Core/Src/connection.d" -MT"Core/Src/connection.o" --specs=nano.specs -mfloat-abi=soft -mthumb -o "Core/Src/connection.o"
arm-none-eabi-gcc -o "main.elf" @"objects.list"   -mcpu=cortex-m0plus -T"D:\Firmware\src\STM32\main\STM32C011F4PX_FLASH.ld" --specs=nosys.specs -Wl,-Map="main.map" -Wl,--gc-sections -static --specs=nano.specs -mfloat-abi=soft -mthumb -Wl,--start-group -lc -lm -Wl,--end-group
Finished building target: main.elf
 
arm-none-eabi-size  main.elf 
arm-none-eabi-objdump -h -S main.elf  > "main.list"
   text	   data	    bss	    dec	    hex	filename
  14792	     92	   2124	  17008	   4270	main.elf
Finished building: default.size.stdout
 
Finished building: main.list
 
20:25:53 **** Incremental Build of configuration Debug for project main ****
make -j8 all 
arm-none-eabi-g++ "../Core/Src/connection.c" -mcpu=cortex-m0plus -DDEBUG -DSTM32C011x4 -DUSE_HAL_DRIVER -DSTM32C011xx -c -I../Core/Inc -I../Drivers/STM32C0xx_HAL_Driver/Inc -I../Drivers/STM32C0xx_HAL_Driver/Inc/Legacy -I../Drivers/CMSIS/Device/ST/STM32C0xx/Include -I../Drivers/CMSIS/Include -I../Core/Src -I"D:/Firmware/src/STM32/main/Core/Src" -I"D:/Firmware/src/STM32/main/Core/Inc" -include../Core/Inc/connection.h -O2 -ffunction-sections -fdata-sections -Wall -fstack-usage -fcyclomatic-complexity -MMD -MP -MF"Core/Src/connection.d" -MT"Core/Src/connection.o" --specs=nano.specs -mfloat-abi=soft -mthumb -o "Core/Src/connection.o"
arm-none-eabi-gcc -o "main.elf" @"objects.list"   -mcpu=cortex-m0plus -T"D:\Firmware\src\STM32\main\STM32C011F4PX_FLASH.ld" --specs=nosys.specs -Wl,-Map="main.map" -Wl,--gc-sections -static --specs=nano.specs -mfloat-abi=soft -mthumb -Wl,--start-group -lc -lm -Wl,--end-group
Finished building target: main.elf
 
arm-none-eabi-size  main.elf 
arm-none-eabi-objdump -h -S main.elf  > "main.list"
   text	   data	    bss	    dec	    hex	filename
  14792	     92	   2124	  17008	   4270	main.elf
Finished building: default.size.stdout
 
Finished building: main.list
 
20:26:43 **** Incremental Build of configuration Debug for project main ****
make -j8 all 
arm-none-eabi-g++ "../Core/Src/connection.c" -mcpu=cortex-m0plus -DDEBUG -DSTM32C011x4 -DUSE_HAL_DRIVER -DSTM32C011xx -c -I../Core/Inc -I../Drivers/STM32C0xx_HAL_Driver/Inc -I../Drivers/STM32C0xx_HAL_Driver/Inc/Legacy -I../Drivers/CMSIS/Device/ST/STM32C0xx/Include -I../Drivers/CMSIS/Include -I../Core/Src -I"D:/Firmware/src/STM32/main/Core/Src" -I"D:/Firmware/src/STM32/main/Core/Inc" -include../Core/Inc/connection.h -O2 -ffunction-sections -fdata-sections -Wall -fstack-usage -fcyclomatic-complexity -MMD -MP -MF"Core/Src/connection.d" -MT"Core/Src/connection.o" --specs=nano.specs -mfloat-abi=soft -mthumb -o "Core/Src/connection.o"
arm-none-eabi-gcc -o "main.elf" @"objects.list"   -mcpu=cortex-m0plus -T"D:\Firmware\src\STM32\main\STM32C011F4PX_FLASH.ld" --specs=nosys.specs -Wl,-Map="main.map" -Wl,--gc-sections -static --specs=nano.specs -mfloat-abi=soft -mthumb -Wl,--start-group -lc -lm -Wl,--end-group
Finished building target: main.elf
 
arm-none-eabi-size  main.elf 
arm-none-eabi-objdump -h -S main.elf  > "main.list"
   text	   data	    bss	    dec	    hex	filename
  14792	     92	   2124	  17008	   4270	main.elf
Finished building: default.size.stdout
 
Finished building: main.list
 
20:27:57 **** Incremental Build of configuration Debug for project main ****
make -j8 all 
arm-none-eabi-g++ "../Core/Src/connection.c" -mcpu=cortex-m0plus -DDEBUG -DSTM32C011x4 -DUSE_HAL_DRIVER -DSTM32C011xx -c -I../Core/Inc -I../Drivers/STM32C0xx_HAL_Driver/Inc -I../Drivers/STM32C0xx_HAL_Driver/Inc/Legacy -I../Drivers/CMSIS/Device/ST/STM32C0xx/Include -I../Drivers/CMSIS/Include -I../Core/Src -I"D:/Firmware/src/STM32/main/Core/Src" -I"D:/Firmware/src/STM32/main/Core/Inc" -include../Core/Inc/connection.h -O2 -ffunction-sections -fdata-sections -Wall -fstack-usage -fcyclomatic-complexity -MMD -MP -MF"Core/Src/connection.d" -MT"Core/Src/connection.o" --specs=nano.specs -mfloat-abi=soft -mthumb -o "Core/Src/connection.o"
arm-none-eabi-gcc -o "main.elf" @"objects.list"   -mcpu=cortex-m0plus -T"D:\Firmware\src\STM32\main\STM32C011F4PX_FLASH.ld" --specs=nosys.specs -Wl,-Map="main.map" -Wl,--gc-sections -static --specs=nano.specs -mfloat-abi=soft -mthumb -Wl,--start-group -lc -lm -Wl,--end-group
Finished building target: main.elf
 
arm-none-eabi-size  main.elf 
arm-none-eabi-objdump -h -S main.elf  > "main.list"
   text	   data	    bss	    dec	    hex	filename
  14788	     92	   2124	  17004	   426c	main.elf
Finished building: default.size.stdout
 
Finished building: main.list
 
20:28:33 **** Incremental Build of configuration Debug for project main ****
make -j8 all 
arm-none-eabi-g++ "../Core/Src/connection.c" -mcpu=cortex-m0plus -DDEBUG -DSTM32C011x4 -DUSE_HAL_DRIVER -DSTM32C011xx -c -I../Core/Inc -I../Drivers/STM32C0xx_HAL_Driver/Inc -I../Drivers/STM32C0xx_HAL_Driver/Inc/Legacy -I../Drivers/CMSIS/Device/ST/STM32C0xx/Include -I../Drivers/CMSIS/Include -I../Core/Src -I"D:/Firmware/src/STM32/main/Core/Src" -I"D:/Firmware/src/STM32/main/Core/Inc" -include../Core/Inc/connection.h -O2 -ffunction-sections -fdata-sections -Wall -fstack-usage -fcyclomatic-complexity -MMD -MP -MF"Core/Src/connection.d" -MT"Core/Src/connection.o" --specs=nano.specs -mfloat-abi=soft -mthumb -o "Core/Src/connection.o"
arm-none-eabi-gcc -o "main.elf" @"objects.list"   -mcpu=cortex-m0plus -T"D:\Firmware\src\STM32\main\STM32C011F4PX_FLASH.ld" --specs=nosys.specs -Wl,-Map="main.map" -Wl,--gc-sections -static --specs=nano.specs -mfloat-abi=soft -mthumb -Wl,--start-group -lc -lm -Wl,--end-group
Finished building target: main.elf
 
arm-none-eabi-size  main.elf 
arm-none-eabi-objdump -h -S main.elf  > "main.list"
   text	   data	    bss	    dec	    hex	filename
  14788	     92	   2124	  17004	   426c	main.elf
Finished building: default.size.stdout
 
Finished building: main.list
 
20:29:19 **** Incremental Build of configuration Debug for project main ****
make -j8 all 
arm-none-eabi-g++ "../Core/Src/connection.c" -mcpu=cortex-m0plus -DDEBUG -DSTM32C011x4 -DUSE_HAL_DRIVER -DSTM32C011xx -c -I../Core/Inc -I../Drivers/STM32C0xx_HAL_Driver/Inc -I../Drivers/STM32C0xx_HAL_Driver/Inc/Legacy -I../Drivers/CMSIS/Device/ST/STM32C0xx/Include -I../Drivers/CMSIS/Include -I../Core/Src -I"D:/Firmware/src/STM32/main/Core/Src" -I"D:/Firmware/src/STM32/main/Core/Inc" -include../Core/Inc/connection.h -O2 -ffunction-sections -fdata-sections -Wall -fstack-usage -fcyclomatic-complexity -MMD -MP -MF"Core/Src/connection.d" -MT"Core/Src/connection.o" --specs=nano.specs -mfloat-abi=soft -mthumb -o "Core/Src/connection.o"
arm-none-eabi-gcc -o "main.elf" @"objects.list"   -mcpu=cortex-m0plus -T"D:\Firmware\src\STM32\main\STM32C011F4PX_FLASH.ld" --specs=nosys.specs -Wl,-Map="main.map" -Wl,--gc-sections -static --specs=nano.specs -mfloat-abi=soft -mthumb -Wl,--start-group -lc -lm -Wl,--end-group
Finished building target: main.elf
 
arm-none-eabi-size  main.elf 
arm-none-eabi-objdump -h -S main.elf  > "main.list"
   text	   data	    bss	    dec	    hex	filename
  14792	     92	   2124	  17008	   4270	main.elf
Finished building: default.size.stdout
 
Finished building: main.list
 
20:29:52 **** Incremental Build of configuration Debug for project main ****
make -j8 all 
arm-none-eabi-g++ "../Core/Src/connection.c" -mcpu=cortex-m0plus -DDEBUG -DSTM32C011x4 -DUSE_HAL_DRIVER -DSTM32C011xx -c -I../Core/Inc -I../Drivers/STM32C0xx_HAL_Driver/Inc -I../Drivers/STM32C0xx_HAL_Driver/Inc/Legacy -I../Drivers/CMSIS/Device/ST/STM32C0xx/Include -I../Drivers/CMSIS/Include -I../Core/Src -I"D:/Firmware/src/STM32/main/Core/Src" -I"D:/Firmware/src/STM32/main/Core/Inc" -include../Core/Inc/connection.h -O2 -ffunction-sections -fdata-sections -Wall -fstack-usage -fcyclomatic-complexity -MMD -MP -MF"Core/Src/connection.d" -MT"Core/Src/connection.o" --specs=nano.specs -mfloat-abi=soft -mthumb -o "Core/Src/connection.o"
arm-none-eabi-gcc -o "main.elf" @"objects.list"   -mcpu=cortex-m0plus -T"D:\Firmware\src\STM32\main\STM32C011F4PX_FLASH.ld" --specs=nosys.specs -Wl,-Map="main.map" -Wl,--gc-sections -static --specs=nano.specs -mfloat-abi=soft -mthumb -Wl,--start-group -lc -lm -Wl,--end-group
Finished building target: main.elf
 
arm-none-eabi-size  main.elf 
arm-none-eabi-objdump -h -S main.elf  > "main.list"
   text	   data	    bss	    dec	    hex	filename
  14792	     92	   2124	  17008	   4270	main.elf
Finished building: default.size.stdout
 
Finished building: main.list
 
20:30:23 **** Incremental Build of configuration Debug for project main ****
make -j8 all 
arm-none-eabi-g++ "../Core/Src/connection.c" -mcpu=cortex-m0plus -DDEBUG -DSTM32C011x4 -DUSE_HAL_DRIVER -DSTM32C011xx -c -I../Core/Inc -I../Drivers/STM32C0xx_HAL_Driver/Inc -I../Drivers/STM32C0xx_HAL_Driver/Inc/Legacy -I../Drivers/CMSIS/Device/ST/STM32C0xx/Include -I../Drivers/CMSIS/Include -I../Core/Src -I"D:/Firmware/src/STM32/main/Core/Src" -I"D:/Firmware/src/STM32/main/Core/Inc" -include../Core/Inc/connection.h -O2 -ffunction-sections -fdata-sections -Wall -fstack-usage -fcyclomatic-complexity -MMD -MP -MF"Core/Src/connection.d" -MT"Core/Src/connection.o" --specs=nano.specs -mfloat-abi=soft -mthumb -o "Core/Src/connection.o"
arm-none-eabi-gcc -o "main.elf" @"objects.list"   -mcpu=cortex-m0plus -T"D:\Firmware\src\STM32\main\STM32C011F4PX_FLASH.ld" --specs=nosys.specs -Wl,-Map="main.map" -Wl,--gc-sections -static --specs=nano.specs -mfloat-abi=soft -mthumb -Wl,--start-group -lc -lm -Wl,--end-group
Finished building target: main.elf
 
arm-none-eabi-size  main.elf 
arm-none-eabi-objdump -h -S main.elf  > "main.list"
   text	   data	    bss	    dec	    hex	filename
  14792	     92	   2124	  17008	   4270	main.elf
Finished building: default.size.stdout
 
Finished building: main.list
 
20:30:57 **** Incremental Build of configuration Debug for project main ****
make -j8 all 
arm-none-eabi-g++ "../Core/Src/connection.c" -mcpu=cortex-m0plus -DDEBUG -DSTM32C011x4 -DUSE_HAL_DRIVER -DSTM32C011xx -c -I../Core/Inc -I../Drivers/STM32C0xx_HAL_Driver/Inc -I../Drivers/STM32C0xx_HAL_Driver/Inc/Legacy -I../Drivers/CMSIS/Device/ST/STM32C0xx/Include -I../Drivers/CMSIS/Include -I../Core/Src -I"D:/Firmware/src/STM32/main/Core/Src" -I"D:/Firmware/src/STM32/main/Core/Inc" -include../Core/Inc/connection.h -O2 -ffunction-sections -fdata-sections -Wall -fstack-usage -fcyclomatic-complexity -MMD -MP -MF"Core/Src/connection.d" -MT"Core/Src/connection.o" --specs=nano.specs -mfloat-abi=soft -mthumb -o "Core/Src/connection.o"
arm-none-eabi-gcc -o "main.elf" @"objects.list"   -mcpu=cortex-m0plus -T"D:\Firmware\src\STM32\main\STM32C011F4PX_FLASH.ld" --specs=nosys.specs -Wl,-Map="main.map" -Wl,--gc-sections -static --specs=nano.specs -mfloat-abi=soft -mthumb -Wl,--start-group -lc -lm -Wl,--end-group
Finished building target: main.elf
 
arm-none-eabi-size  main.elf 
arm-none-eabi-objdump -h -S main.elf  > "main.list"
   text	   data	    bss	    dec	    hex	filename
  14792	     92	   2124	  17008	   4270	main.elf
Finished building: default.size.stdout
 
Finished building: main.list
 
20:31:24 **** Incremental Build of configuration Debug for project main ****
make -j8 all 
arm-none-eabi-g++ "../Core/Src/connection.c" -mcpu=cortex-m0plus -DDEBUG -DSTM32C011x4 -DUSE_HAL_DRIVER -DSTM32C011xx -c -I../Core/Inc -I../Drivers/STM32C0xx_HAL_Driver/Inc -I../Drivers/STM32C0xx_HAL_Driver/Inc/Legacy -I../Drivers/CMSIS/Device/ST/STM32C0xx/Include -I../Drivers/CMSIS/Include -I../Core/Src -I"D:/Firmware/src/STM32/main/Core/Src" -I"D:/Firmware/src/STM32/main/Core/Inc" -include../Core/Inc/connection.h -O2 -ffunction-sections -fdata-sections -Wall -fstack-usage -fcyclomatic-complexity -MMD -MP -MF"Core/Src/connection.d" -MT"Core/Src/connection.o" --specs=nano.specs -mfloat-abi=soft -mthumb -o "Core/Src/connection.o"
arm-none-eabi-gcc -o "main.elf" @"objects.list"   -mcpu=cortex-m0plus -T"D:\Firmware\src\STM32\main\STM32C011F4PX_FLASH.ld" --specs=nosys.specs -Wl,-Map="main.map" -Wl,--gc-sections -static --specs=nano.specs -mfloat-abi=soft -mthumb -Wl,--start-group -lc -lm -Wl,--end-group
Finished building target: main.elf
 
arm-none-eabi-size  main.elf 
arm-none-eabi-objdump -h -S main.elf  > "main.list"
   text	   data	    bss	    dec	    hex	filename
  14268	     92	   2124	  16484	   4064	main.elf
Finished building: default.size.stdout
 
Finished building: main.list
 
20:31:35 **** Incremental Build of configuration Debug for project main ****
make -j8 all 
arm-none-eabi-g++ "../Core/Src/connection.c" -mcpu=cortex-m0plus -DDEBUG -DSTM32C011x4 -DUSE_HAL_DRIVER -DSTM32C011xx -c -I../Core/Inc -I../Drivers/STM32C0xx_HAL_Driver/Inc -I../Drivers/STM32C0xx_HAL_Driver/Inc/Legacy -I../Drivers/CMSIS/Device/ST/STM32C0xx/Include -I../Drivers/CMSIS/Include -I../Core/Src -I"D:/Firmware/src/STM32/main/Core/Src" -I"D:/Firmware/src/STM32/main/Core/Inc" -include../Core/Inc/connection.h -O2 -ffunction-sections -fdata-sections -Wall -fstack-usage -fcyclomatic-complexity -MMD -MP -MF"Core/Src/connection.d" -MT"Core/Src/connection.o" --specs=nano.specs -mfloat-abi=soft -mthumb -o "Core/Src/connection.o"
arm-none-eabi-gcc -o "main.elf" @"objects.list"   -mcpu=cortex-m0plus -T"D:\Firmware\src\STM32\main\STM32C011F4PX_FLASH.ld" --specs=nosys.specs -Wl,-Map="main.map" -Wl,--gc-sections -static --specs=nano.specs -mfloat-abi=soft -mthumb -Wl,--start-group -lc -lm -Wl,--end-group
Finished building target: main.elf
 
arm-none-eabi-size  main.elf 
arm-none-eabi-objdump -h -S main.elf  > "main.list"
   text	   data	    bss	    dec	    hex	filename
  14792	     92	   2124	  17008	   4270	main.elf
Finished building: default.size.stdout
 
Finished building: main.list
 
20:32:54 **** Incremental Build of configuration Debug for project main ****
make -j8 all 
arm-none-eabi-g++ "../Core/Src/connection.c" -mcpu=cortex-m0plus -DDEBUG -DSTM32C011x4 -DUSE_HAL_DRIVER -DSTM32C011xx -c -I../Core/Inc -I../Drivers/STM32C0xx_HAL_Driver/Inc -I../Drivers/STM32C0xx_HAL_Driver/Inc/Legacy -I../Drivers/CMSIS/Device/ST/STM32C0xx/Include -I../Drivers/CMSIS/Include -I../Core/Src -I"D:/Firmware/src/STM32/main/Core/Src" -I"D:/Firmware/src/STM32/main/Core/Inc" -include../Core/Inc/connection.h -O2 -ffunction-sections -fdata-sections -Wall -fstack-usage -fcyclomatic-complexity -MMD -MP -MF"Core/Src/connection.d" -MT"Core/Src/connection.o" --specs=nano.specs -mfloat-abi=soft -mthumb -o "Core/Src/connection.o"
arm-none-eabi-gcc -o "main.elf" @"objects.list"   -mcpu=cortex-m0plus -T"D:\Firmware\src\STM32\main\STM32C011F4PX_FLASH.ld" --specs=nosys.specs -Wl,-Map="main.map" -Wl,--gc-sections -static --specs=nano.specs -mfloat-abi=soft -mthumb -Wl,--start-group -lc -lm -Wl,--end-group
Finished building target: main.elf
 
arm-none-eabi-size  main.elf 
arm-none-eabi-objdump -h -S main.elf  > "main.list"
   text	   data	    bss	    dec	    hex	filename
  14792	     92	   2124	  17008	   4270	main.elf
Finished building: default.size.stdout
 
Finished building: main.list
 
20:40:14 **** Incremental Build of configuration Debug for project main ****
make -j8 all 
arm-none-eabi-g++ "../Core/Src/connection.c" -mcpu=cortex-m0plus -DDEBUG -DSTM32C011x4 -DUSE_HAL_DRIVER -DSTM32C011xx -c -I../Core/Inc -I../Drivers/STM32C0xx_HAL_Driver/Inc -I../Drivers/STM32C0xx_HAL_Driver/Inc/Legacy -I../Drivers/CMSIS/Device/ST/STM32C0xx/Include -I../Drivers/CMSIS/Include -I../Core/Src -I"D:/Firmware/src/STM32/main/Core/Src" -I"D:/Firmware/src/STM32/main/Core/Inc" -include../Core/Inc/connection.h -O2 -ffunction-sections -fdata-sections -Wall -fstack-usage -fcyclomatic-complexity -MMD -MP -MF"Core/Src/connection.d" -MT"Core/Src/connection.o" --specs=nano.specs -mfloat-abi=soft -mthumb -o "Core/Src/connection.o"
arm-none-eabi-gcc -o "main.elf" @"objects.list"   -mcpu=cortex-m0plus -T"D:\Firmware\src\STM32\main\STM32C011F4PX_FLASH.ld" --specs=nosys.specs -Wl,-Map="main.map" -Wl,--gc-sections -static --specs=nano.specs -mfloat-abi=soft -mthumb -Wl,--start-group -lc -lm -Wl,--end-group
Finished building target: main.elf
 
arm-none-eabi-size  main.elf 
arm-none-eabi-objdump -h -S main.elf  > "main.list"
   text	   data	    bss	    dec	    hex	filename
  14792	     92	   2124	  17008	   4270	main.elf
Finished building: default.size.stdout
 
Finished building: main.list
 
