08:57:42 **** Incremental Build of configuration Debug for project main ****
make -j8 all 
arm-none-eabi-gcc "../Core/Src/connection.c" -mcpu=cortex-m0plus -std=gnu11 -g3 -DDEBUG -DSTM32C011x4 -DUSE_HAL_DRIVER -DSTM32C011xx -c -I../Core/Inc -I../Drivers/STM32C0xx_HAL_Driver/Inc -I../Drivers/STM32C0xx_HAL_Driver/Inc/Legacy -I../Drivers/CMSIS/Device/ST/STM32C0xx/Include -I../Drivers/CMSIS/Include -O0 -ffunction-sections -fdata-sections -Wall -fstack-usage -fcyclomatic-complexity -MMD -MP -MF"Core/Src/connection.d" -MT"Core/Src/connection.o" --specs=nano.specs -mfloat-abi=soft -mthumb -o "Core/Src/connection.o"
arm-none-eabi-gcc "../Core/Src/initial_operation.c" -mcpu=cortex-m0plus -std=gnu11 -g3 -DDEBUG -DSTM32C011x4 -DUSE_HAL_DRIVER -DSTM32C011xx -c -I../Core/Inc -I../Drivers/STM32C0xx_HAL_Driver/Inc -I../Drivers/STM32C0xx_HAL_Driver/Inc/Legacy -I../Drivers/CMSIS/Device/ST/STM32C0xx/Include -I../Drivers/CMSIS/Include -O0 -ffunction-sections -fdata-sections -Wall -fstack-usage -fcyclomatic-complexity -MMD -MP -MF"Core/Src/initial_operation.d" -MT"Core/Src/initial_operation.o" --specs=nano.specs -mfloat-abi=soft -mthumb -o "Core/Src/initial_operation.o"
arm-none-eabi-gcc -o "main.elf" @"objects.list"   -mcpu=cortex-m0plus -T"D:\Firmware\src\STM32\main\STM32C011F4PX_FLASH.ld" --specs=nosys.specs -Wl,-Map="main.map" -Wl,--gc-sections -static --specs=nano.specs -mfloat-abi=soft -mthumb -Wl,--start-group -lc -lm -Wl,--end-group
Finished building target: main.elf
 
arm-none-eabi-size  main.elf 
arm-none-eabi-objdump -h -S main.elf  > "main.list"
   text	   data	    bss	    dec	    hex	filename
  12860	     12	   1652	  14524	   38bc	main.elf
Finished building: default.size.stdout
 
Finished building: main.list
 

08:57:45 Build Finished. 0 errors, 0 warnings. (took 2s.943ms)

